[0.174s] DEBUG:colcon:Command line arguments: ['/usr/bin/colcon', 'build']
[0.174s] DEBUG:colcon:Parsed command line arguments: Namespace(log_base=None, log_level=None, verb_name='build', build_base='build', install_base='install', merge_install=False, symlink_install=False, test_result_base=None, continue_on_error=False, executor='parallel', parallel_workers=20, event_handlers=None, ignore_user_meta=False, metas=['./colcon.meta'], base_paths=['.'], packages_ignore=None, packages_ignore_regex=None, paths=None, packages_up_to=None, packages_up_to_regex=None, packages_above=None, packages_above_and_dependencies=None, packages_above_depth=None, packages_select_by_dep=None, packages_skip_by_dep=None, packages_skip_up_to=None, packages_select_build_failed=False, packages_skip_build_finished=False, packages_select_test_failures=False, packages_skip_test_passed=False, packages_select=None, packages_skip=None, packages_select_regex=None, packages_skip_regex=None, packages_start=None, packages_end=None, allow_overriding=[], cmake_args=None, cmake_target=None, cmake_target_skip_unavailable=False, cmake_clean_cache=False, cmake_clean_first=False, cmake_force_configure=False, ament_cmake_args=None, catkin_cmake_args=None, catkin_skip_building_tests=False, verb_parser=<colcon_defaults.argument_parser.defaults.DefaultArgumentsDecorator object at 0x7f9535b195a0>, verb_extension=<colcon_core.verb.build.BuildVerb object at 0x7f95364d2350>, main=<bound method BuildVerb.main of <colcon_core.verb.build.BuildVerb object at 0x7f95364d2350>>)
[0.187s] Level 1:colcon.colcon_core.package_discovery:discover_packages(colcon_meta) check parameters
[0.187s] Level 1:colcon.colcon_core.package_discovery:discover_packages(recursive) check parameters
[0.187s] Level 1:colcon.colcon_core.package_discovery:discover_packages(ignore) check parameters
[0.187s] Level 1:colcon.colcon_core.package_discovery:discover_packages(path) check parameters
[0.187s] Level 1:colcon.colcon_core.package_discovery:discover_packages(colcon_meta) discover
[0.187s] Level 1:colcon.colcon_core.package_discovery:discover_packages(recursive) discover
[0.187s] INFO:colcon.colcon_core.package_discovery:Crawling recursively for packages in '/home/bakerherrin/ROS2-Gesture-Detection/src'
[0.187s] Level 1:colcon.colcon_core.package_identification:_identify(.) by extensions ['ignore', 'ignore_ament_install']
[0.187s] Level 1:colcon.colcon_core.package_identification:_identify(.) by extension 'ignore'
[0.187s] Level 1:colcon.colcon_core.package_identification:_identify(.) by extension 'ignore_ament_install'
[0.187s] Level 1:colcon.colcon_core.package_identification:_identify(.) by extensions ['colcon_pkg']
[0.187s] Level 1:colcon.colcon_core.package_identification:_identify(.) by extension 'colcon_pkg'
[0.187s] Level 1:colcon.colcon_core.package_identification:_identify(.) by extensions ['colcon_meta']
[0.187s] Level 1:colcon.colcon_core.package_identification:_identify(.) by extension 'colcon_meta'
[0.187s] Level 1:colcon.colcon_core.package_identification:_identify(.) by extensions ['ros']
[0.187s] Level 1:colcon.colcon_core.package_identification:_identify(.) by extension 'ros'
[0.199s] Level 1:colcon.colcon_core.package_identification:_identify(.) by extensions ['cmake', 'python']
[0.199s] Level 1:colcon.colcon_core.package_identification:_identify(.) by extension 'cmake'
[0.199s] Level 1:colcon.colcon_core.package_identification:_identify(.) by extension 'python'
[0.199s] Level 1:colcon.colcon_core.package_identification:_identify(.) by extensions ['python_setup_py']
[0.199s] Level 1:colcon.colcon_core.package_identification:_identify(.) by extension 'python_setup_py'
[0.199s] Level 1:colcon.colcon_core.package_identification:_identify(build) by extensions ['ignore', 'ignore_ament_install']
[0.199s] Level 1:colcon.colcon_core.package_identification:_identify(build) by extension 'ignore'
[0.199s] Level 1:colcon.colcon_core.package_identification:_identify(build) ignored
[0.199s] Level 1:colcon.colcon_core.package_identification:_identify(camera_pkg) by extensions ['ignore', 'ignore_ament_install']
[0.199s] Level 1:colcon.colcon_core.package_identification:_identify(camera_pkg) by extension 'ignore'
[0.199s] Level 1:colcon.colcon_core.package_identification:_identify(camera_pkg) by extension 'ignore_ament_install'
[0.199s] Level 1:colcon.colcon_core.package_identification:_identify(camera_pkg) by extensions ['colcon_pkg']
[0.199s] Level 1:colcon.colcon_core.package_identification:_identify(camera_pkg) by extension 'colcon_pkg'
[0.199s] Level 1:colcon.colcon_core.package_identification:_identify(camera_pkg) by extensions ['colcon_meta']
[0.199s] Level 1:colcon.colcon_core.package_identification:_identify(camera_pkg) by extension 'colcon_meta'
[0.199s] Level 1:colcon.colcon_core.package_identification:_identify(camera_pkg) by extensions ['ros']
[0.199s] Level 1:colcon.colcon_core.package_identification:_identify(camera_pkg) by extension 'ros'
[0.200s] DEBUG:colcon.colcon_core.package_identification:Failed to parse potential ROS package manifest in'camera_pkg': Error(s) in package 'camera_pkg/package.xml':
The manifest must not contain more than one "export" tags
[0.200s] Level 1:colcon.colcon_core.package_identification:_identify(camera_pkg) by extensions ['cmake', 'python']
[0.200s] Level 1:colcon.colcon_core.package_identification:_identify(camera_pkg) by extension 'cmake'
[0.200s] Level 1:colcon.colcon_core.package_identification:_identify(camera_pkg) by extension 'python'
[0.200s] DEBUG:colcon.colcon_core.package_identification:Python package in 'camera_pkg' passes arguments to the setup() function which requires a different identification extension than 'python'
[0.200s] Level 1:colcon.colcon_core.package_identification:_identify(camera_pkg) by extensions ['python_setup_py']
[0.200s] Level 1:colcon.colcon_core.package_identification:_identify(camera_pkg) by extension 'python_setup_py'
[0.337s] DEBUG:colcon.colcon_core.package_identification:Package 'camera_pkg' with type 'python' and name 'camera_pkg'
[0.337s] Level 1:colcon.colcon_core.package_identification:_identify(install) by extensions ['ignore', 'ignore_ament_install']
[0.337s] Level 1:colcon.colcon_core.package_identification:_identify(install) by extension 'ignore'
[0.337s] Level 1:colcon.colcon_core.package_identification:_identify(install) ignored
[0.338s] Level 1:colcon.colcon_core.package_identification:_identify(landmark_data_holistic) by extensions ['ignore', 'ignore_ament_install']
[0.338s] Level 1:colcon.colcon_core.package_identification:_identify(landmark_data_holistic) by extension 'ignore'
[0.338s] Level 1:colcon.colcon_core.package_identification:_identify(landmark_data_holistic) by extension 'ignore_ament_install'
[0.338s] Level 1:colcon.colcon_core.package_identification:_identify(landmark_data_holistic) by extensions ['colcon_pkg']
[0.338s] Level 1:colcon.colcon_core.package_identification:_identify(landmark_data_holistic) by extension 'colcon_pkg'
[0.338s] Level 1:colcon.colcon_core.package_identification:_identify(landmark_data_holistic) by extensions ['colcon_meta']
[0.338s] Level 1:colcon.colcon_core.package_identification:_identify(landmark_data_holistic) by extension 'colcon_meta'
[0.338s] Level 1:colcon.colcon_core.package_identification:_identify(landmark_data_holistic) by extensions ['ros']
[0.338s] Level 1:colcon.colcon_core.package_identification:_identify(landmark_data_holistic) by extension 'ros'
[0.338s] Level 1:colcon.colcon_core.package_identification:_identify(landmark_data_holistic) by extensions ['cmake', 'python']
[0.338s] Level 1:colcon.colcon_core.package_identification:_identify(landmark_data_holistic) by extension 'cmake'
[0.338s] Level 1:colcon.colcon_core.package_identification:_identify(landmark_data_holistic) by extension 'python'
[0.338s] Level 1:colcon.colcon_core.package_identification:_identify(landmark_data_holistic) by extensions ['python_setup_py']
[0.338s] Level 1:colcon.colcon_core.package_identification:_identify(landmark_data_holistic) by extension 'python_setup_py'
[0.338s] Level 1:colcon.colcon_core.package_identification:_identify(landmark_data_holistic/ASCEND) by extensions ['ignore', 'ignore_ament_install']
[0.338s] Level 1:colcon.colcon_core.package_identification:_identify(landmark_data_holistic/ASCEND) by extension 'ignore'
[0.338s] Level 1:colcon.colcon_core.package_identification:_identify(landmark_data_holistic/ASCEND) by extension 'ignore_ament_install'
[0.338s] Level 1:colcon.colcon_core.package_identification:_identify(landmark_data_holistic/ASCEND) by extensions ['colcon_pkg']
[0.338s] Level 1:colcon.colcon_core.package_identification:_identify(landmark_data_holistic/ASCEND) by extension 'colcon_pkg'
[0.338s] Level 1:colcon.colcon_core.package_identification:_identify(landmark_data_holistic/ASCEND) by extensions ['colcon_meta']
[0.338s] Level 1:colcon.colcon_core.package_identification:_identify(landmark_data_holistic/ASCEND) by extension 'colcon_meta'
[0.338s] Level 1:colcon.colcon_core.package_identification:_identify(landmark_data_holistic/ASCEND) by extensions ['ros']
[0.338s] Level 1:colcon.colcon_core.package_identification:_identify(landmark_data_holistic/ASCEND) by extension 'ros'
[0.338s] Level 1:colcon.colcon_core.package_identification:_identify(landmark_data_holistic/ASCEND) by extensions ['cmake', 'python']
[0.338s] Level 1:colcon.colcon_core.package_identification:_identify(landmark_data_holistic/ASCEND) by extension 'cmake'
[0.338s] Level 1:colcon.colcon_core.package_identification:_identify(landmark_data_holistic/ASCEND) by extension 'python'
[0.338s] Level 1:colcon.colcon_core.package_identification:_identify(landmark_data_holistic/ASCEND) by extensions ['python_setup_py']
[0.338s] Level 1:colcon.colcon_core.package_identification:_identify(landmark_data_holistic/ASCEND) by extension 'python_setup_py'
[0.338s] Level 1:colcon.colcon_core.package_identification:_identify(landmark_data_holistic/BUDDY_UP) by extensions ['ignore', 'ignore_ament_install']
[0.338s] Level 1:colcon.colcon_core.package_identification:_identify(landmark_data_holistic/BUDDY_UP) by extension 'ignore'
[0.338s] Level 1:colcon.colcon_core.package_identification:_identify(landmark_data_holistic/BUDDY_UP) by extension 'ignore_ament_install'
[0.338s] Level 1:colcon.colcon_core.package_identification:_identify(landmark_data_holistic/BUDDY_UP) by extensions ['colcon_pkg']
[0.338s] Level 1:colcon.colcon_core.package_identification:_identify(landmark_data_holistic/BUDDY_UP) by extension 'colcon_pkg'
[0.338s] Level 1:colcon.colcon_core.package_identification:_identify(landmark_data_holistic/BUDDY_UP) by extensions ['colcon_meta']
[0.338s] Level 1:colcon.colcon_core.package_identification:_identify(landmark_data_holistic/BUDDY_UP) by extension 'colcon_meta'
[0.338s] Level 1:colcon.colcon_core.package_identification:_identify(landmark_data_holistic/BUDDY_UP) by extensions ['ros']
[0.338s] Level 1:colcon.colcon_core.package_identification:_identify(landmark_data_holistic/BUDDY_UP) by extension 'ros'
[0.338s] Level 1:colcon.colcon_core.package_identification:_identify(landmark_data_holistic/BUDDY_UP) by extensions ['cmake', 'python']
[0.338s] Level 1:colcon.colcon_core.package_identification:_identify(landmark_data_holistic/BUDDY_UP) by extension 'cmake'
[0.338s] Level 1:colcon.colcon_core.package_identification:_identify(landmark_data_holistic/BUDDY_UP) by extension 'python'
[0.338s] Level 1:colcon.colcon_core.package_identification:_identify(landmark_data_holistic/BUDDY_UP) by extensions ['python_setup_py']
[0.338s] Level 1:colcon.colcon_core.package_identification:_identify(landmark_data_holistic/BUDDY_UP) by extension 'python_setup_py'
[0.338s] Level 1:colcon.colcon_core.package_identification:_identify(landmark_data_holistic/DESCEND) by extensions ['ignore', 'ignore_ament_install']
[0.338s] Level 1:colcon.colcon_core.package_identification:_identify(landmark_data_holistic/DESCEND) by extension 'ignore'
[0.338s] Level 1:colcon.colcon_core.package_identification:_identify(landmark_data_holistic/DESCEND) by extension 'ignore_ament_install'
[0.338s] Level 1:colcon.colcon_core.package_identification:_identify(landmark_data_holistic/DESCEND) by extensions ['colcon_pkg']
[0.338s] Level 1:colcon.colcon_core.package_identification:_identify(landmark_data_holistic/DESCEND) by extension 'colcon_pkg'
[0.339s] Level 1:colcon.colcon_core.package_identification:_identify(landmark_data_holistic/DESCEND) by extensions ['colcon_meta']
[0.339s] Level 1:colcon.colcon_core.package_identification:_identify(landmark_data_holistic/DESCEND) by extension 'colcon_meta'
[0.339s] Level 1:colcon.colcon_core.package_identification:_identify(landmark_data_holistic/DESCEND) by extensions ['ros']
[0.339s] Level 1:colcon.colcon_core.package_identification:_identify(landmark_data_holistic/DESCEND) by extension 'ros'
[0.339s] Level 1:colcon.colcon_core.package_identification:_identify(landmark_data_holistic/DESCEND) by extensions ['cmake', 'python']
[0.339s] Level 1:colcon.colcon_core.package_identification:_identify(landmark_data_holistic/DESCEND) by extension 'cmake'
[0.339s] Level 1:colcon.colcon_core.package_identification:_identify(landmark_data_holistic/DESCEND) by extension 'python'
[0.339s] Level 1:colcon.colcon_core.package_identification:_identify(landmark_data_holistic/DESCEND) by extensions ['python_setup_py']
[0.339s] Level 1:colcon.colcon_core.package_identification:_identify(landmark_data_holistic/DESCEND) by extension 'python_setup_py'
[0.339s] Level 1:colcon.colcon_core.package_identification:_identify(landmark_data_holistic/FOLLOW_ME) by extensions ['ignore', 'ignore_ament_install']
[0.339s] Level 1:colcon.colcon_core.package_identification:_identify(landmark_data_holistic/FOLLOW_ME) by extension 'ignore'
[0.339s] Level 1:colcon.colcon_core.package_identification:_identify(landmark_data_holistic/FOLLOW_ME) by extension 'ignore_ament_install'
[0.339s] Level 1:colcon.colcon_core.package_identification:_identify(landmark_data_holistic/FOLLOW_ME) by extensions ['colcon_pkg']
[0.339s] Level 1:colcon.colcon_core.package_identification:_identify(landmark_data_holistic/FOLLOW_ME) by extension 'colcon_pkg'
[0.339s] Level 1:colcon.colcon_core.package_identification:_identify(landmark_data_holistic/FOLLOW_ME) by extensions ['colcon_meta']
[0.339s] Level 1:colcon.colcon_core.package_identification:_identify(landmark_data_holistic/FOLLOW_ME) by extension 'colcon_meta'
[0.339s] Level 1:colcon.colcon_core.package_identification:_identify(landmark_data_holistic/FOLLOW_ME) by extensions ['ros']
[0.339s] Level 1:colcon.colcon_core.package_identification:_identify(landmark_data_holistic/FOLLOW_ME) by extension 'ros'
[0.339s] Level 1:colcon.colcon_core.package_identification:_identify(landmark_data_holistic/FOLLOW_ME) by extensions ['cmake', 'python']
[0.339s] Level 1:colcon.colcon_core.package_identification:_identify(landmark_data_holistic/FOLLOW_ME) by extension 'cmake'
[0.339s] Level 1:colcon.colcon_core.package_identification:_identify(landmark_data_holistic/FOLLOW_ME) by extension 'python'
[0.339s] Level 1:colcon.colcon_core.package_identification:_identify(landmark_data_holistic/FOLLOW_ME) by extensions ['python_setup_py']
[0.339s] Level 1:colcon.colcon_core.package_identification:_identify(landmark_data_holistic/FOLLOW_ME) by extension 'python_setup_py'
[0.339s] Level 1:colcon.colcon_core.package_identification:_identify(landmark_data_holistic/ME) by extensions ['ignore', 'ignore_ament_install']
[0.339s] Level 1:colcon.colcon_core.package_identification:_identify(landmark_data_holistic/ME) by extension 'ignore'
[0.339s] Level 1:colcon.colcon_core.package_identification:_identify(landmark_data_holistic/ME) by extension 'ignore_ament_install'
[0.339s] Level 1:colcon.colcon_core.package_identification:_identify(landmark_data_holistic/ME) by extensions ['colcon_pkg']
[0.339s] Level 1:colcon.colcon_core.package_identification:_identify(landmark_data_holistic/ME) by extension 'colcon_pkg'
[0.339s] Level 1:colcon.colcon_core.package_identification:_identify(landmark_data_holistic/ME) by extensions ['colcon_meta']
[0.339s] Level 1:colcon.colcon_core.package_identification:_identify(landmark_data_holistic/ME) by extension 'colcon_meta'
[0.339s] Level 1:colcon.colcon_core.package_identification:_identify(landmark_data_holistic/ME) by extensions ['ros']
[0.339s] Level 1:colcon.colcon_core.package_identification:_identify(landmark_data_holistic/ME) by extension 'ros'
[0.339s] Level 1:colcon.colcon_core.package_identification:_identify(landmark_data_holistic/ME) by extensions ['cmake', 'python']
[0.339s] Level 1:colcon.colcon_core.package_identification:_identify(landmark_data_holistic/ME) by extension 'cmake'
[0.339s] Level 1:colcon.colcon_core.package_identification:_identify(landmark_data_holistic/ME) by extension 'python'
[0.339s] Level 1:colcon.colcon_core.package_identification:_identify(landmark_data_holistic/ME) by extensions ['python_setup_py']
[0.339s] Level 1:colcon.colcon_core.package_identification:_identify(landmark_data_holistic/ME) by extension 'python_setup_py'
[0.339s] Level 1:colcon.colcon_core.package_identification:_identify(landmark_data_holistic/OK) by extensions ['ignore', 'ignore_ament_install']
[0.339s] Level 1:colcon.colcon_core.package_identification:_identify(landmark_data_holistic/OK) by extension 'ignore'
[0.339s] Level 1:colcon.colcon_core.package_identification:_identify(landmark_data_holistic/OK) by extension 'ignore_ament_install'
[0.339s] Level 1:colcon.colcon_core.package_identification:_identify(landmark_data_holistic/OK) by extensions ['colcon_pkg']
[0.339s] Level 1:colcon.colcon_core.package_identification:_identify(landmark_data_holistic/OK) by extension 'colcon_pkg'
[0.339s] Level 1:colcon.colcon_core.package_identification:_identify(landmark_data_holistic/OK) by extensions ['colcon_meta']
[0.339s] Level 1:colcon.colcon_core.package_identification:_identify(landmark_data_holistic/OK) by extension 'colcon_meta'
[0.339s] Level 1:colcon.colcon_core.package_identification:_identify(landmark_data_holistic/OK) by extensions ['ros']
[0.339s] Level 1:colcon.colcon_core.package_identification:_identify(landmark_data_holistic/OK) by extension 'ros'
[0.339s] Level 1:colcon.colcon_core.package_identification:_identify(landmark_data_holistic/OK) by extensions ['cmake', 'python']
[0.339s] Level 1:colcon.colcon_core.package_identification:_identify(landmark_data_holistic/OK) by extension 'cmake'
[0.339s] Level 1:colcon.colcon_core.package_identification:_identify(landmark_data_holistic/OK) by extension 'python'
[0.339s] Level 1:colcon.colcon_core.package_identification:_identify(landmark_data_holistic/OK) by extensions ['python_setup_py']
[0.339s] Level 1:colcon.colcon_core.package_identification:_identify(landmark_data_holistic/OK) by extension 'python_setup_py'
[0.339s] Level 1:colcon.colcon_core.package_identification:_identify(landmark_data_holistic/STAY) by extensions ['ignore', 'ignore_ament_install']
[0.340s] Level 1:colcon.colcon_core.package_identification:_identify(landmark_data_holistic/STAY) by extension 'ignore'
[0.340s] Level 1:colcon.colcon_core.package_identification:_identify(landmark_data_holistic/STAY) by extension 'ignore_ament_install'
[0.340s] Level 1:colcon.colcon_core.package_identification:_identify(landmark_data_holistic/STAY) by extensions ['colcon_pkg']
[0.340s] Level 1:colcon.colcon_core.package_identification:_identify(landmark_data_holistic/STAY) by extension 'colcon_pkg'
[0.340s] Level 1:colcon.colcon_core.package_identification:_identify(landmark_data_holistic/STAY) by extensions ['colcon_meta']
[0.340s] Level 1:colcon.colcon_core.package_identification:_identify(landmark_data_holistic/STAY) by extension 'colcon_meta'
[0.340s] Level 1:colcon.colcon_core.package_identification:_identify(landmark_data_holistic/STAY) by extensions ['ros']
[0.340s] Level 1:colcon.colcon_core.package_identification:_identify(landmark_data_holistic/STAY) by extension 'ros'
[0.340s] Level 1:colcon.colcon_core.package_identification:_identify(landmark_data_holistic/STAY) by extensions ['cmake', 'python']
[0.340s] Level 1:colcon.colcon_core.package_identification:_identify(landmark_data_holistic/STAY) by extension 'cmake'
[0.340s] Level 1:colcon.colcon_core.package_identification:_identify(landmark_data_holistic/STAY) by extension 'python'
[0.340s] Level 1:colcon.colcon_core.package_identification:_identify(landmark_data_holistic/STAY) by extensions ['python_setup_py']
[0.340s] Level 1:colcon.colcon_core.package_identification:_identify(landmark_data_holistic/STAY) by extension 'python_setup_py'
[0.340s] Level 1:colcon.colcon_core.package_identification:_identify(landmark_data_holistic/STOP) by extensions ['ignore', 'ignore_ament_install']
[0.340s] Level 1:colcon.colcon_core.package_identification:_identify(landmark_data_holistic/STOP) by extension 'ignore'
[0.340s] Level 1:colcon.colcon_core.package_identification:_identify(landmark_data_holistic/STOP) by extension 'ignore_ament_install'
[0.340s] Level 1:colcon.colcon_core.package_identification:_identify(landmark_data_holistic/STOP) by extensions ['colcon_pkg']
[0.340s] Level 1:colcon.colcon_core.package_identification:_identify(landmark_data_holistic/STOP) by extension 'colcon_pkg'
[0.340s] Level 1:colcon.colcon_core.package_identification:_identify(landmark_data_holistic/STOP) by extensions ['colcon_meta']
[0.340s] Level 1:colcon.colcon_core.package_identification:_identify(landmark_data_holistic/STOP) by extension 'colcon_meta'
[0.340s] Level 1:colcon.colcon_core.package_identification:_identify(landmark_data_holistic/STOP) by extensions ['ros']
[0.340s] Level 1:colcon.colcon_core.package_identification:_identify(landmark_data_holistic/STOP) by extension 'ros'
[0.340s] Level 1:colcon.colcon_core.package_identification:_identify(landmark_data_holistic/STOP) by extensions ['cmake', 'python']
[0.340s] Level 1:colcon.colcon_core.package_identification:_identify(landmark_data_holistic/STOP) by extension 'cmake'
[0.340s] Level 1:colcon.colcon_core.package_identification:_identify(landmark_data_holistic/STOP) by extension 'python'
[0.340s] Level 1:colcon.colcon_core.package_identification:_identify(landmark_data_holistic/STOP) by extensions ['python_setup_py']
[0.340s] Level 1:colcon.colcon_core.package_identification:_identify(landmark_data_holistic/STOP) by extension 'python_setup_py'
[0.340s] Level 1:colcon.colcon_core.package_identification:_identify(landmark_data_holistic/ToLeft) by extensions ['ignore', 'ignore_ament_install']
[0.340s] Level 1:colcon.colcon_core.package_identification:_identify(landmark_data_holistic/ToLeft) by extension 'ignore'
[0.340s] Level 1:colcon.colcon_core.package_identification:_identify(landmark_data_holistic/ToLeft) by extension 'ignore_ament_install'
[0.340s] Level 1:colcon.colcon_core.package_identification:_identify(landmark_data_holistic/ToLeft) by extensions ['colcon_pkg']
[0.340s] Level 1:colcon.colcon_core.package_identification:_identify(landmark_data_holistic/ToLeft) by extension 'colcon_pkg'
[0.340s] Level 1:colcon.colcon_core.package_identification:_identify(landmark_data_holistic/ToLeft) by extensions ['colcon_meta']
[0.340s] Level 1:colcon.colcon_core.package_identification:_identify(landmark_data_holistic/ToLeft) by extension 'colcon_meta'
[0.340s] Level 1:colcon.colcon_core.package_identification:_identify(landmark_data_holistic/ToLeft) by extensions ['ros']
[0.340s] Level 1:colcon.colcon_core.package_identification:_identify(landmark_data_holistic/ToLeft) by extension 'ros'
[0.340s] Level 1:colcon.colcon_core.package_identification:_identify(landmark_data_holistic/ToLeft) by extensions ['cmake', 'python']
[0.341s] Level 1:colcon.colcon_core.package_identification:_identify(landmark_data_holistic/ToLeft) by extension 'cmake'
[0.341s] Level 1:colcon.colcon_core.package_identification:_identify(landmark_data_holistic/ToLeft) by extension 'python'
[0.341s] Level 1:colcon.colcon_core.package_identification:_identify(landmark_data_holistic/ToLeft) by extensions ['python_setup_py']
[0.341s] Level 1:colcon.colcon_core.package_identification:_identify(landmark_data_holistic/ToLeft) by extension 'python_setup_py'
[0.341s] Level 1:colcon.colcon_core.package_identification:_identify(landmark_data_holistic/ToRight) by extensions ['ignore', 'ignore_ament_install']
[0.341s] Level 1:colcon.colcon_core.package_identification:_identify(landmark_data_holistic/ToRight) by extension 'ignore'
[0.341s] Level 1:colcon.colcon_core.package_identification:_identify(landmark_data_holistic/ToRight) by extension 'ignore_ament_install'
[0.341s] Level 1:colcon.colcon_core.package_identification:_identify(landmark_data_holistic/ToRight) by extensions ['colcon_pkg']
[0.341s] Level 1:colcon.colcon_core.package_identification:_identify(landmark_data_holistic/ToRight) by extension 'colcon_pkg'
[0.341s] Level 1:colcon.colcon_core.package_identification:_identify(landmark_data_holistic/ToRight) by extensions ['colcon_meta']
[0.341s] Level 1:colcon.colcon_core.package_identification:_identify(landmark_data_holistic/ToRight) by extension 'colcon_meta'
[0.341s] Level 1:colcon.colcon_core.package_identification:_identify(landmark_data_holistic/ToRight) by extensions ['ros']
[0.341s] Level 1:colcon.colcon_core.package_identification:_identify(landmark_data_holistic/ToRight) by extension 'ros'
[0.341s] Level 1:colcon.colcon_core.package_identification:_identify(landmark_data_holistic/ToRight) by extensions ['cmake', 'python']
[0.341s] Level 1:colcon.colcon_core.package_identification:_identify(landmark_data_holistic/ToRight) by extension 'cmake'
[0.341s] Level 1:colcon.colcon_core.package_identification:_identify(landmark_data_holistic/ToRight) by extension 'python'
[0.341s] Level 1:colcon.colcon_core.package_identification:_identify(landmark_data_holistic/ToRight) by extensions ['python_setup_py']
[0.341s] Level 1:colcon.colcon_core.package_identification:_identify(landmark_data_holistic/ToRight) by extension 'python_setup_py'
[0.341s] Level 1:colcon.colcon_core.package_identification:_identify(landmark_data_holistic/YOU) by extensions ['ignore', 'ignore_ament_install']
[0.341s] Level 1:colcon.colcon_core.package_identification:_identify(landmark_data_holistic/YOU) by extension 'ignore'
[0.341s] Level 1:colcon.colcon_core.package_identification:_identify(landmark_data_holistic/YOU) by extension 'ignore_ament_install'
[0.341s] Level 1:colcon.colcon_core.package_identification:_identify(landmark_data_holistic/YOU) by extensions ['colcon_pkg']
[0.341s] Level 1:colcon.colcon_core.package_identification:_identify(landmark_data_holistic/YOU) by extension 'colcon_pkg'
[0.341s] Level 1:colcon.colcon_core.package_identification:_identify(landmark_data_holistic/YOU) by extensions ['colcon_meta']
[0.341s] Level 1:colcon.colcon_core.package_identification:_identify(landmark_data_holistic/YOU) by extension 'colcon_meta'
[0.341s] Level 1:colcon.colcon_core.package_identification:_identify(landmark_data_holistic/YOU) by extensions ['ros']
[0.341s] Level 1:colcon.colcon_core.package_identification:_identify(landmark_data_holistic/YOU) by extension 'ros'
[0.341s] Level 1:colcon.colcon_core.package_identification:_identify(landmark_data_holistic/YOU) by extensions ['cmake', 'python']
[0.341s] Level 1:colcon.colcon_core.package_identification:_identify(landmark_data_holistic/YOU) by extension 'cmake'
[0.341s] Level 1:colcon.colcon_core.package_identification:_identify(landmark_data_holistic/YOU) by extension 'python'
[0.341s] Level 1:colcon.colcon_core.package_identification:_identify(landmark_data_holistic/YOU) by extensions ['python_setup_py']
[0.341s] Level 1:colcon.colcon_core.package_identification:_identify(landmark_data_holistic/YOU) by extension 'python_setup_py'
[0.341s] Level 1:colcon.colcon_core.package_identification:_identify(log) by extensions ['ignore', 'ignore_ament_install']
[0.341s] Level 1:colcon.colcon_core.package_identification:_identify(log) by extension 'ignore'
[0.341s] Level 1:colcon.colcon_core.package_identification:_identify(log) ignored
[0.341s] Level 1:colcon.colcon_core.package_identification:_identify(perception_pkg) by extensions ['ignore', 'ignore_ament_install']
[0.341s] Level 1:colcon.colcon_core.package_identification:_identify(perception_pkg) by extension 'ignore'
[0.341s] Level 1:colcon.colcon_core.package_identification:_identify(perception_pkg) by extension 'ignore_ament_install'
[0.341s] Level 1:colcon.colcon_core.package_identification:_identify(perception_pkg) by extensions ['colcon_pkg']
[0.341s] Level 1:colcon.colcon_core.package_identification:_identify(perception_pkg) by extension 'colcon_pkg'
[0.341s] Level 1:colcon.colcon_core.package_identification:_identify(perception_pkg) by extensions ['colcon_meta']
[0.341s] Level 1:colcon.colcon_core.package_identification:_identify(perception_pkg) by extension 'colcon_meta'
[0.341s] Level 1:colcon.colcon_core.package_identification:_identify(perception_pkg) by extensions ['ros']
[0.341s] Level 1:colcon.colcon_core.package_identification:_identify(perception_pkg) by extension 'ros'
[0.342s] DEBUG:colcon.colcon_core.package_identification:Package 'perception_pkg' with type 'ros.ament_python' and name 'perception_pkg'
[0.342s] Level 1:colcon.colcon_core.package_identification:_identify(visualization_pkg) by extensions ['ignore', 'ignore_ament_install']
[0.342s] Level 1:colcon.colcon_core.package_identification:_identify(visualization_pkg) by extension 'ignore'
[0.342s] Level 1:colcon.colcon_core.package_identification:_identify(visualization_pkg) by extension 'ignore_ament_install'
[0.342s] Level 1:colcon.colcon_core.package_identification:_identify(visualization_pkg) by extensions ['colcon_pkg']
[0.342s] Level 1:colcon.colcon_core.package_identification:_identify(visualization_pkg) by extension 'colcon_pkg'
[0.342s] Level 1:colcon.colcon_core.package_identification:_identify(visualization_pkg) by extensions ['colcon_meta']
[0.342s] Level 1:colcon.colcon_core.package_identification:_identify(visualization_pkg) by extension 'colcon_meta'
[0.342s] Level 1:colcon.colcon_core.package_identification:_identify(visualization_pkg) by extensions ['ros']
[0.342s] Level 1:colcon.colcon_core.package_identification:_identify(visualization_pkg) by extension 'ros'
[0.343s] DEBUG:colcon.colcon_core.package_identification:Package 'visualization_pkg' with type 'ros.ament_python' and name 'visualization_pkg'
[0.343s] Level 1:colcon.colcon_core.package_discovery:discover_packages(recursive) using defaults
[0.343s] Level 1:colcon.colcon_core.package_discovery:discover_packages(ignore) discover
[0.343s] Level 1:colcon.colcon_core.package_discovery:discover_packages(ignore) using defaults
[0.343s] Level 1:colcon.colcon_core.package_discovery:discover_packages(path) discover
[0.343s] Level 1:colcon.colcon_core.package_discovery:discover_packages(path) using defaults
[0.355s] Level 1:colcon.colcon_core.package_discovery:discover_packages(prefix_path) check parameters
[0.355s] Level 1:colcon.colcon_core.package_discovery:discover_packages(prefix_path) discover
[0.357s] DEBUG:colcon.colcon_installed_package_information.package_discovery:Found 346 installed packages in /opt/ros/humble
[0.358s] Level 1:colcon.colcon_core.package_discovery:discover_packages(prefix_path) using defaults
[0.393s] Level 5:colcon.colcon_core.verb:set package 'camera_pkg' build argument 'cmake_args' from command line to 'None'
[0.393s] Level 5:colcon.colcon_core.verb:set package 'camera_pkg' build argument 'cmake_target' from command line to 'None'
[0.393s] Level 5:colcon.colcon_core.verb:set package 'camera_pkg' build argument 'cmake_target_skip_unavailable' from command line to 'False'
[0.393s] Level 5:colcon.colcon_core.verb:set package 'camera_pkg' build argument 'cmake_clean_cache' from command line to 'False'
[0.393s] Level 5:colcon.colcon_core.verb:set package 'camera_pkg' build argument 'cmake_clean_first' from command line to 'False'
[0.393s] Level 5:colcon.colcon_core.verb:set package 'camera_pkg' build argument 'cmake_force_configure' from command line to 'False'
[0.393s] Level 5:colcon.colcon_core.verb:set package 'camera_pkg' build argument 'ament_cmake_args' from command line to 'None'
[0.393s] Level 5:colcon.colcon_core.verb:set package 'camera_pkg' build argument 'catkin_cmake_args' from command line to 'None'
[0.393s] Level 5:colcon.colcon_core.verb:set package 'camera_pkg' build argument 'catkin_skip_building_tests' from command line to 'False'
[0.393s] DEBUG:colcon.colcon_core.verb:Building package 'camera_pkg' with the following arguments: {'ament_cmake_args': None, 'build_base': '/home/bakerherrin/ROS2-Gesture-Detection/src/build/camera_pkg', 'catkin_cmake_args': None, 'catkin_skip_building_tests': False, 'cmake_args': None, 'cmake_clean_cache': False, 'cmake_clean_first': False, 'cmake_force_configure': False, 'cmake_target': None, 'cmake_target_skip_unavailable': False, 'install_base': '/home/bakerherrin/ROS2-Gesture-Detection/src/install/camera_pkg', 'merge_install': False, 'path': '/home/bakerherrin/ROS2-Gesture-Detection/src/camera_pkg', 'symlink_install': False, 'test_result_base': None}
[0.393s] Level 5:colcon.colcon_core.verb:set package 'perception_pkg' build argument 'cmake_args' from command line to 'None'
[0.393s] Level 5:colcon.colcon_core.verb:set package 'perception_pkg' build argument 'cmake_target' from command line to 'None'
[0.393s] Level 5:colcon.colcon_core.verb:set package 'perception_pkg' build argument 'cmake_target_skip_unavailable' from command line to 'False'
[0.393s] Level 5:colcon.colcon_core.verb:set package 'perception_pkg' build argument 'cmake_clean_cache' from command line to 'False'
[0.394s] Level 5:colcon.colcon_core.verb:set package 'perception_pkg' build argument 'cmake_clean_first' from command line to 'False'
[0.394s] Level 5:colcon.colcon_core.verb:set package 'perception_pkg' build argument 'cmake_force_configure' from command line to 'False'
[0.394s] Level 5:colcon.colcon_core.verb:set package 'perception_pkg' build argument 'ament_cmake_args' from command line to 'None'
[0.394s] Level 5:colcon.colcon_core.verb:set package 'perception_pkg' build argument 'catkin_cmake_args' from command line to 'None'
[0.394s] Level 5:colcon.colcon_core.verb:set package 'perception_pkg' build argument 'catkin_skip_building_tests' from command line to 'False'
[0.394s] DEBUG:colcon.colcon_core.verb:Building package 'perception_pkg' with the following arguments: {'ament_cmake_args': None, 'build_base': '/home/bakerherrin/ROS2-Gesture-Detection/src/build/perception_pkg', 'catkin_cmake_args': None, 'catkin_skip_building_tests': False, 'cmake_args': None, 'cmake_clean_cache': False, 'cmake_clean_first': False, 'cmake_force_configure': False, 'cmake_target': None, 'cmake_target_skip_unavailable': False, 'install_base': '/home/bakerherrin/ROS2-Gesture-Detection/src/install/perception_pkg', 'merge_install': False, 'path': '/home/bakerherrin/ROS2-Gesture-Detection/src/perception_pkg', 'symlink_install': False, 'test_result_base': None}
[0.394s] Level 5:colcon.colcon_core.verb:set package 'visualization_pkg' build argument 'cmake_args' from command line to 'None'
[0.394s] Level 5:colcon.colcon_core.verb:set package 'visualization_pkg' build argument 'cmake_target' from command line to 'None'
[0.394s] Level 5:colcon.colcon_core.verb:set package 'visualization_pkg' build argument 'cmake_target_skip_unavailable' from command line to 'False'
[0.394s] Level 5:colcon.colcon_core.verb:set package 'visualization_pkg' build argument 'cmake_clean_cache' from command line to 'False'
[0.394s] Level 5:colcon.colcon_core.verb:set package 'visualization_pkg' build argument 'cmake_clean_first' from command line to 'False'
[0.394s] Level 5:colcon.colcon_core.verb:set package 'visualization_pkg' build argument 'cmake_force_configure' from command line to 'False'
[0.394s] Level 5:colcon.colcon_core.verb:set package 'visualization_pkg' build argument 'ament_cmake_args' from command line to 'None'
[0.394s] Level 5:colcon.colcon_core.verb:set package 'visualization_pkg' build argument 'catkin_cmake_args' from command line to 'None'
[0.394s] Level 5:colcon.colcon_core.verb:set package 'visualization_pkg' build argument 'catkin_skip_building_tests' from command line to 'False'
[0.394s] DEBUG:colcon.colcon_core.verb:Building package 'visualization_pkg' with the following arguments: {'ament_cmake_args': None, 'build_base': '/home/bakerherrin/ROS2-Gesture-Detection/src/build/visualization_pkg', 'catkin_cmake_args': None, 'catkin_skip_building_tests': False, 'cmake_args': None, 'cmake_clean_cache': False, 'cmake_clean_first': False, 'cmake_force_configure': False, 'cmake_target': None, 'cmake_target_skip_unavailable': False, 'install_base': '/home/bakerherrin/ROS2-Gesture-Detection/src/install/visualization_pkg', 'merge_install': False, 'path': '/home/bakerherrin/ROS2-Gesture-Detection/src/visualization_pkg', 'symlink_install': False, 'test_result_base': None}
[0.394s] INFO:colcon.colcon_core.executor:Executing jobs using 'parallel' executor
[0.396s] DEBUG:colcon.colcon_parallel_executor.executor.parallel:run_until_complete
[0.397s] INFO:colcon.colcon_core.task.python.build:Building Python package in '/home/bakerherrin/ROS2-Gesture-Detection/src/camera_pkg'
[0.399s] INFO:colcon.colcon_core.plugin_system:Skipping extension 'colcon_core.shell.bat': Not used on non-Windows systems
[0.399s] INFO:colcon.colcon_core.shell:Skip shell extension 'powershell' for command environment: Not usable outside of PowerShell
[0.399s] DEBUG:colcon.colcon_core.shell:Skip shell extension 'dsv' for command environment
[0.401s] INFO:colcon.colcon_ros.task.ament_python.build:Building ROS package in '/home/bakerherrin/ROS2-Gesture-Detection/src/perception_pkg' with build type 'ament_python'
[0.401s] Level 1:colcon.colcon_core.shell:create_environment_hook('perception_pkg', 'ament_prefix_path')
[0.402s] INFO:colcon.colcon_core.shell:Creating environment hook '/home/bakerherrin/ROS2-Gesture-Detection/src/install/perception_pkg/share/perception_pkg/hook/ament_prefix_path.ps1'
[0.402s] INFO:colcon.colcon_core.shell:Creating environment descriptor '/home/bakerherrin/ROS2-Gesture-Detection/src/install/perception_pkg/share/perception_pkg/hook/ament_prefix_path.dsv'
[0.402s] INFO:colcon.colcon_core.shell:Creating environment hook '/home/bakerherrin/ROS2-Gesture-Detection/src/install/perception_pkg/share/perception_pkg/hook/ament_prefix_path.sh'
[0.403s] INFO:colcon.colcon_core.shell:Skip shell extension 'powershell' for command environment: Not usable outside of PowerShell
[0.403s] DEBUG:colcon.colcon_core.shell:Skip shell extension 'dsv' for command environment
[0.405s] INFO:colcon.colcon_ros.task.ament_python.build:Building ROS package in '/home/bakerherrin/ROS2-Gesture-Detection/src/visualization_pkg' with build type 'ament_python'
[0.405s] Level 1:colcon.colcon_core.shell:create_environment_hook('visualization_pkg', 'ament_prefix_path')
[0.406s] INFO:colcon.colcon_core.shell:Creating environment hook '/home/bakerherrin/ROS2-Gesture-Detection/src/install/visualization_pkg/share/visualization_pkg/hook/ament_prefix_path.ps1'
[0.406s] INFO:colcon.colcon_core.shell:Creating environment descriptor '/home/bakerherrin/ROS2-Gesture-Detection/src/install/visualization_pkg/share/visualization_pkg/hook/ament_prefix_path.dsv'
[0.406s] INFO:colcon.colcon_core.shell:Creating environment hook '/home/bakerherrin/ROS2-Gesture-Detection/src/install/visualization_pkg/share/visualization_pkg/hook/ament_prefix_path.sh'
[0.407s] INFO:colcon.colcon_core.shell:Skip shell extension 'powershell' for command environment: Not usable outside of PowerShell
[0.407s] DEBUG:colcon.colcon_core.shell:Skip shell extension 'dsv' for command environment
[0.693s] INFO:colcon.colcon_core.task.python.build:Building Python package in '/home/bakerherrin/ROS2-Gesture-Detection/src/perception_pkg'
[0.694s] INFO:colcon.colcon_core.shell:Skip shell extension 'powershell' for command environment: Not usable outside of PowerShell
[0.694s] DEBUG:colcon.colcon_core.shell:Skip shell extension 'dsv' for command environment
[0.842s] INFO:colcon.colcon_core.task.python.build:Building Python package in '/home/bakerherrin/ROS2-Gesture-Detection/src/visualization_pkg'
[0.843s] INFO:colcon.colcon_core.shell:Skip shell extension 'powershell' for command environment: Not usable outside of PowerShell
[0.843s] DEBUG:colcon.colcon_core.shell:Skip shell extension 'dsv' for command environment
[0.849s] DEBUG:colcon.colcon_core.event_handler.log_command:Invoking command in '/home/bakerherrin/ROS2-Gesture-Detection/src/camera_pkg': CONDA_PROMPT_MODIFIER=(base) PYTHONPATH=/home/bakerherrin/ROS2-Gesture-Detection/src/build/camera_pkg/prefix_override:/home/bakerherrin/ROS2-Gesture-Detection/src/install/camera_pkg/lib/python3.10/site-packages:${PYTHONPATH} /usr/bin/python3 setup.py egg_info --egg-base ../build/camera_pkg build --build-base /home/bakerherrin/ROS2-Gesture-Detection/src/build/camera_pkg/build install --record /home/bakerherrin/ROS2-Gesture-Detection/src/build/camera_pkg/install.log --single-version-externally-managed
[1.020s] DEBUG:colcon.colcon_core.event_handler.log_command:Invoked command in '/home/bakerherrin/ROS2-Gesture-Detection/src/camera_pkg' returned '0': CONDA_PROMPT_MODIFIER=(base) PYTHONPATH=/home/bakerherrin/ROS2-Gesture-Detection/src/build/camera_pkg/prefix_override:/home/bakerherrin/ROS2-Gesture-Detection/src/install/camera_pkg/lib/python3.10/site-packages:${PYTHONPATH} /usr/bin/python3 setup.py egg_info --egg-base ../build/camera_pkg build --build-base /home/bakerherrin/ROS2-Gesture-Detection/src/build/camera_pkg/build install --record /home/bakerherrin/ROS2-Gesture-Detection/src/build/camera_pkg/install.log --single-version-externally-managed
[1.023s] Level 1:colcon.colcon_core.environment:checking '/home/bakerherrin/ROS2-Gesture-Detection/src/install/camera_pkg' for CMake module files
[1.023s] Level 1:colcon.colcon_core.environment:checking '/home/bakerherrin/ROS2-Gesture-Detection/src/install/camera_pkg' for CMake config files
[1.024s] Level 1:colcon.colcon_core.environment:checking '/home/bakerherrin/ROS2-Gesture-Detection/src/install/camera_pkg/lib'
[1.024s] Level 1:colcon.colcon_core.environment:checking '/home/bakerherrin/ROS2-Gesture-Detection/src/install/camera_pkg/bin'
[1.024s] Level 1:colcon.colcon_core.environment:checking '/home/bakerherrin/ROS2-Gesture-Detection/src/install/camera_pkg/lib/pkgconfig/camera_pkg.pc'
[1.024s] Level 1:colcon.colcon_core.environment:checking '/home/bakerherrin/ROS2-Gesture-Detection/src/install/camera_pkg/lib/python3.10/site-packages'
[1.024s] Level 1:colcon.colcon_core.shell:create_environment_hook('camera_pkg', 'pythonpath')
[1.025s] INFO:colcon.colcon_core.shell:Creating environment hook '/home/bakerherrin/ROS2-Gesture-Detection/src/install/camera_pkg/share/camera_pkg/hook/pythonpath.ps1'
[1.025s] INFO:colcon.colcon_core.shell:Creating environment descriptor '/home/bakerherrin/ROS2-Gesture-Detection/src/install/camera_pkg/share/camera_pkg/hook/pythonpath.dsv'
[1.025s] INFO:colcon.colcon_core.shell:Creating environment hook '/home/bakerherrin/ROS2-Gesture-Detection/src/install/camera_pkg/share/camera_pkg/hook/pythonpath.sh'
[1.025s] Level 1:colcon.colcon_core.environment:checking '/home/bakerherrin/ROS2-Gesture-Detection/src/install/camera_pkg/bin'
[1.025s] Level 1:colcon.colcon_core.environment:create_environment_scripts_only(camera_pkg)
[1.027s] INFO:colcon.colcon_core.shell:Creating package script '/home/bakerherrin/ROS2-Gesture-Detection/src/install/camera_pkg/share/camera_pkg/package.ps1'
[1.027s] INFO:colcon.colcon_core.shell:Creating package descriptor '/home/bakerherrin/ROS2-Gesture-Detection/src/install/camera_pkg/share/camera_pkg/package.dsv'
[1.027s] INFO:colcon.colcon_core.shell:Creating package script '/home/bakerherrin/ROS2-Gesture-Detection/src/install/camera_pkg/share/camera_pkg/package.sh'
[1.028s] INFO:colcon.colcon_core.shell:Creating package script '/home/bakerherrin/ROS2-Gesture-Detection/src/install/camera_pkg/share/camera_pkg/package.bash'
[1.028s] INFO:colcon.colcon_core.shell:Creating package script '/home/bakerherrin/ROS2-Gesture-Detection/src/install/camera_pkg/share/camera_pkg/package.zsh'
[1.028s] Level 1:colcon.colcon_core.environment:create_file_with_runtime_dependencies(/home/bakerherrin/ROS2-Gesture-Detection/src/install/camera_pkg/share/colcon-core/packages/camera_pkg)
[1.108s] DEBUG:colcon.colcon_core.event_handler.log_command:Invoking command in '/home/bakerherrin/ROS2-Gesture-Detection/src/visualization_pkg': CONDA_PROMPT_MODIFIER=(base) PYTHONPATH=/home/bakerherrin/ROS2-Gesture-Detection/src/build/visualization_pkg/prefix_override:/home/bakerherrin/ROS2-Gesture-Detection/src/install/visualization_pkg/lib/python3.10/site-packages:${PYTHONPATH} /usr/bin/python3 setup.py egg_info --egg-base ../build/visualization_pkg build --build-base /home/bakerherrin/ROS2-Gesture-Detection/src/build/visualization_pkg/build install --record /home/bakerherrin/ROS2-Gesture-Detection/src/build/visualization_pkg/install.log --single-version-externally-managed
[1.110s] DEBUG:colcon.colcon_core.event_handler.log_command:Invoking command in '/home/bakerherrin/ROS2-Gesture-Detection/src/perception_pkg': CONDA_PROMPT_MODIFIER=(base) PYTHONPATH=/home/bakerherrin/ROS2-Gesture-Detection/src/build/perception_pkg/prefix_override:/home/bakerherrin/ROS2-Gesture-Detection/src/install/perception_pkg/lib/python3.10/site-packages:${PYTHONPATH} /usr/bin/python3 setup.py egg_info --egg-base ../build/perception_pkg build --build-base /home/bakerherrin/ROS2-Gesture-Detection/src/build/perception_pkg/build install --record /home/bakerherrin/ROS2-Gesture-Detection/src/build/perception_pkg/install.log --single-version-externally-managed
[1.272s] Level 1:colcon.colcon_core.environment:checking '/home/bakerherrin/ROS2-Gesture-Detection/src/install/visualization_pkg' for CMake module files
[1.273s] DEBUG:colcon.colcon_core.event_handler.log_command:Invoked command in '/home/bakerherrin/ROS2-Gesture-Detection/src/visualization_pkg' returned '0': CONDA_PROMPT_MODIFIER=(base) PYTHONPATH=/home/bakerherrin/ROS2-Gesture-Detection/src/build/visualization_pkg/prefix_override:/home/bakerherrin/ROS2-Gesture-Detection/src/install/visualization_pkg/lib/python3.10/site-packages:${PYTHONPATH} /usr/bin/python3 setup.py egg_info --egg-base ../build/visualization_pkg build --build-base /home/bakerherrin/ROS2-Gesture-Detection/src/build/visualization_pkg/build install --record /home/bakerherrin/ROS2-Gesture-Detection/src/build/visualization_pkg/install.log --single-version-externally-managed
[1.273s] Level 1:colcon.colcon_core.environment:checking '/home/bakerherrin/ROS2-Gesture-Detection/src/install/visualization_pkg' for CMake config files
[1.273s] Level 1:colcon.colcon_core.environment:checking '/home/bakerherrin/ROS2-Gesture-Detection/src/install/visualization_pkg/lib'
[1.273s] Level 1:colcon.colcon_core.environment:checking '/home/bakerherrin/ROS2-Gesture-Detection/src/install/visualization_pkg/bin'
[1.273s] Level 1:colcon.colcon_core.environment:checking '/home/bakerherrin/ROS2-Gesture-Detection/src/install/visualization_pkg/lib/pkgconfig/visualization_pkg.pc'
[1.273s] Level 1:colcon.colcon_core.environment:checking '/home/bakerherrin/ROS2-Gesture-Detection/src/install/visualization_pkg/lib/python3.10/site-packages'
[1.273s] Level 1:colcon.colcon_core.shell:create_environment_hook('visualization_pkg', 'pythonpath')
[1.274s] INFO:colcon.colcon_core.shell:Creating environment hook '/home/bakerherrin/ROS2-Gesture-Detection/src/install/visualization_pkg/share/visualization_pkg/hook/pythonpath.ps1'
[1.275s] INFO:colcon.colcon_core.shell:Creating environment descriptor '/home/bakerherrin/ROS2-Gesture-Detection/src/install/visualization_pkg/share/visualization_pkg/hook/pythonpath.dsv'
[1.275s] INFO:colcon.colcon_core.shell:Creating environment hook '/home/bakerherrin/ROS2-Gesture-Detection/src/install/visualization_pkg/share/visualization_pkg/hook/pythonpath.sh'
[1.275s] Level 1:colcon.colcon_core.environment:checking '/home/bakerherrin/ROS2-Gesture-Detection/src/install/visualization_pkg/bin'
[1.275s] Level 1:colcon.colcon_core.environment:create_environment_scripts_only(visualization_pkg)
[1.276s] INFO:colcon.colcon_core.shell:Creating package script '/home/bakerherrin/ROS2-Gesture-Detection/src/install/visualization_pkg/share/visualization_pkg/package.ps1'
[1.276s] INFO:colcon.colcon_core.shell:Creating package descriptor '/home/bakerherrin/ROS2-Gesture-Detection/src/install/visualization_pkg/share/visualization_pkg/package.dsv'
[1.276s] INFO:colcon.colcon_core.shell:Creating package script '/home/bakerherrin/ROS2-Gesture-Detection/src/install/visualization_pkg/share/visualization_pkg/package.sh'
[1.277s] INFO:colcon.colcon_core.shell:Creating package script '/home/bakerherrin/ROS2-Gesture-Detection/src/install/visualization_pkg/share/visualization_pkg/package.bash'
[1.277s] INFO:colcon.colcon_core.shell:Creating package script '/home/bakerherrin/ROS2-Gesture-Detection/src/install/visualization_pkg/share/visualization_pkg/package.zsh'
[1.277s] Level 1:colcon.colcon_core.environment:create_file_with_runtime_dependencies(/home/bakerherrin/ROS2-Gesture-Detection/src/install/visualization_pkg/share/colcon-core/packages/visualization_pkg)
[1.279s] Level 1:colcon.colcon_core.environment:checking '/home/bakerherrin/ROS2-Gesture-Detection/src/install/perception_pkg' for CMake module files
[1.279s] DEBUG:colcon.colcon_core.event_handler.log_command:Invoked command in '/home/bakerherrin/ROS2-Gesture-Detection/src/perception_pkg' returned '0': CONDA_PROMPT_MODIFIER=(base) PYTHONPATH=/home/bakerherrin/ROS2-Gesture-Detection/src/build/perception_pkg/prefix_override:/home/bakerherrin/ROS2-Gesture-Detection/src/install/perception_pkg/lib/python3.10/site-packages:${PYTHONPATH} /usr/bin/python3 setup.py egg_info --egg-base ../build/perception_pkg build --build-base /home/bakerherrin/ROS2-Gesture-Detection/src/build/perception_pkg/build install --record /home/bakerherrin/ROS2-Gesture-Detection/src/build/perception_pkg/install.log --single-version-externally-managed
[1.279s] Level 1:colcon.colcon_core.environment:checking '/home/bakerherrin/ROS2-Gesture-Detection/src/install/perception_pkg' for CMake config files
[1.279s] Level 1:colcon.colcon_core.environment:checking '/home/bakerherrin/ROS2-Gesture-Detection/src/install/perception_pkg/lib'
[1.279s] Level 1:colcon.colcon_core.environment:checking '/home/bakerherrin/ROS2-Gesture-Detection/src/install/perception_pkg/bin'
[1.279s] Level 1:colcon.colcon_core.environment:checking '/home/bakerherrin/ROS2-Gesture-Detection/src/install/perception_pkg/lib/pkgconfig/perception_pkg.pc'
[1.280s] Level 1:colcon.colcon_core.environment:checking '/home/bakerherrin/ROS2-Gesture-Detection/src/install/perception_pkg/lib/python3.10/site-packages'
[1.280s] Level 1:colcon.colcon_core.shell:create_environment_hook('perception_pkg', 'pythonpath')
[1.280s] INFO:colcon.colcon_core.shell:Creating environment hook '/home/bakerherrin/ROS2-Gesture-Detection/src/install/perception_pkg/share/perception_pkg/hook/pythonpath.ps1'
[1.280s] INFO:colcon.colcon_core.shell:Creating environment descriptor '/home/bakerherrin/ROS2-Gesture-Detection/src/install/perception_pkg/share/perception_pkg/hook/pythonpath.dsv'
[1.280s] INFO:colcon.colcon_core.shell:Creating environment hook '/home/bakerherrin/ROS2-Gesture-Detection/src/install/perception_pkg/share/perception_pkg/hook/pythonpath.sh'
[1.281s] Level 1:colcon.colcon_core.environment:checking '/home/bakerherrin/ROS2-Gesture-Detection/src/install/perception_pkg/bin'
[1.281s] Level 1:colcon.colcon_core.environment:create_environment_scripts_only(perception_pkg)
[1.281s] INFO:colcon.colcon_core.shell:Creating package script '/home/bakerherrin/ROS2-Gesture-Detection/src/install/perception_pkg/share/perception_pkg/package.ps1'
[1.282s] INFO:colcon.colcon_core.shell:Creating package descriptor '/home/bakerherrin/ROS2-Gesture-Detection/src/install/perception_pkg/share/perception_pkg/package.dsv'
[1.282s] INFO:colcon.colcon_core.shell:Creating package script '/home/bakerherrin/ROS2-Gesture-Detection/src/install/perception_pkg/share/perception_pkg/package.sh'
[1.282s] INFO:colcon.colcon_core.shell:Creating package script '/home/bakerherrin/ROS2-Gesture-Detection/src/install/perception_pkg/share/perception_pkg/package.bash'
[1.282s] INFO:colcon.colcon_core.shell:Creating package script '/home/bakerherrin/ROS2-Gesture-Detection/src/install/perception_pkg/share/perception_pkg/package.zsh'
[1.282s] Level 1:colcon.colcon_core.environment:create_file_with_runtime_dependencies(/home/bakerherrin/ROS2-Gesture-Detection/src/install/perception_pkg/share/colcon-core/packages/perception_pkg)
[1.282s] DEBUG:colcon.colcon_parallel_executor.executor.parallel:closing loop
[1.282s] DEBUG:colcon.colcon_parallel_executor.executor.parallel:loop closed
[1.282s] DEBUG:colcon.colcon_parallel_executor.executor.parallel:run_until_complete finished with '0'
[1.282s] DEBUG:colcon.colcon_core.event_reactor:joining thread
[1.285s] INFO:colcon.colcon_core.plugin_system:Skipping extension 'colcon_notification.desktop_notification.notify_send': Could not find 'notify-send'
[1.285s] INFO:colcon.colcon_core.plugin_system:Skipping extension 'colcon_notification.desktop_notification.terminal_notifier': Not used on non-Darwin systems
[1.285s] INFO:colcon.colcon_core.plugin_system:Skipping extension 'colcon_notification.desktop_notification.win32': Not used on non-Windows systems
[1.285s] INFO:colcon.colcon_notification.desktop_notification:Sending desktop notification using 'notify2'
[1.293s] DEBUG:colcon.colcon_core.event_reactor:joined thread
[1.294s] INFO:colcon.colcon_core.shell:Creating prefix script '/home/bakerherrin/ROS2-Gesture-Detection/src/install/local_setup.ps1'
[1.295s] INFO:colcon.colcon_core.shell:Creating prefix util module '/home/bakerherrin/ROS2-Gesture-Detection/src/install/_local_setup_util_ps1.py'
[1.295s] INFO:colcon.colcon_core.shell:Creating prefix chain script '/home/bakerherrin/ROS2-Gesture-Detection/src/install/setup.ps1'
[1.296s] INFO:colcon.colcon_core.shell:Creating prefix script '/home/bakerherrin/ROS2-Gesture-Detection/src/install/local_setup.sh'
[1.297s] INFO:colcon.colcon_core.shell:Creating prefix util module '/home/bakerherrin/ROS2-Gesture-Detection/src/install/_local_setup_util_sh.py'
[1.297s] INFO:colcon.colcon_core.shell:Creating prefix chain script '/home/bakerherrin/ROS2-Gesture-Detection/src/install/setup.sh'
[1.298s] INFO:colcon.colcon_core.shell:Creating prefix script '/home/bakerherrin/ROS2-Gesture-Detection/src/install/local_setup.bash'
[1.298s] INFO:colcon.colcon_core.shell:Creating prefix chain script '/home/bakerherrin/ROS2-Gesture-Detection/src/install/setup.bash'
[1.298s] INFO:colcon.colcon_core.shell:Creating prefix script '/home/bakerherrin/ROS2-Gesture-Detection/src/install/local_setup.zsh'
[1.299s] INFO:colcon.colcon_core.shell:Creating prefix chain script '/home/bakerherrin/ROS2-Gesture-Detection/src/install/setup.zsh'
