running egg_info
creating ../build/perception_pkg/perception_pkg.egg-info
writing ../build/perception_pkg/perception_pkg.egg-info/PKG-INFO
writing dependency_links to ../build/perception_pkg/perception_pkg.egg-info/dependency_links.txt
writing entry points to ../build/perception_pkg/perception_pkg.egg-info/entry_points.txt
writing requirements to ../build/perception_pkg/perception_pkg.egg-info/requires.txt
writing top-level names to ../build/perception_pkg/perception_pkg.egg-info/top_level.txt
writing manifest file '../build/perception_pkg/perception_pkg.egg-info/SOURCES.txt'
reading manifest file '../build/perception_pkg/perception_pkg.egg-info/SOURCES.txt'
writing manifest file '../build/perception_pkg/perception_pkg.egg-info/SOURCES.txt'
running build
running build_py
creating /home/bakerherrin/ROS2-Gesture-Detection/src/build/perception_pkg/build
creating /home/bakerherrin/ROS2-Gesture-Detection/src/build/perception_pkg/build/lib
creating /home/bakerherrin/ROS2-Gesture-Detection/src/build/perception_pkg/build/lib/perception_pkg
copying perception_pkg/mediapipe_rov.py -> /home/bakerherrin/ROS2-Gesture-Detection/src/build/perception_pkg/build/lib/perception_pkg
copying perception_pkg/gesture_test.py -> /home/bakerherrin/ROS2-Gesture-Detection/src/build/perception_pkg/build/lib/perception_pkg
copying perception_pkg/__init__.py -> /home/bakerherrin/ROS2-Gesture-Detection/src/build/perception_pkg/build/lib/perception_pkg
copying perception_pkg/ros2node_collect.py -> /home/bakerherrin/ROS2-Gesture-Detection/src/build/perception_pkg/build/lib/perception_pkg
copying perception_pkg/Pytorch_Transformer.py -> /home/bakerherrin/ROS2-Gesture-Detection/src/build/perception_pkg/build/lib/perception_pkg
copying perception_pkg/perception_node.py -> /home/bakerherrin/ROS2-Gesture-Detection/src/build/perception_pkg/build/lib/perception_pkg
running install
running install_lib
creating /home/bakerherrin/ROS2-Gesture-Detection/src/install/perception_pkg/lib/python3.10/site-packages/perception_pkg
copying /home/bakerherrin/ROS2-Gesture-Detection/src/build/perception_pkg/build/lib/perception_pkg/mediapipe_rov.py -> /home/bakerherrin/ROS2-Gesture-Detection/src/install/perception_pkg/lib/python3.10/site-packages/perception_pkg
copying /home/bakerherrin/ROS2-Gesture-Detection/src/build/perception_pkg/build/lib/perception_pkg/gesture_test.py -> /home/bakerherrin/ROS2-Gesture-Detection/src/install/perception_pkg/lib/python3.10/site-packages/perception_pkg
copying /home/bakerherrin/ROS2-Gesture-Detection/src/build/perception_pkg/build/lib/perception_pkg/__init__.py -> /home/bakerherrin/ROS2-Gesture-Detection/src/install/perception_pkg/lib/python3.10/site-packages/perception_pkg
copying /home/bakerherrin/ROS2-Gesture-Detection/src/build/perception_pkg/build/lib/perception_pkg/ros2node_collect.py -> /home/bakerherrin/ROS2-Gesture-Detection/src/install/perception_pkg/lib/python3.10/site-packages/perception_pkg
copying /home/bakerherrin/ROS2-Gesture-Detection/src/build/perception_pkg/build/lib/perception_pkg/Pytorch_Transformer.py -> /home/bakerherrin/ROS2-Gesture-Detection/src/install/perception_pkg/lib/python3.10/site-packages/perception_pkg
copying /home/bakerherrin/ROS2-Gesture-Detection/src/build/perception_pkg/build/lib/perception_pkg/perception_node.py -> /home/bakerherrin/ROS2-Gesture-Detection/src/install/perception_pkg/lib/python3.10/site-packages/perception_pkg
byte-compiling /home/bakerherrin/ROS2-Gesture-Detection/src/install/perception_pkg/lib/python3.10/site-packages/perception_pkg/mediapipe_rov.py to mediapipe_rov.cpython-310.pyc
byte-compiling /home/bakerherrin/ROS2-Gesture-Detection/src/install/perception_pkg/lib/python3.10/site-packages/perception_pkg/gesture_test.py to gesture_test.cpython-310.pyc
byte-compiling /home/bakerherrin/ROS2-Gesture-Detection/src/install/perception_pkg/lib/python3.10/site-packages/perception_pkg/__init__.py to __init__.cpython-310.pyc
byte-compiling /home/bakerherrin/ROS2-Gesture-Detection/src/install/perception_pkg/lib/python3.10/site-packages/perception_pkg/ros2node_collect.py to ros2node_collect.cpython-310.pyc
byte-compiling /home/bakerherrin/ROS2-Gesture-Detection/src/install/perception_pkg/lib/python3.10/site-packages/perception_pkg/Pytorch_Transformer.py to Pytorch_Transformer.cpython-310.pyc
byte-compiling /home/bakerherrin/ROS2-Gesture-Detection/src/install/perception_pkg/lib/python3.10/site-packages/perception_pkg/perception_node.py to perception_node.cpython-310.pyc
running install_data
creating /home/bakerherrin/ROS2-Gesture-Detection/src/install/perception_pkg/share/ament_index
creating /home/bakerherrin/ROS2-Gesture-Detection/src/install/perception_pkg/share/ament_index/resource_index
creating /home/bakerherrin/ROS2-Gesture-Detection/src/install/perception_pkg/share/ament_index/resource_index/packages
copying resource/perception_pkg -> /home/bakerherrin/ROS2-Gesture-Detection/src/install/perception_pkg/share/ament_index/resource_index/packages
copying package.xml -> /home/bakerherrin/ROS2-Gesture-Detection/src/install/perception_pkg/share/perception_pkg
creating /home/bakerherrin/ROS2-Gesture-Detection/src/install/perception_pkg/share/perception_pkg/launch
copying launch/perception_pkg.launch.py -> /home/bakerherrin/ROS2-Gesture-Detection/src/install/perception_pkg/share/perception_pkg/launch
running install_egg_info
Copying ../build/perception_pkg/perception_pkg.egg-info to /home/bakerherrin/ROS2-Gesture-Detection/src/install/perception_pkg/lib/python3.10/site-packages/perception_pkg-0.1.0-py3.10.egg-info
running install_scripts
Installing hand_gesture_collector script to /home/bakerherrin/ROS2-Gesture-Detection/src/install/perception_pkg/lib/perception_pkg
Installing perception_node script to /home/bakerherrin/ROS2-Gesture-Detection/src/install/perception_pkg/lib/perception_pkg
writing list of installed files to '/home/bakerherrin/ROS2-Gesture-Detection/src/build/perception_pkg/install.log'
