[0.706s] Invoking command in '/home/bakerherrin/ROS2-Gesture-Detection/src/perception_pkg': CONDA_PROMPT_MODIFIER=(base) PYTHONPATH=/home/bakerherrin/ROS2-Gesture-Detection/src/build/perception_pkg/prefix_override:/home/bakerherrin/ROS2-Gesture-Detection/src/install/perception_pkg/lib/python3.10/site-packages:${PYTHONPATH} /usr/bin/python3 setup.py egg_info --egg-base ../build/perception_pkg build --build-base /home/bakerherrin/ROS2-Gesture-Detection/src/build/perception_pkg/build install --record /home/bakerherrin/ROS2-Gesture-Detection/src/build/perception_pkg/install.log --single-version-externally-managed
[0.837s] running egg_info
[0.837s] creating ../build/perception_pkg/perception_pkg.egg-info
[0.837s] writing ../build/perception_pkg/perception_pkg.egg-info/PKG-INFO
[0.837s] writing dependency_links to ../build/perception_pkg/perception_pkg.egg-info/dependency_links.txt
[0.837s] writing entry points to ../build/perception_pkg/perception_pkg.egg-info/entry_points.txt
[0.837s] writing requirements to ../build/perception_pkg/perception_pkg.egg-info/requires.txt
[0.837s] writing top-level names to ../build/perception_pkg/perception_pkg.egg-info/top_level.txt
[0.838s] writing manifest file '../build/perception_pkg/perception_pkg.egg-info/SOURCES.txt'
[0.838s] reading manifest file '../build/perception_pkg/perception_pkg.egg-info/SOURCES.txt'
[0.839s] writing manifest file '../build/perception_pkg/perception_pkg.egg-info/SOURCES.txt'
[0.839s] running build
[0.839s] running build_py
[0.839s] creating /home/bakerherrin/ROS2-Gesture-Detection/src/build/perception_pkg/build
[0.839s] creating /home/bakerherrin/ROS2-Gesture-Detection/src/build/perception_pkg/build/lib
[0.839s] creating /home/bakerherrin/ROS2-Gesture-Detection/src/build/perception_pkg/build/lib/perception_pkg
[0.840s] copying perception_pkg/mediapipe_rov.py -> /home/bakerherrin/ROS2-Gesture-Detection/src/build/perception_pkg/build/lib/perception_pkg
[0.840s] copying perception_pkg/gesture_test.py -> /home/bakerherrin/ROS2-Gesture-Detection/src/build/perception_pkg/build/lib/perception_pkg
[0.840s] copying perception_pkg/__init__.py -> /home/bakerherrin/ROS2-Gesture-Detection/src/build/perception_pkg/build/lib/perception_pkg
[0.840s] copying perception_pkg/ros2node_collect.py -> /home/bakerherrin/ROS2-Gesture-Detection/src/build/perception_pkg/build/lib/perception_pkg
[0.840s] copying perception_pkg/Pytorch_Transformer.py -> /home/bakerherrin/ROS2-Gesture-Detection/src/build/perception_pkg/build/lib/perception_pkg
[0.840s] copying perception_pkg/perception_node.py -> /home/bakerherrin/ROS2-Gesture-Detection/src/build/perception_pkg/build/lib/perception_pkg
[0.840s] running install
[0.840s] /usr/lib/python3/dist-packages/setuptools/command/install.py:34: SetuptoolsDeprecationWarning: setup.py install is deprecated. Use build and pip and other standards-based tools.
[0.840s]   warnings.warn(
[0.841s] running install_lib
[0.841s] creating /home/bakerherrin/ROS2-Gesture-Detection/src/install/perception_pkg/lib/python3.10/site-packages/perception_pkg
[0.841s] copying /home/bakerherrin/ROS2-Gesture-Detection/src/build/perception_pkg/build/lib/perception_pkg/mediapipe_rov.py -> /home/bakerherrin/ROS2-Gesture-Detection/src/install/perception_pkg/lib/python3.10/site-packages/perception_pkg
[0.841s] copying /home/bakerherrin/ROS2-Gesture-Detection/src/build/perception_pkg/build/lib/perception_pkg/gesture_test.py -> /home/bakerherrin/ROS2-Gesture-Detection/src/install/perception_pkg/lib/python3.10/site-packages/perception_pkg
[0.841s] copying /home/bakerherrin/ROS2-Gesture-Detection/src/build/perception_pkg/build/lib/perception_pkg/__init__.py -> /home/bakerherrin/ROS2-Gesture-Detection/src/install/perception_pkg/lib/python3.10/site-packages/perception_pkg
[0.841s] copying /home/bakerherrin/ROS2-Gesture-Detection/src/build/perception_pkg/build/lib/perception_pkg/ros2node_collect.py -> /home/bakerherrin/ROS2-Gesture-Detection/src/install/perception_pkg/lib/python3.10/site-packages/perception_pkg
[0.841s] copying /home/bakerherrin/ROS2-Gesture-Detection/src/build/perception_pkg/build/lib/perception_pkg/Pytorch_Transformer.py -> /home/bakerherrin/ROS2-Gesture-Detection/src/install/perception_pkg/lib/python3.10/site-packages/perception_pkg
[0.841s] copying /home/bakerherrin/ROS2-Gesture-Detection/src/build/perception_pkg/build/lib/perception_pkg/perception_node.py -> /home/bakerherrin/ROS2-Gesture-Detection/src/install/perception_pkg/lib/python3.10/site-packages/perception_pkg
[0.841s] byte-compiling /home/bakerherrin/ROS2-Gesture-Detection/src/install/perception_pkg/lib/python3.10/site-packages/perception_pkg/mediapipe_rov.py to mediapipe_rov.cpython-310.pyc
[0.842s] byte-compiling /home/bakerherrin/ROS2-Gesture-Detection/src/install/perception_pkg/lib/python3.10/site-packages/perception_pkg/gesture_test.py to gesture_test.cpython-310.pyc
[0.842s] byte-compiling /home/bakerherrin/ROS2-Gesture-Detection/src/install/perception_pkg/lib/python3.10/site-packages/perception_pkg/__init__.py to __init__.cpython-310.pyc
[0.843s] byte-compiling /home/bakerherrin/ROS2-Gesture-Detection/src/install/perception_pkg/lib/python3.10/site-packages/perception_pkg/ros2node_collect.py to ros2node_collect.cpython-310.pyc
[0.843s] byte-compiling /home/bakerherrin/ROS2-Gesture-Detection/src/install/perception_pkg/lib/python3.10/site-packages/perception_pkg/Pytorch_Transformer.py to Pytorch_Transformer.cpython-310.pyc
[0.844s] byte-compiling /home/bakerherrin/ROS2-Gesture-Detection/src/install/perception_pkg/lib/python3.10/site-packages/perception_pkg/perception_node.py to perception_node.cpython-310.pyc
[0.845s] running install_data
[0.845s] creating /home/bakerherrin/ROS2-Gesture-Detection/src/install/perception_pkg/share/ament_index
[0.845s] creating /home/bakerherrin/ROS2-Gesture-Detection/src/install/perception_pkg/share/ament_index/resource_index
[0.845s] creating /home/bakerherrin/ROS2-Gesture-Detection/src/install/perception_pkg/share/ament_index/resource_index/packages
[0.845s] copying resource/perception_pkg -> /home/bakerherrin/ROS2-Gesture-Detection/src/install/perception_pkg/share/ament_index/resource_index/packages
[0.845s] copying package.xml -> /home/bakerherrin/ROS2-Gesture-Detection/src/install/perception_pkg/share/perception_pkg
[0.845s] creating /home/bakerherrin/ROS2-Gesture-Detection/src/install/perception_pkg/share/perception_pkg/launch
[0.845s] copying launch/perception_pkg.launch.py -> /home/bakerherrin/ROS2-Gesture-Detection/src/install/perception_pkg/share/perception_pkg/launch
[0.845s] running install_egg_info
[0.846s] Copying ../build/perception_pkg/perception_pkg.egg-info to /home/bakerherrin/ROS2-Gesture-Detection/src/install/perception_pkg/lib/python3.10/site-packages/perception_pkg-0.1.0-py3.10.egg-info
[0.846s] running install_scripts
[0.858s] Installing hand_gesture_collector script to /home/bakerherrin/ROS2-Gesture-Detection/src/install/perception_pkg/lib/perception_pkg
[0.858s] Installing perception_node script to /home/bakerherrin/ROS2-Gesture-Detection/src/install/perception_pkg/lib/perception_pkg
[0.859s] writing list of installed files to '/home/bakerherrin/ROS2-Gesture-Detection/src/build/perception_pkg/install.log'
[0.876s] Invoked command in '/home/bakerherrin/ROS2-Gesture-Detection/src/perception_pkg' returned '0': CONDA_PROMPT_MODIFIER=(base) PYTHONPATH=/home/bakerherrin/ROS2-Gesture-Detection/src/build/perception_pkg/prefix_override:/home/bakerherrin/ROS2-Gesture-Detection/src/install/perception_pkg/lib/python3.10/site-packages:${PYTHONPATH} /usr/bin/python3 setup.py egg_info --egg-base ../build/perception_pkg build --build-base /home/bakerherrin/ROS2-Gesture-Detection/src/build/perception_pkg/build install --record /home/bakerherrin/ROS2-Gesture-Detection/src/build/perception_pkg/install.log --single-version-externally-managed
