running develop
/usr/lib/python3/dist-packages/setuptools/command/easy_install.py:158: EasyInstallDeprecationWarning: easy_install command is deprecated. Use build and pip and other standards-based tools.
  warnings.warn(
/usr/lib/python3/dist-packages/setuptools/command/install.py:34: SetuptoolsDeprecationWarning: setup.py install is deprecated. Use build and pip and other standards-based tools.
  warnings.warn(
/usr/lib/python3/dist-packages/pkg_resources/__init__.py:116: PkgResourcesDeprecationWarning: 0.1.43ubuntu1 is an invalid version and will not be supported in a future release
  warnings.warn(
running egg_info
writing ../../build/perception_pkg/perception_pkg.egg-info/PKG-INFO
writing dependency_links to ../../build/perception_pkg/perception_pkg.egg-info/dependency_links.txt
writing entry points to ../../build/perception_pkg/perception_pkg.egg-info/entry_points.txt
writing requirements to ../../build/perception_pkg/perception_pkg.egg-info/requires.txt
writing top-level names to ../../build/perception_pkg/perception_pkg.egg-info/top_level.txt
reading manifest file '../../build/perception_pkg/perception_pkg.egg-info/SOURCES.txt'
writing manifest file '../../build/perception_pkg/perception_pkg.egg-info/SOURCES.txt'
running build
running build_py
copying perception_pkg/ros2node_collect.py -> /home/bakerherrin/ROS2-Gesture-Detection/build/perception_pkg/build/lib/perception_pkg
copying perception_pkg/Pytorch_Transformer.py -> /home/bakerherrin/ROS2-Gesture-Detection/build/perception_pkg/build/lib/perception_pkg
running install
/usr/lib/python3/dist-packages/setuptools/command/install.py:34: SetuptoolsDeprecationWarning: setup.py install is deprecated. Use build and pip and other standards-based tools.
  warnings.warn(
running install_lib
copying /home/bakerherrin/ROS2-Gesture-Detection/build/perception_pkg/build/lib/perception_pkg/ros2node_collect.py -> /home/bakerherrin/ROS2-Gesture-Detection/install/perception_pkg/lib/python3.10/site-packages/perception_pkg
copying /home/bakerherrin/ROS2-Gesture-Detection/build/perception_pkg/build/lib/perception_pkg/Pytorch_Transformer.py -> /home/bakerherrin/ROS2-Gesture-Detection/install/perception_pkg/lib/python3.10/site-packages/perception_pkg
byte-compiling /home/bakerherrin/ROS2-Gesture-Detection/install/perception_pkg/lib/python3.10/site-packages/perception_pkg/ros2node_collect.py to ros2node_collect.cpython-310.pyc
byte-compiling /home/bakerherrin/ROS2-Gesture-Detection/install/perception_pkg/lib/python3.10/site-packages/perception_pkg/Pytorch_Transformer.py to Pytorch_Transformer.cpython-310.pyc
running install_data
copying launch/perception_pkg.launch.py -> /home/bakerherrin/ROS2-Gesture-Detection/install/perception_pkg/share/perception_pkg/launch
running install_egg_info
removing '/home/bakerherrin/ROS2-Gesture-Detection/install/perception_pkg/lib/python3.10/site-packages/perception_pkg-0.1.0-py3.10.egg-info' (and everything under it)
Copying ../../build/perception_pkg/perception_pkg.egg-info to /home/bakerherrin/ROS2-Gesture-Detection/install/perception_pkg/lib/python3.10/site-packages/perception_pkg-0.1.0-py3.10.egg-info
running install_scripts
Installing hand_gesture_collector script to /home/bakerherrin/ROS2-Gesture-Detection/install/perception_pkg/lib/perception_pkg
Installing perception_node script to /home/bakerherrin/ROS2-Gesture-Detection/install/perception_pkg/lib/perception_pkg
writing list of installed files to '/home/bakerherrin/ROS2-Gesture-Detection/build/perception_pkg/install.log'
