[0.175s] DEBUG:colcon:Command line arguments: ['/usr/bin/colcon', 'build']
[0.175s] DEBUG:colcon:Parsed command line arguments: Namespace(log_base=None, log_level=None, verb_name='build', build_base='build', install_base='install', merge_install=False, symlink_install=False, test_result_base=None, continue_on_error=False, executor='parallel', parallel_workers=20, event_handlers=None, ignore_user_meta=False, metas=['./colcon.meta'], base_paths=['.'], packages_ignore=None, packages_ignore_regex=None, paths=None, packages_up_to=None, packages_up_to_regex=None, packages_above=None, packages_above_and_dependencies=None, packages_above_depth=None, packages_select_by_dep=None, packages_skip_by_dep=None, packages_skip_up_to=None, packages_select_build_failed=False, packages_skip_build_finished=False, packages_select_test_failures=False, packages_skip_test_passed=False, packages_select=None, packages_skip=None, packages_select_regex=None, packages_skip_regex=None, packages_start=None, packages_end=None, allow_overriding=[], cmake_args=None, cmake_target=None, cmake_target_skip_unavailable=False, cmake_clean_cache=False, cmake_clean_first=False, cmake_force_configure=False, ament_cmake_args=None, catkin_cmake_args=None, catkin_skip_building_tests=False, verb_parser=<colcon_defaults.argument_parser.defaults.DefaultArgumentsDecorator object at 0x7f7f1c9129e0>, verb_extension=<colcon_core.verb.build.BuildVerb object at 0x7f7f1d6080a0>, main=<bound method BuildVerb.main of <colcon_core.verb.build.BuildVerb object at 0x7f7f1d6080a0>>)
[0.189s] Level 1:colcon.colcon_core.package_discovery:discover_packages(colcon_meta) check parameters
[0.189s] Level 1:colcon.colcon_core.package_discovery:discover_packages(recursive) check parameters
[0.189s] Level 1:colcon.colcon_core.package_discovery:discover_packages(ignore) check parameters
[0.189s] Level 1:colcon.colcon_core.package_discovery:discover_packages(path) check parameters
[0.189s] Level 1:colcon.colcon_core.package_discovery:discover_packages(colcon_meta) discover
[0.189s] Level 1:colcon.colcon_core.package_discovery:discover_packages(recursive) discover
[0.189s] INFO:colcon.colcon_core.package_discovery:Crawling recursively for packages in '/home/bakerherrin/ROS2-Gesture-Detection'
[0.189s] Level 1:colcon.colcon_core.package_identification:_identify(.) by extensions ['ignore', 'ignore_ament_install']
[0.189s] Level 1:colcon.colcon_core.package_identification:_identify(.) by extension 'ignore'
[0.189s] Level 1:colcon.colcon_core.package_identification:_identify(.) by extension 'ignore_ament_install'
[0.189s] Level 1:colcon.colcon_core.package_identification:_identify(.) by extensions ['colcon_pkg']
[0.189s] Level 1:colcon.colcon_core.package_identification:_identify(.) by extension 'colcon_pkg'
[0.189s] Level 1:colcon.colcon_core.package_identification:_identify(.) by extensions ['colcon_meta']
[0.189s] Level 1:colcon.colcon_core.package_identification:_identify(.) by extension 'colcon_meta'
[0.189s] Level 1:colcon.colcon_core.package_identification:_identify(.) by extensions ['ros']
[0.189s] Level 1:colcon.colcon_core.package_identification:_identify(.) by extension 'ros'
[0.201s] Level 1:colcon.colcon_core.package_identification:_identify(.) by extensions ['cmake', 'python']
[0.201s] Level 1:colcon.colcon_core.package_identification:_identify(.) by extension 'cmake'
[0.201s] Level 1:colcon.colcon_core.package_identification:_identify(.) by extension 'python'
[0.201s] Level 1:colcon.colcon_core.package_identification:_identify(.) by extensions ['python_setup_py']
[0.201s] Level 1:colcon.colcon_core.package_identification:_identify(.) by extension 'python_setup_py'
[0.201s] Level 1:colcon.colcon_core.package_identification:_identify(build) by extensions ['ignore', 'ignore_ament_install']
[0.201s] Level 1:colcon.colcon_core.package_identification:_identify(build) by extension 'ignore'
[0.201s] Level 1:colcon.colcon_core.package_identification:_identify(build) ignored
[0.201s] Level 1:colcon.colcon_core.package_identification:_identify(install) by extensions ['ignore', 'ignore_ament_install']
[0.201s] Level 1:colcon.colcon_core.package_identification:_identify(install) by extension 'ignore'
[0.201s] Level 1:colcon.colcon_core.package_identification:_identify(install) ignored
[0.201s] Level 1:colcon.colcon_core.package_identification:_identify(log) by extensions ['ignore', 'ignore_ament_install']
[0.201s] Level 1:colcon.colcon_core.package_identification:_identify(log) by extension 'ignore'
[0.201s] Level 1:colcon.colcon_core.package_identification:_identify(log) ignored
[0.201s] Level 1:colcon.colcon_core.package_identification:_identify(models) by extensions ['ignore', 'ignore_ament_install']
[0.201s] Level 1:colcon.colcon_core.package_identification:_identify(models) by extension 'ignore'
[0.201s] Level 1:colcon.colcon_core.package_identification:_identify(models) by extension 'ignore_ament_install'
[0.202s] Level 1:colcon.colcon_core.package_identification:_identify(models) by extensions ['colcon_pkg']
[0.202s] Level 1:colcon.colcon_core.package_identification:_identify(models) by extension 'colcon_pkg'
[0.202s] Level 1:colcon.colcon_core.package_identification:_identify(models) by extensions ['colcon_meta']
[0.202s] Level 1:colcon.colcon_core.package_identification:_identify(models) by extension 'colcon_meta'
[0.202s] Level 1:colcon.colcon_core.package_identification:_identify(models) by extensions ['ros']
[0.202s] Level 1:colcon.colcon_core.package_identification:_identify(models) by extension 'ros'
[0.202s] Level 1:colcon.colcon_core.package_identification:_identify(models) by extensions ['cmake', 'python']
[0.202s] Level 1:colcon.colcon_core.package_identification:_identify(models) by extension 'cmake'
[0.202s] Level 1:colcon.colcon_core.package_identification:_identify(models) by extension 'python'
[0.202s] Level 1:colcon.colcon_core.package_identification:_identify(models) by extensions ['python_setup_py']
[0.202s] Level 1:colcon.colcon_core.package_identification:_identify(models) by extension 'python_setup_py'
[0.202s] Level 1:colcon.colcon_core.package_identification:_identify(src) by extensions ['ignore', 'ignore_ament_install']
[0.202s] Level 1:colcon.colcon_core.package_identification:_identify(src) by extension 'ignore'
[0.202s] Level 1:colcon.colcon_core.package_identification:_identify(src) by extension 'ignore_ament_install'
[0.202s] Level 1:colcon.colcon_core.package_identification:_identify(src) by extensions ['colcon_pkg']
[0.202s] Level 1:colcon.colcon_core.package_identification:_identify(src) by extension 'colcon_pkg'
[0.202s] Level 1:colcon.colcon_core.package_identification:_identify(src) by extensions ['colcon_meta']
[0.202s] Level 1:colcon.colcon_core.package_identification:_identify(src) by extension 'colcon_meta'
[0.202s] Level 1:colcon.colcon_core.package_identification:_identify(src) by extensions ['ros']
[0.202s] Level 1:colcon.colcon_core.package_identification:_identify(src) by extension 'ros'
[0.202s] Level 1:colcon.colcon_core.package_identification:_identify(src) by extensions ['cmake', 'python']
[0.202s] Level 1:colcon.colcon_core.package_identification:_identify(src) by extension 'cmake'
[0.202s] Level 1:colcon.colcon_core.package_identification:_identify(src) by extension 'python'
[0.202s] Level 1:colcon.colcon_core.package_identification:_identify(src) by extensions ['python_setup_py']
[0.202s] Level 1:colcon.colcon_core.package_identification:_identify(src) by extension 'python_setup_py'
[0.202s] Level 1:colcon.colcon_core.package_identification:_identify(src/build) by extensions ['ignore', 'ignore_ament_install']
[0.202s] Level 1:colcon.colcon_core.package_identification:_identify(src/build) by extension 'ignore'
[0.202s] Level 1:colcon.colcon_core.package_identification:_identify(src/build) ignored
[0.202s] Level 1:colcon.colcon_core.package_identification:_identify(src/camera_pkg) by extensions ['ignore', 'ignore_ament_install']
[0.202s] Level 1:colcon.colcon_core.package_identification:_identify(src/camera_pkg) by extension 'ignore'
[0.202s] Level 1:colcon.colcon_core.package_identification:_identify(src/camera_pkg) by extension 'ignore_ament_install'
[0.202s] Level 1:colcon.colcon_core.package_identification:_identify(src/camera_pkg) by extensions ['colcon_pkg']
[0.202s] Level 1:colcon.colcon_core.package_identification:_identify(src/camera_pkg) by extension 'colcon_pkg'
[0.202s] Level 1:colcon.colcon_core.package_identification:_identify(src/camera_pkg) by extensions ['colcon_meta']
[0.202s] Level 1:colcon.colcon_core.package_identification:_identify(src/camera_pkg) by extension 'colcon_meta'
[0.202s] Level 1:colcon.colcon_core.package_identification:_identify(src/camera_pkg) by extensions ['ros']
[0.202s] Level 1:colcon.colcon_core.package_identification:_identify(src/camera_pkg) by extension 'ros'
[0.203s] DEBUG:colcon.colcon_core.package_identification:Failed to parse potential ROS package manifest in'src/camera_pkg': Error(s) in package 'src/camera_pkg/package.xml':
The manifest must not contain more than one "export" tags
[0.203s] Level 1:colcon.colcon_core.package_identification:_identify(src/camera_pkg) by extensions ['cmake', 'python']
[0.203s] Level 1:colcon.colcon_core.package_identification:_identify(src/camera_pkg) by extension 'cmake'
[0.203s] Level 1:colcon.colcon_core.package_identification:_identify(src/camera_pkg) by extension 'python'
[0.203s] DEBUG:colcon.colcon_core.package_identification:Python package in 'src/camera_pkg' passes arguments to the setup() function which requires a different identification extension than 'python'
[0.203s] Level 1:colcon.colcon_core.package_identification:_identify(src/camera_pkg) by extensions ['python_setup_py']
[0.203s] Level 1:colcon.colcon_core.package_identification:_identify(src/camera_pkg) by extension 'python_setup_py'
[0.342s] DEBUG:colcon.colcon_core.package_identification:Package 'src/camera_pkg' with type 'python' and name 'camera_pkg'
[0.342s] Level 1:colcon.colcon_core.package_identification:_identify(src/install) by extensions ['ignore', 'ignore_ament_install']
[0.342s] Level 1:colcon.colcon_core.package_identification:_identify(src/install) by extension 'ignore'
[0.342s] Level 1:colcon.colcon_core.package_identification:_identify(src/install) ignored
[0.342s] Level 1:colcon.colcon_core.package_identification:_identify(src/landmark_data_holistic) by extensions ['ignore', 'ignore_ament_install']
[0.342s] Level 1:colcon.colcon_core.package_identification:_identify(src/landmark_data_holistic) by extension 'ignore'
[0.342s] Level 1:colcon.colcon_core.package_identification:_identify(src/landmark_data_holistic) by extension 'ignore_ament_install'
[0.342s] Level 1:colcon.colcon_core.package_identification:_identify(src/landmark_data_holistic) by extensions ['colcon_pkg']
[0.342s] Level 1:colcon.colcon_core.package_identification:_identify(src/landmark_data_holistic) by extension 'colcon_pkg'
[0.342s] Level 1:colcon.colcon_core.package_identification:_identify(src/landmark_data_holistic) by extensions ['colcon_meta']
[0.342s] Level 1:colcon.colcon_core.package_identification:_identify(src/landmark_data_holistic) by extension 'colcon_meta'
[0.342s] Level 1:colcon.colcon_core.package_identification:_identify(src/landmark_data_holistic) by extensions ['ros']
[0.342s] Level 1:colcon.colcon_core.package_identification:_identify(src/landmark_data_holistic) by extension 'ros'
[0.342s] Level 1:colcon.colcon_core.package_identification:_identify(src/landmark_data_holistic) by extensions ['cmake', 'python']
[0.342s] Level 1:colcon.colcon_core.package_identification:_identify(src/landmark_data_holistic) by extension 'cmake'
[0.342s] Level 1:colcon.colcon_core.package_identification:_identify(src/landmark_data_holistic) by extension 'python'
[0.342s] Level 1:colcon.colcon_core.package_identification:_identify(src/landmark_data_holistic) by extensions ['python_setup_py']
[0.342s] Level 1:colcon.colcon_core.package_identification:_identify(src/landmark_data_holistic) by extension 'python_setup_py'
[0.342s] Level 1:colcon.colcon_core.package_identification:_identify(src/landmark_data_holistic/ASCEND) by extensions ['ignore', 'ignore_ament_install']
[0.342s] Level 1:colcon.colcon_core.package_identification:_identify(src/landmark_data_holistic/ASCEND) by extension 'ignore'
[0.342s] Level 1:colcon.colcon_core.package_identification:_identify(src/landmark_data_holistic/ASCEND) by extension 'ignore_ament_install'
[0.342s] Level 1:colcon.colcon_core.package_identification:_identify(src/landmark_data_holistic/ASCEND) by extensions ['colcon_pkg']
[0.342s] Level 1:colcon.colcon_core.package_identification:_identify(src/landmark_data_holistic/ASCEND) by extension 'colcon_pkg'
[0.342s] Level 1:colcon.colcon_core.package_identification:_identify(src/landmark_data_holistic/ASCEND) by extensions ['colcon_meta']
[0.342s] Level 1:colcon.colcon_core.package_identification:_identify(src/landmark_data_holistic/ASCEND) by extension 'colcon_meta'
[0.342s] Level 1:colcon.colcon_core.package_identification:_identify(src/landmark_data_holistic/ASCEND) by extensions ['ros']
[0.342s] Level 1:colcon.colcon_core.package_identification:_identify(src/landmark_data_holistic/ASCEND) by extension 'ros'
[0.343s] Level 1:colcon.colcon_core.package_identification:_identify(src/landmark_data_holistic/ASCEND) by extensions ['cmake', 'python']
[0.343s] Level 1:colcon.colcon_core.package_identification:_identify(src/landmark_data_holistic/ASCEND) by extension 'cmake'
[0.343s] Level 1:colcon.colcon_core.package_identification:_identify(src/landmark_data_holistic/ASCEND) by extension 'python'
[0.343s] Level 1:colcon.colcon_core.package_identification:_identify(src/landmark_data_holistic/ASCEND) by extensions ['python_setup_py']
[0.343s] Level 1:colcon.colcon_core.package_identification:_identify(src/landmark_data_holistic/ASCEND) by extension 'python_setup_py'
[0.343s] Level 1:colcon.colcon_core.package_identification:_identify(src/landmark_data_holistic/BUDDY_UP) by extensions ['ignore', 'ignore_ament_install']
[0.343s] Level 1:colcon.colcon_core.package_identification:_identify(src/landmark_data_holistic/BUDDY_UP) by extension 'ignore'
[0.343s] Level 1:colcon.colcon_core.package_identification:_identify(src/landmark_data_holistic/BUDDY_UP) by extension 'ignore_ament_install'
[0.343s] Level 1:colcon.colcon_core.package_identification:_identify(src/landmark_data_holistic/BUDDY_UP) by extensions ['colcon_pkg']
[0.343s] Level 1:colcon.colcon_core.package_identification:_identify(src/landmark_data_holistic/BUDDY_UP) by extension 'colcon_pkg'
[0.343s] Level 1:colcon.colcon_core.package_identification:_identify(src/landmark_data_holistic/BUDDY_UP) by extensions ['colcon_meta']
[0.343s] Level 1:colcon.colcon_core.package_identification:_identify(src/landmark_data_holistic/BUDDY_UP) by extension 'colcon_meta'
[0.343s] Level 1:colcon.colcon_core.package_identification:_identify(src/landmark_data_holistic/BUDDY_UP) by extensions ['ros']
[0.343s] Level 1:colcon.colcon_core.package_identification:_identify(src/landmark_data_holistic/BUDDY_UP) by extension 'ros'
[0.343s] Level 1:colcon.colcon_core.package_identification:_identify(src/landmark_data_holistic/BUDDY_UP) by extensions ['cmake', 'python']
[0.343s] Level 1:colcon.colcon_core.package_identification:_identify(src/landmark_data_holistic/BUDDY_UP) by extension 'cmake'
[0.343s] Level 1:colcon.colcon_core.package_identification:_identify(src/landmark_data_holistic/BUDDY_UP) by extension 'python'
[0.343s] Level 1:colcon.colcon_core.package_identification:_identify(src/landmark_data_holistic/BUDDY_UP) by extensions ['python_setup_py']
[0.343s] Level 1:colcon.colcon_core.package_identification:_identify(src/landmark_data_holistic/BUDDY_UP) by extension 'python_setup_py'
[0.343s] Level 1:colcon.colcon_core.package_identification:_identify(src/landmark_data_holistic/DESCEND) by extensions ['ignore', 'ignore_ament_install']
[0.343s] Level 1:colcon.colcon_core.package_identification:_identify(src/landmark_data_holistic/DESCEND) by extension 'ignore'
[0.343s] Level 1:colcon.colcon_core.package_identification:_identify(src/landmark_data_holistic/DESCEND) by extension 'ignore_ament_install'
[0.343s] Level 1:colcon.colcon_core.package_identification:_identify(src/landmark_data_holistic/DESCEND) by extensions ['colcon_pkg']
[0.343s] Level 1:colcon.colcon_core.package_identification:_identify(src/landmark_data_holistic/DESCEND) by extension 'colcon_pkg'
[0.343s] Level 1:colcon.colcon_core.package_identification:_identify(src/landmark_data_holistic/DESCEND) by extensions ['colcon_meta']
[0.343s] Level 1:colcon.colcon_core.package_identification:_identify(src/landmark_data_holistic/DESCEND) by extension 'colcon_meta'
[0.343s] Level 1:colcon.colcon_core.package_identification:_identify(src/landmark_data_holistic/DESCEND) by extensions ['ros']
[0.343s] Level 1:colcon.colcon_core.package_identification:_identify(src/landmark_data_holistic/DESCEND) by extension 'ros'
[0.343s] Level 1:colcon.colcon_core.package_identification:_identify(src/landmark_data_holistic/DESCEND) by extensions ['cmake', 'python']
[0.343s] Level 1:colcon.colcon_core.package_identification:_identify(src/landmark_data_holistic/DESCEND) by extension 'cmake'
[0.343s] Level 1:colcon.colcon_core.package_identification:_identify(src/landmark_data_holistic/DESCEND) by extension 'python'
[0.343s] Level 1:colcon.colcon_core.package_identification:_identify(src/landmark_data_holistic/DESCEND) by extensions ['python_setup_py']
[0.343s] Level 1:colcon.colcon_core.package_identification:_identify(src/landmark_data_holistic/DESCEND) by extension 'python_setup_py'
[0.343s] Level 1:colcon.colcon_core.package_identification:_identify(src/landmark_data_holistic/FOLLOW_ME) by extensions ['ignore', 'ignore_ament_install']
[0.343s] Level 1:colcon.colcon_core.package_identification:_identify(src/landmark_data_holistic/FOLLOW_ME) by extension 'ignore'
[0.343s] Level 1:colcon.colcon_core.package_identification:_identify(src/landmark_data_holistic/FOLLOW_ME) by extension 'ignore_ament_install'
[0.343s] Level 1:colcon.colcon_core.package_identification:_identify(src/landmark_data_holistic/FOLLOW_ME) by extensions ['colcon_pkg']
[0.343s] Level 1:colcon.colcon_core.package_identification:_identify(src/landmark_data_holistic/FOLLOW_ME) by extension 'colcon_pkg'
[0.343s] Level 1:colcon.colcon_core.package_identification:_identify(src/landmark_data_holistic/FOLLOW_ME) by extensions ['colcon_meta']
[0.343s] Level 1:colcon.colcon_core.package_identification:_identify(src/landmark_data_holistic/FOLLOW_ME) by extension 'colcon_meta'
[0.343s] Level 1:colcon.colcon_core.package_identification:_identify(src/landmark_data_holistic/FOLLOW_ME) by extensions ['ros']
[0.343s] Level 1:colcon.colcon_core.package_identification:_identify(src/landmark_data_holistic/FOLLOW_ME) by extension 'ros'
[0.343s] Level 1:colcon.colcon_core.package_identification:_identify(src/landmark_data_holistic/FOLLOW_ME) by extensions ['cmake', 'python']
[0.343s] Level 1:colcon.colcon_core.package_identification:_identify(src/landmark_data_holistic/FOLLOW_ME) by extension 'cmake'
[0.343s] Level 1:colcon.colcon_core.package_identification:_identify(src/landmark_data_holistic/FOLLOW_ME) by extension 'python'
[0.343s] Level 1:colcon.colcon_core.package_identification:_identify(src/landmark_data_holistic/FOLLOW_ME) by extensions ['python_setup_py']
[0.343s] Level 1:colcon.colcon_core.package_identification:_identify(src/landmark_data_holistic/FOLLOW_ME) by extension 'python_setup_py'
[0.343s] Level 1:colcon.colcon_core.package_identification:_identify(src/landmark_data_holistic/ME) by extensions ['ignore', 'ignore_ament_install']
[0.343s] Level 1:colcon.colcon_core.package_identification:_identify(src/landmark_data_holistic/ME) by extension 'ignore'
[0.343s] Level 1:colcon.colcon_core.package_identification:_identify(src/landmark_data_holistic/ME) by extension 'ignore_ament_install'
[0.344s] Level 1:colcon.colcon_core.package_identification:_identify(src/landmark_data_holistic/ME) by extensions ['colcon_pkg']
[0.344s] Level 1:colcon.colcon_core.package_identification:_identify(src/landmark_data_holistic/ME) by extension 'colcon_pkg'
[0.344s] Level 1:colcon.colcon_core.package_identification:_identify(src/landmark_data_holistic/ME) by extensions ['colcon_meta']
[0.344s] Level 1:colcon.colcon_core.package_identification:_identify(src/landmark_data_holistic/ME) by extension 'colcon_meta'
[0.344s] Level 1:colcon.colcon_core.package_identification:_identify(src/landmark_data_holistic/ME) by extensions ['ros']
[0.344s] Level 1:colcon.colcon_core.package_identification:_identify(src/landmark_data_holistic/ME) by extension 'ros'
[0.344s] Level 1:colcon.colcon_core.package_identification:_identify(src/landmark_data_holistic/ME) by extensions ['cmake', 'python']
[0.344s] Level 1:colcon.colcon_core.package_identification:_identify(src/landmark_data_holistic/ME) by extension 'cmake'
[0.344s] Level 1:colcon.colcon_core.package_identification:_identify(src/landmark_data_holistic/ME) by extension 'python'
[0.344s] Level 1:colcon.colcon_core.package_identification:_identify(src/landmark_data_holistic/ME) by extensions ['python_setup_py']
[0.344s] Level 1:colcon.colcon_core.package_identification:_identify(src/landmark_data_holistic/ME) by extension 'python_setup_py'
[0.344s] Level 1:colcon.colcon_core.package_identification:_identify(src/landmark_data_holistic/OK) by extensions ['ignore', 'ignore_ament_install']
[0.344s] Level 1:colcon.colcon_core.package_identification:_identify(src/landmark_data_holistic/OK) by extension 'ignore'
[0.344s] Level 1:colcon.colcon_core.package_identification:_identify(src/landmark_data_holistic/OK) by extension 'ignore_ament_install'
[0.344s] Level 1:colcon.colcon_core.package_identification:_identify(src/landmark_data_holistic/OK) by extensions ['colcon_pkg']
[0.344s] Level 1:colcon.colcon_core.package_identification:_identify(src/landmark_data_holistic/OK) by extension 'colcon_pkg'
[0.344s] Level 1:colcon.colcon_core.package_identification:_identify(src/landmark_data_holistic/OK) by extensions ['colcon_meta']
[0.344s] Level 1:colcon.colcon_core.package_identification:_identify(src/landmark_data_holistic/OK) by extension 'colcon_meta'
[0.344s] Level 1:colcon.colcon_core.package_identification:_identify(src/landmark_data_holistic/OK) by extensions ['ros']
[0.344s] Level 1:colcon.colcon_core.package_identification:_identify(src/landmark_data_holistic/OK) by extension 'ros'
[0.344s] Level 1:colcon.colcon_core.package_identification:_identify(src/landmark_data_holistic/OK) by extensions ['cmake', 'python']
[0.344s] Level 1:colcon.colcon_core.package_identification:_identify(src/landmark_data_holistic/OK) by extension 'cmake'
[0.344s] Level 1:colcon.colcon_core.package_identification:_identify(src/landmark_data_holistic/OK) by extension 'python'
[0.344s] Level 1:colcon.colcon_core.package_identification:_identify(src/landmark_data_holistic/OK) by extensions ['python_setup_py']
[0.344s] Level 1:colcon.colcon_core.package_identification:_identify(src/landmark_data_holistic/OK) by extension 'python_setup_py'
[0.344s] Level 1:colcon.colcon_core.package_identification:_identify(src/landmark_data_holistic/STAY) by extensions ['ignore', 'ignore_ament_install']
[0.344s] Level 1:colcon.colcon_core.package_identification:_identify(src/landmark_data_holistic/STAY) by extension 'ignore'
[0.344s] Level 1:colcon.colcon_core.package_identification:_identify(src/landmark_data_holistic/STAY) by extension 'ignore_ament_install'
[0.344s] Level 1:colcon.colcon_core.package_identification:_identify(src/landmark_data_holistic/STAY) by extensions ['colcon_pkg']
[0.344s] Level 1:colcon.colcon_core.package_identification:_identify(src/landmark_data_holistic/STAY) by extension 'colcon_pkg'
[0.344s] Level 1:colcon.colcon_core.package_identification:_identify(src/landmark_data_holistic/STAY) by extensions ['colcon_meta']
[0.344s] Level 1:colcon.colcon_core.package_identification:_identify(src/landmark_data_holistic/STAY) by extension 'colcon_meta'
[0.344s] Level 1:colcon.colcon_core.package_identification:_identify(src/landmark_data_holistic/STAY) by extensions ['ros']
[0.344s] Level 1:colcon.colcon_core.package_identification:_identify(src/landmark_data_holistic/STAY) by extension 'ros'
[0.344s] Level 1:colcon.colcon_core.package_identification:_identify(src/landmark_data_holistic/STAY) by extensions ['cmake', 'python']
[0.344s] Level 1:colcon.colcon_core.package_identification:_identify(src/landmark_data_holistic/STAY) by extension 'cmake'
[0.344s] Level 1:colcon.colcon_core.package_identification:_identify(src/landmark_data_holistic/STAY) by extension 'python'
[0.344s] Level 1:colcon.colcon_core.package_identification:_identify(src/landmark_data_holistic/STAY) by extensions ['python_setup_py']
[0.344s] Level 1:colcon.colcon_core.package_identification:_identify(src/landmark_data_holistic/STAY) by extension 'python_setup_py'
[0.344s] Level 1:colcon.colcon_core.package_identification:_identify(src/landmark_data_holistic/STOP) by extensions ['ignore', 'ignore_ament_install']
[0.344s] Level 1:colcon.colcon_core.package_identification:_identify(src/landmark_data_holistic/STOP) by extension 'ignore'
[0.344s] Level 1:colcon.colcon_core.package_identification:_identify(src/landmark_data_holistic/STOP) by extension 'ignore_ament_install'
[0.344s] Level 1:colcon.colcon_core.package_identification:_identify(src/landmark_data_holistic/STOP) by extensions ['colcon_pkg']
[0.344s] Level 1:colcon.colcon_core.package_identification:_identify(src/landmark_data_holistic/STOP) by extension 'colcon_pkg'
[0.344s] Level 1:colcon.colcon_core.package_identification:_identify(src/landmark_data_holistic/STOP) by extensions ['colcon_meta']
[0.344s] Level 1:colcon.colcon_core.package_identification:_identify(src/landmark_data_holistic/STOP) by extension 'colcon_meta'
[0.344s] Level 1:colcon.colcon_core.package_identification:_identify(src/landmark_data_holistic/STOP) by extensions ['ros']
[0.344s] Level 1:colcon.colcon_core.package_identification:_identify(src/landmark_data_holistic/STOP) by extension 'ros'
[0.344s] Level 1:colcon.colcon_core.package_identification:_identify(src/landmark_data_holistic/STOP) by extensions ['cmake', 'python']
[0.344s] Level 1:colcon.colcon_core.package_identification:_identify(src/landmark_data_holistic/STOP) by extension 'cmake'
[0.344s] Level 1:colcon.colcon_core.package_identification:_identify(src/landmark_data_holistic/STOP) by extension 'python'
[0.344s] Level 1:colcon.colcon_core.package_identification:_identify(src/landmark_data_holistic/STOP) by extensions ['python_setup_py']
[0.344s] Level 1:colcon.colcon_core.package_identification:_identify(src/landmark_data_holistic/STOP) by extension 'python_setup_py'
[0.345s] Level 1:colcon.colcon_core.package_identification:_identify(src/landmark_data_holistic/ToLeft) by extensions ['ignore', 'ignore_ament_install']
[0.345s] Level 1:colcon.colcon_core.package_identification:_identify(src/landmark_data_holistic/ToLeft) by extension 'ignore'
[0.345s] Level 1:colcon.colcon_core.package_identification:_identify(src/landmark_data_holistic/ToLeft) by extension 'ignore_ament_install'
[0.345s] Level 1:colcon.colcon_core.package_identification:_identify(src/landmark_data_holistic/ToLeft) by extensions ['colcon_pkg']
[0.345s] Level 1:colcon.colcon_core.package_identification:_identify(src/landmark_data_holistic/ToLeft) by extension 'colcon_pkg'
[0.345s] Level 1:colcon.colcon_core.package_identification:_identify(src/landmark_data_holistic/ToLeft) by extensions ['colcon_meta']
[0.345s] Level 1:colcon.colcon_core.package_identification:_identify(src/landmark_data_holistic/ToLeft) by extension 'colcon_meta'
[0.345s] Level 1:colcon.colcon_core.package_identification:_identify(src/landmark_data_holistic/ToLeft) by extensions ['ros']
[0.345s] Level 1:colcon.colcon_core.package_identification:_identify(src/landmark_data_holistic/ToLeft) by extension 'ros'
[0.345s] Level 1:colcon.colcon_core.package_identification:_identify(src/landmark_data_holistic/ToLeft) by extensions ['cmake', 'python']
[0.345s] Level 1:colcon.colcon_core.package_identification:_identify(src/landmark_data_holistic/ToLeft) by extension 'cmake'
[0.345s] Level 1:colcon.colcon_core.package_identification:_identify(src/landmark_data_holistic/ToLeft) by extension 'python'
[0.345s] Level 1:colcon.colcon_core.package_identification:_identify(src/landmark_data_holistic/ToLeft) by extensions ['python_setup_py']
[0.345s] Level 1:colcon.colcon_core.package_identification:_identify(src/landmark_data_holistic/ToLeft) by extension 'python_setup_py'
[0.345s] Level 1:colcon.colcon_core.package_identification:_identify(src/landmark_data_holistic/ToRight) by extensions ['ignore', 'ignore_ament_install']
[0.345s] Level 1:colcon.colcon_core.package_identification:_identify(src/landmark_data_holistic/ToRight) by extension 'ignore'
[0.345s] Level 1:colcon.colcon_core.package_identification:_identify(src/landmark_data_holistic/ToRight) by extension 'ignore_ament_install'
[0.345s] Level 1:colcon.colcon_core.package_identification:_identify(src/landmark_data_holistic/ToRight) by extensions ['colcon_pkg']
[0.345s] Level 1:colcon.colcon_core.package_identification:_identify(src/landmark_data_holistic/ToRight) by extension 'colcon_pkg'
[0.345s] Level 1:colcon.colcon_core.package_identification:_identify(src/landmark_data_holistic/ToRight) by extensions ['colcon_meta']
[0.345s] Level 1:colcon.colcon_core.package_identification:_identify(src/landmark_data_holistic/ToRight) by extension 'colcon_meta'
[0.345s] Level 1:colcon.colcon_core.package_identification:_identify(src/landmark_data_holistic/ToRight) by extensions ['ros']
[0.345s] Level 1:colcon.colcon_core.package_identification:_identify(src/landmark_data_holistic/ToRight) by extension 'ros'
[0.345s] Level 1:colcon.colcon_core.package_identification:_identify(src/landmark_data_holistic/ToRight) by extensions ['cmake', 'python']
[0.345s] Level 1:colcon.colcon_core.package_identification:_identify(src/landmark_data_holistic/ToRight) by extension 'cmake'
[0.345s] Level 1:colcon.colcon_core.package_identification:_identify(src/landmark_data_holistic/ToRight) by extension 'python'
[0.345s] Level 1:colcon.colcon_core.package_identification:_identify(src/landmark_data_holistic/ToRight) by extensions ['python_setup_py']
[0.345s] Level 1:colcon.colcon_core.package_identification:_identify(src/landmark_data_holistic/ToRight) by extension 'python_setup_py'
[0.346s] Level 1:colcon.colcon_core.package_identification:_identify(src/landmark_data_holistic/YOU) by extensions ['ignore', 'ignore_ament_install']
[0.346s] Level 1:colcon.colcon_core.package_identification:_identify(src/landmark_data_holistic/YOU) by extension 'ignore'
[0.346s] Level 1:colcon.colcon_core.package_identification:_identify(src/landmark_data_holistic/YOU) by extension 'ignore_ament_install'
[0.346s] Level 1:colcon.colcon_core.package_identification:_identify(src/landmark_data_holistic/YOU) by extensions ['colcon_pkg']
[0.346s] Level 1:colcon.colcon_core.package_identification:_identify(src/landmark_data_holistic/YOU) by extension 'colcon_pkg'
[0.346s] Level 1:colcon.colcon_core.package_identification:_identify(src/landmark_data_holistic/YOU) by extensions ['colcon_meta']
[0.346s] Level 1:colcon.colcon_core.package_identification:_identify(src/landmark_data_holistic/YOU) by extension 'colcon_meta'
[0.346s] Level 1:colcon.colcon_core.package_identification:_identify(src/landmark_data_holistic/YOU) by extensions ['ros']
[0.346s] Level 1:colcon.colcon_core.package_identification:_identify(src/landmark_data_holistic/YOU) by extension 'ros'
[0.346s] Level 1:colcon.colcon_core.package_identification:_identify(src/landmark_data_holistic/YOU) by extensions ['cmake', 'python']
[0.346s] Level 1:colcon.colcon_core.package_identification:_identify(src/landmark_data_holistic/YOU) by extension 'cmake'
[0.346s] Level 1:colcon.colcon_core.package_identification:_identify(src/landmark_data_holistic/YOU) by extension 'python'
[0.346s] Level 1:colcon.colcon_core.package_identification:_identify(src/landmark_data_holistic/YOU) by extensions ['python_setup_py']
[0.346s] Level 1:colcon.colcon_core.package_identification:_identify(src/landmark_data_holistic/YOU) by extension 'python_setup_py'
[0.346s] Level 1:colcon.colcon_core.package_identification:_identify(src/log) by extensions ['ignore', 'ignore_ament_install']
[0.346s] Level 1:colcon.colcon_core.package_identification:_identify(src/log) by extension 'ignore'
[0.346s] Level 1:colcon.colcon_core.package_identification:_identify(src/log) ignored
[0.346s] Level 1:colcon.colcon_core.package_identification:_identify(src/perception_pkg) by extensions ['ignore', 'ignore_ament_install']
[0.346s] Level 1:colcon.colcon_core.package_identification:_identify(src/perception_pkg) by extension 'ignore'
[0.346s] Level 1:colcon.colcon_core.package_identification:_identify(src/perception_pkg) by extension 'ignore_ament_install'
[0.346s] Level 1:colcon.colcon_core.package_identification:_identify(src/perception_pkg) by extensions ['colcon_pkg']
[0.346s] Level 1:colcon.colcon_core.package_identification:_identify(src/perception_pkg) by extension 'colcon_pkg'
[0.346s] Level 1:colcon.colcon_core.package_identification:_identify(src/perception_pkg) by extensions ['colcon_meta']
[0.346s] Level 1:colcon.colcon_core.package_identification:_identify(src/perception_pkg) by extension 'colcon_meta'
[0.346s] Level 1:colcon.colcon_core.package_identification:_identify(src/perception_pkg) by extensions ['ros']
[0.346s] Level 1:colcon.colcon_core.package_identification:_identify(src/perception_pkg) by extension 'ros'
[0.347s] DEBUG:colcon.colcon_core.package_identification:Package 'src/perception_pkg' with type 'ros.ament_python' and name 'perception_pkg'
[0.347s] Level 1:colcon.colcon_core.package_identification:_identify(src/visualization_pkg) by extensions ['ignore', 'ignore_ament_install']
[0.347s] Level 1:colcon.colcon_core.package_identification:_identify(src/visualization_pkg) by extension 'ignore'
[0.347s] Level 1:colcon.colcon_core.package_identification:_identify(src/visualization_pkg) by extension 'ignore_ament_install'
[0.347s] Level 1:colcon.colcon_core.package_identification:_identify(src/visualization_pkg) by extensions ['colcon_pkg']
[0.347s] Level 1:colcon.colcon_core.package_identification:_identify(src/visualization_pkg) by extension 'colcon_pkg'
[0.347s] Level 1:colcon.colcon_core.package_identification:_identify(src/visualization_pkg) by extensions ['colcon_meta']
[0.347s] Level 1:colcon.colcon_core.package_identification:_identify(src/visualization_pkg) by extension 'colcon_meta'
[0.347s] Level 1:colcon.colcon_core.package_identification:_identify(src/visualization_pkg) by extensions ['ros']
[0.347s] Level 1:colcon.colcon_core.package_identification:_identify(src/visualization_pkg) by extension 'ros'
[0.347s] DEBUG:colcon.colcon_core.package_identification:Package 'src/visualization_pkg' with type 'ros.ament_python' and name 'visualization_pkg'
[0.347s] Level 1:colcon.colcon_core.package_discovery:discover_packages(recursive) using defaults
[0.347s] Level 1:colcon.colcon_core.package_discovery:discover_packages(ignore) discover
[0.347s] Level 1:colcon.colcon_core.package_discovery:discover_packages(ignore) using defaults
[0.347s] Level 1:colcon.colcon_core.package_discovery:discover_packages(path) discover
[0.347s] Level 1:colcon.colcon_core.package_discovery:discover_packages(path) using defaults
[0.360s] Level 1:colcon.colcon_core.package_discovery:discover_packages(prefix_path) check parameters
[0.360s] Level 1:colcon.colcon_core.package_discovery:discover_packages(prefix_path) discover
[0.362s] DEBUG:colcon.colcon_installed_package_information.package_discovery:Found 3 installed packages in /home/bakerherrin/ROS2-Gesture-Detection/install
[0.363s] DEBUG:colcon.colcon_installed_package_information.package_discovery:Found 346 installed packages in /opt/ros/humble
[0.363s] Level 1:colcon.colcon_core.package_discovery:discover_packages(prefix_path) using defaults
[0.397s] Level 5:colcon.colcon_core.verb:set package 'camera_pkg' build argument 'cmake_args' from command line to 'None'
[0.397s] Level 5:colcon.colcon_core.verb:set package 'camera_pkg' build argument 'cmake_target' from command line to 'None'
[0.397s] Level 5:colcon.colcon_core.verb:set package 'camera_pkg' build argument 'cmake_target_skip_unavailable' from command line to 'False'
[0.398s] Level 5:colcon.colcon_core.verb:set package 'camera_pkg' build argument 'cmake_clean_cache' from command line to 'False'
[0.398s] Level 5:colcon.colcon_core.verb:set package 'camera_pkg' build argument 'cmake_clean_first' from command line to 'False'
[0.398s] Level 5:colcon.colcon_core.verb:set package 'camera_pkg' build argument 'cmake_force_configure' from command line to 'False'
[0.398s] Level 5:colcon.colcon_core.verb:set package 'camera_pkg' build argument 'ament_cmake_args' from command line to 'None'
[0.398s] Level 5:colcon.colcon_core.verb:set package 'camera_pkg' build argument 'catkin_cmake_args' from command line to 'None'
[0.398s] Level 5:colcon.colcon_core.verb:set package 'camera_pkg' build argument 'catkin_skip_building_tests' from command line to 'False'
[0.398s] DEBUG:colcon.colcon_core.verb:Building package 'camera_pkg' with the following arguments: {'ament_cmake_args': None, 'build_base': '/home/bakerherrin/ROS2-Gesture-Detection/build/camera_pkg', 'catkin_cmake_args': None, 'catkin_skip_building_tests': False, 'cmake_args': None, 'cmake_clean_cache': False, 'cmake_clean_first': False, 'cmake_force_configure': False, 'cmake_target': None, 'cmake_target_skip_unavailable': False, 'install_base': '/home/bakerherrin/ROS2-Gesture-Detection/install/camera_pkg', 'merge_install': False, 'path': '/home/bakerherrin/ROS2-Gesture-Detection/src/camera_pkg', 'symlink_install': False, 'test_result_base': None}
[0.398s] Level 5:colcon.colcon_core.verb:set package 'perception_pkg' build argument 'cmake_args' from command line to 'None'
[0.398s] Level 5:colcon.colcon_core.verb:set package 'perception_pkg' build argument 'cmake_target' from command line to 'None'
[0.398s] Level 5:colcon.colcon_core.verb:set package 'perception_pkg' build argument 'cmake_target_skip_unavailable' from command line to 'False'
[0.398s] Level 5:colcon.colcon_core.verb:set package 'perception_pkg' build argument 'cmake_clean_cache' from command line to 'False'
[0.398s] Level 5:colcon.colcon_core.verb:set package 'perception_pkg' build argument 'cmake_clean_first' from command line to 'False'
[0.398s] Level 5:colcon.colcon_core.verb:set package 'perception_pkg' build argument 'cmake_force_configure' from command line to 'False'
[0.398s] Level 5:colcon.colcon_core.verb:set package 'perception_pkg' build argument 'ament_cmake_args' from command line to 'None'
[0.398s] Level 5:colcon.colcon_core.verb:set package 'perception_pkg' build argument 'catkin_cmake_args' from command line to 'None'
[0.398s] Level 5:colcon.colcon_core.verb:set package 'perception_pkg' build argument 'catkin_skip_building_tests' from command line to 'False'
[0.398s] DEBUG:colcon.colcon_core.verb:Building package 'perception_pkg' with the following arguments: {'ament_cmake_args': None, 'build_base': '/home/bakerherrin/ROS2-Gesture-Detection/build/perception_pkg', 'catkin_cmake_args': None, 'catkin_skip_building_tests': False, 'cmake_args': None, 'cmake_clean_cache': False, 'cmake_clean_first': False, 'cmake_force_configure': False, 'cmake_target': None, 'cmake_target_skip_unavailable': False, 'install_base': '/home/bakerherrin/ROS2-Gesture-Detection/install/perception_pkg', 'merge_install': False, 'path': '/home/bakerherrin/ROS2-Gesture-Detection/src/perception_pkg', 'symlink_install': False, 'test_result_base': None}
[0.399s] Level 5:colcon.colcon_core.verb:set package 'visualization_pkg' build argument 'cmake_args' from command line to 'None'
[0.399s] Level 5:colcon.colcon_core.verb:set package 'visualization_pkg' build argument 'cmake_target' from command line to 'None'
[0.399s] Level 5:colcon.colcon_core.verb:set package 'visualization_pkg' build argument 'cmake_target_skip_unavailable' from command line to 'False'
[0.399s] Level 5:colcon.colcon_core.verb:set package 'visualization_pkg' build argument 'cmake_clean_cache' from command line to 'False'
[0.399s] Level 5:colcon.colcon_core.verb:set package 'visualization_pkg' build argument 'cmake_clean_first' from command line to 'False'
[0.399s] Level 5:colcon.colcon_core.verb:set package 'visualization_pkg' build argument 'cmake_force_configure' from command line to 'False'
[0.399s] Level 5:colcon.colcon_core.verb:set package 'visualization_pkg' build argument 'ament_cmake_args' from command line to 'None'
[0.399s] Level 5:colcon.colcon_core.verb:set package 'visualization_pkg' build argument 'catkin_cmake_args' from command line to 'None'
[0.399s] Level 5:colcon.colcon_core.verb:set package 'visualization_pkg' build argument 'catkin_skip_building_tests' from command line to 'False'
[0.399s] DEBUG:colcon.colcon_core.verb:Building package 'visualization_pkg' with the following arguments: {'ament_cmake_args': None, 'build_base': '/home/bakerherrin/ROS2-Gesture-Detection/build/visualization_pkg', 'catkin_cmake_args': None, 'catkin_skip_building_tests': False, 'cmake_args': None, 'cmake_clean_cache': False, 'cmake_clean_first': False, 'cmake_force_configure': False, 'cmake_target': None, 'cmake_target_skip_unavailable': False, 'install_base': '/home/bakerherrin/ROS2-Gesture-Detection/install/visualization_pkg', 'merge_install': False, 'path': '/home/bakerherrin/ROS2-Gesture-Detection/src/visualization_pkg', 'symlink_install': False, 'test_result_base': None}
[0.399s] INFO:colcon.colcon_core.executor:Executing jobs using 'parallel' executor
[0.401s] DEBUG:colcon.colcon_parallel_executor.executor.parallel:run_until_complete
[0.401s] INFO:colcon.colcon_core.task.python.build:Building Python package in '/home/bakerherrin/ROS2-Gesture-Detection/src/camera_pkg'
[0.403s] INFO:colcon.colcon_core.plugin_system:Skipping extension 'colcon_core.shell.bat': Not used on non-Windows systems
[0.403s] INFO:colcon.colcon_core.shell:Skip shell extension 'powershell' for command environment: Not usable outside of PowerShell
[0.403s] DEBUG:colcon.colcon_core.shell:Skip shell extension 'dsv' for command environment
[0.406s] INFO:colcon.colcon_ros.task.ament_python.build:Building ROS package in '/home/bakerherrin/ROS2-Gesture-Detection/src/perception_pkg' with build type 'ament_python'
[0.406s] Level 1:colcon.colcon_core.shell:create_environment_hook('perception_pkg', 'ament_prefix_path')
[0.407s] INFO:colcon.colcon_core.shell:Creating environment hook '/home/bakerherrin/ROS2-Gesture-Detection/install/perception_pkg/share/perception_pkg/hook/ament_prefix_path.ps1'
[0.407s] INFO:colcon.colcon_core.shell:Creating environment descriptor '/home/bakerherrin/ROS2-Gesture-Detection/install/perception_pkg/share/perception_pkg/hook/ament_prefix_path.dsv'
[0.407s] INFO:colcon.colcon_core.shell:Creating environment hook '/home/bakerherrin/ROS2-Gesture-Detection/install/perception_pkg/share/perception_pkg/hook/ament_prefix_path.sh'
[0.408s] INFO:colcon.colcon_core.shell:Skip shell extension 'powershell' for command environment: Not usable outside of PowerShell
[0.408s] DEBUG:colcon.colcon_core.shell:Skip shell extension 'dsv' for command environment
[0.411s] INFO:colcon.colcon_ros.task.ament_python.build:Building ROS package in '/home/bakerherrin/ROS2-Gesture-Detection/src/visualization_pkg' with build type 'ament_python'
[0.411s] Level 1:colcon.colcon_core.shell:create_environment_hook('visualization_pkg', 'ament_prefix_path')
[0.411s] INFO:colcon.colcon_core.shell:Creating environment hook '/home/bakerherrin/ROS2-Gesture-Detection/install/visualization_pkg/share/visualization_pkg/hook/ament_prefix_path.ps1'
[0.412s] INFO:colcon.colcon_core.shell:Creating environment descriptor '/home/bakerherrin/ROS2-Gesture-Detection/install/visualization_pkg/share/visualization_pkg/hook/ament_prefix_path.dsv'
[0.412s] INFO:colcon.colcon_core.shell:Creating environment hook '/home/bakerherrin/ROS2-Gesture-Detection/install/visualization_pkg/share/visualization_pkg/hook/ament_prefix_path.sh'
[0.413s] INFO:colcon.colcon_core.shell:Skip shell extension 'powershell' for command environment: Not usable outside of PowerShell
[0.413s] DEBUG:colcon.colcon_core.shell:Skip shell extension 'dsv' for command environment
[0.709s] INFO:colcon.colcon_core.task.python.build:Building Python package in '/home/bakerherrin/ROS2-Gesture-Detection/src/perception_pkg'
[0.710s] INFO:colcon.colcon_core.shell:Skip shell extension 'powershell' for command environment: Not usable outside of PowerShell
[0.710s] DEBUG:colcon.colcon_core.shell:Skip shell extension 'dsv' for command environment
[0.858s] INFO:colcon.colcon_core.task.python.build:Building Python package in '/home/bakerherrin/ROS2-Gesture-Detection/src/visualization_pkg'
[0.859s] INFO:colcon.colcon_core.shell:Skip shell extension 'powershell' for command environment: Not usable outside of PowerShell
[0.859s] DEBUG:colcon.colcon_core.shell:Skip shell extension 'dsv' for command environment
[0.865s] DEBUG:colcon.colcon_core.event_handler.log_command:Invoking command in '/home/bakerherrin/ROS2-Gesture-Detection/src/camera_pkg': CONDA_PROMPT_MODIFIER=(base) PYTHONPATH=/home/bakerherrin/ROS2-Gesture-Detection/build/camera_pkg/prefix_override:/home/bakerherrin/ROS2-Gesture-Detection/install/camera_pkg/lib/python3.10/site-packages:${PYTHONPATH} /usr/bin/python3 setup.py egg_info --egg-base ../../build/camera_pkg build --build-base /home/bakerherrin/ROS2-Gesture-Detection/build/camera_pkg/build install --record /home/bakerherrin/ROS2-Gesture-Detection/build/camera_pkg/install.log --single-version-externally-managed
[1.036s] DEBUG:colcon.colcon_core.event_handler.log_command:Invoked command in '/home/bakerherrin/ROS2-Gesture-Detection/src/camera_pkg' returned '0': CONDA_PROMPT_MODIFIER=(base) PYTHONPATH=/home/bakerherrin/ROS2-Gesture-Detection/build/camera_pkg/prefix_override:/home/bakerherrin/ROS2-Gesture-Detection/install/camera_pkg/lib/python3.10/site-packages:${PYTHONPATH} /usr/bin/python3 setup.py egg_info --egg-base ../../build/camera_pkg build --build-base /home/bakerherrin/ROS2-Gesture-Detection/build/camera_pkg/build install --record /home/bakerherrin/ROS2-Gesture-Detection/build/camera_pkg/install.log --single-version-externally-managed
[1.038s] Level 1:colcon.colcon_core.environment:checking '/home/bakerherrin/ROS2-Gesture-Detection/install/camera_pkg' for CMake module files
[1.038s] Level 1:colcon.colcon_core.environment:checking '/home/bakerherrin/ROS2-Gesture-Detection/install/camera_pkg' for CMake config files
[1.038s] Level 1:colcon.colcon_core.environment:checking '/home/bakerherrin/ROS2-Gesture-Detection/install/camera_pkg/lib'
[1.039s] Level 1:colcon.colcon_core.environment:checking '/home/bakerherrin/ROS2-Gesture-Detection/install/camera_pkg/bin'
[1.039s] Level 1:colcon.colcon_core.environment:checking '/home/bakerherrin/ROS2-Gesture-Detection/install/camera_pkg/lib/pkgconfig/camera_pkg.pc'
[1.039s] Level 1:colcon.colcon_core.environment:checking '/home/bakerherrin/ROS2-Gesture-Detection/install/camera_pkg/lib/python3.10/site-packages'
[1.039s] Level 1:colcon.colcon_core.shell:create_environment_hook('camera_pkg', 'pythonpath')
[1.039s] INFO:colcon.colcon_core.shell:Creating environment hook '/home/bakerherrin/ROS2-Gesture-Detection/install/camera_pkg/share/camera_pkg/hook/pythonpath.ps1'
[1.040s] INFO:colcon.colcon_core.shell:Creating environment descriptor '/home/bakerherrin/ROS2-Gesture-Detection/install/camera_pkg/share/camera_pkg/hook/pythonpath.dsv'
[1.040s] INFO:colcon.colcon_core.shell:Creating environment hook '/home/bakerherrin/ROS2-Gesture-Detection/install/camera_pkg/share/camera_pkg/hook/pythonpath.sh'
[1.040s] Level 1:colcon.colcon_core.environment:checking '/home/bakerherrin/ROS2-Gesture-Detection/install/camera_pkg/bin'
[1.040s] Level 1:colcon.colcon_core.environment:create_environment_scripts_only(camera_pkg)
[1.041s] INFO:colcon.colcon_core.shell:Creating package script '/home/bakerherrin/ROS2-Gesture-Detection/install/camera_pkg/share/camera_pkg/package.ps1'
[1.041s] INFO:colcon.colcon_core.shell:Creating package descriptor '/home/bakerherrin/ROS2-Gesture-Detection/install/camera_pkg/share/camera_pkg/package.dsv'
[1.042s] INFO:colcon.colcon_core.shell:Creating package script '/home/bakerherrin/ROS2-Gesture-Detection/install/camera_pkg/share/camera_pkg/package.sh'
[1.042s] INFO:colcon.colcon_core.shell:Creating package script '/home/bakerherrin/ROS2-Gesture-Detection/install/camera_pkg/share/camera_pkg/package.bash'
[1.042s] INFO:colcon.colcon_core.shell:Creating package script '/home/bakerherrin/ROS2-Gesture-Detection/install/camera_pkg/share/camera_pkg/package.zsh'
[1.042s] Level 1:colcon.colcon_core.environment:create_file_with_runtime_dependencies(/home/bakerherrin/ROS2-Gesture-Detection/install/camera_pkg/share/colcon-core/packages/camera_pkg)
[1.123s] DEBUG:colcon.colcon_core.event_handler.log_command:Invoking command in '/home/bakerherrin/ROS2-Gesture-Detection/build/perception_pkg': CONDA_PROMPT_MODIFIER=(base) PYTHONPATH=/home/bakerherrin/ROS2-Gesture-Detection/build/perception_pkg/prefix_override:/home/bakerherrin/ROS2-Gesture-Detection/install/perception_pkg/lib/python3.10/site-packages:${PYTHONPATH} /usr/bin/python3 setup.py develop --uninstall --editable --build-directory /home/bakerherrin/ROS2-Gesture-Detection/build/perception_pkg/build
[1.124s] DEBUG:colcon.colcon_core.event_handler.log_command:Invoking command in '/home/bakerherrin/ROS2-Gesture-Detection/src/visualization_pkg': CONDA_PROMPT_MODIFIER=(base) PYTHONPATH=/home/bakerherrin/ROS2-Gesture-Detection/build/visualization_pkg/prefix_override:/home/bakerherrin/ROS2-Gesture-Detection/install/visualization_pkg/lib/python3.10/site-packages:${PYTHONPATH} /usr/bin/python3 setup.py egg_info --egg-base ../../build/visualization_pkg build --build-base /home/bakerherrin/ROS2-Gesture-Detection/build/visualization_pkg/build install --record /home/bakerherrin/ROS2-Gesture-Detection/build/visualization_pkg/install.log --single-version-externally-managed
[1.288s] Level 1:colcon.colcon_core.environment:checking '/home/bakerherrin/ROS2-Gesture-Detection/install/visualization_pkg' for CMake module files
[1.289s] DEBUG:colcon.colcon_core.event_handler.log_command:Invoked command in '/home/bakerherrin/ROS2-Gesture-Detection/src/visualization_pkg' returned '0': CONDA_PROMPT_MODIFIER=(base) PYTHONPATH=/home/bakerherrin/ROS2-Gesture-Detection/build/visualization_pkg/prefix_override:/home/bakerherrin/ROS2-Gesture-Detection/install/visualization_pkg/lib/python3.10/site-packages:${PYTHONPATH} /usr/bin/python3 setup.py egg_info --egg-base ../../build/visualization_pkg build --build-base /home/bakerherrin/ROS2-Gesture-Detection/build/visualization_pkg/build install --record /home/bakerherrin/ROS2-Gesture-Detection/build/visualization_pkg/install.log --single-version-externally-managed
[1.289s] Level 1:colcon.colcon_core.environment:checking '/home/bakerherrin/ROS2-Gesture-Detection/install/visualization_pkg' for CMake config files
[1.289s] Level 1:colcon.colcon_core.environment:checking '/home/bakerherrin/ROS2-Gesture-Detection/install/visualization_pkg/lib'
[1.289s] Level 1:colcon.colcon_core.environment:checking '/home/bakerherrin/ROS2-Gesture-Detection/install/visualization_pkg/bin'
[1.290s] Level 1:colcon.colcon_core.environment:checking '/home/bakerherrin/ROS2-Gesture-Detection/install/visualization_pkg/lib/pkgconfig/visualization_pkg.pc'
[1.290s] Level 1:colcon.colcon_core.environment:checking '/home/bakerherrin/ROS2-Gesture-Detection/install/visualization_pkg/lib/python3.10/site-packages'
[1.290s] Level 1:colcon.colcon_core.shell:create_environment_hook('visualization_pkg', 'pythonpath')
[1.290s] INFO:colcon.colcon_core.shell:Creating environment hook '/home/bakerherrin/ROS2-Gesture-Detection/install/visualization_pkg/share/visualization_pkg/hook/pythonpath.ps1'
[1.291s] INFO:colcon.colcon_core.shell:Creating environment descriptor '/home/bakerherrin/ROS2-Gesture-Detection/install/visualization_pkg/share/visualization_pkg/hook/pythonpath.dsv'
[1.291s] INFO:colcon.colcon_core.shell:Creating environment hook '/home/bakerherrin/ROS2-Gesture-Detection/install/visualization_pkg/share/visualization_pkg/hook/pythonpath.sh'
[1.291s] Level 1:colcon.colcon_core.environment:checking '/home/bakerherrin/ROS2-Gesture-Detection/install/visualization_pkg/bin'
[1.291s] Level 1:colcon.colcon_core.environment:create_environment_scripts_only(visualization_pkg)
[1.292s] INFO:colcon.colcon_core.shell:Creating package script '/home/bakerherrin/ROS2-Gesture-Detection/install/visualization_pkg/share/visualization_pkg/package.ps1'
[1.292s] INFO:colcon.colcon_core.shell:Creating package descriptor '/home/bakerherrin/ROS2-Gesture-Detection/install/visualization_pkg/share/visualization_pkg/package.dsv'
[1.292s] INFO:colcon.colcon_core.shell:Creating package script '/home/bakerherrin/ROS2-Gesture-Detection/install/visualization_pkg/share/visualization_pkg/package.sh'
[1.293s] INFO:colcon.colcon_core.shell:Creating package script '/home/bakerherrin/ROS2-Gesture-Detection/install/visualization_pkg/share/visualization_pkg/package.bash'
[1.293s] INFO:colcon.colcon_core.shell:Creating package script '/home/bakerherrin/ROS2-Gesture-Detection/install/visualization_pkg/share/visualization_pkg/package.zsh'
[1.293s] Level 1:colcon.colcon_core.environment:create_file_with_runtime_dependencies(/home/bakerherrin/ROS2-Gesture-Detection/install/visualization_pkg/share/colcon-core/packages/visualization_pkg)
[1.384s] DEBUG:colcon.colcon_core.event_handler.log_command:Invoked command in '/home/bakerherrin/ROS2-Gesture-Detection/build/perception_pkg' returned '0': CONDA_PROMPT_MODIFIER=(base) PYTHONPATH=/home/bakerherrin/ROS2-Gesture-Detection/build/perception_pkg/prefix_override:/home/bakerherrin/ROS2-Gesture-Detection/install/perception_pkg/lib/python3.10/site-packages:${PYTHONPATH} /usr/bin/python3 setup.py develop --uninstall --editable --build-directory /home/bakerherrin/ROS2-Gesture-Detection/build/perception_pkg/build
[1.385s] DEBUG:colcon.colcon_core.event_handler.log_command:Invoking command in '/home/bakerherrin/ROS2-Gesture-Detection/src/perception_pkg': CONDA_PROMPT_MODIFIER=(base) PYTHONPATH=/home/bakerherrin/ROS2-Gesture-Detection/build/perception_pkg/prefix_override:/home/bakerherrin/ROS2-Gesture-Detection/install/perception_pkg/lib/python3.10/site-packages:${PYTHONPATH} /usr/bin/python3 setup.py egg_info --egg-base ../../build/perception_pkg build --build-base /home/bakerherrin/ROS2-Gesture-Detection/build/perception_pkg/build install --record /home/bakerherrin/ROS2-Gesture-Detection/build/perception_pkg/install.log --single-version-externally-managed
[1.545s] Level 1:colcon.colcon_core.environment:checking '/home/bakerherrin/ROS2-Gesture-Detection/install/perception_pkg' for CMake module files
[1.546s] DEBUG:colcon.colcon_core.event_handler.log_command:Invoked command in '/home/bakerherrin/ROS2-Gesture-Detection/src/perception_pkg' returned '0': CONDA_PROMPT_MODIFIER=(base) PYTHONPATH=/home/bakerherrin/ROS2-Gesture-Detection/build/perception_pkg/prefix_override:/home/bakerherrin/ROS2-Gesture-Detection/install/perception_pkg/lib/python3.10/site-packages:${PYTHONPATH} /usr/bin/python3 setup.py egg_info --egg-base ../../build/perception_pkg build --build-base /home/bakerherrin/ROS2-Gesture-Detection/build/perception_pkg/build install --record /home/bakerherrin/ROS2-Gesture-Detection/build/perception_pkg/install.log --single-version-externally-managed
[1.546s] Level 1:colcon.colcon_core.environment:checking '/home/bakerherrin/ROS2-Gesture-Detection/install/perception_pkg' for CMake config files
[1.546s] Level 1:colcon.colcon_core.environment:checking '/home/bakerherrin/ROS2-Gesture-Detection/install/perception_pkg/lib'
[1.546s] Level 1:colcon.colcon_core.environment:checking '/home/bakerherrin/ROS2-Gesture-Detection/install/perception_pkg/bin'
[1.547s] Level 1:colcon.colcon_core.environment:checking '/home/bakerherrin/ROS2-Gesture-Detection/install/perception_pkg/lib/pkgconfig/perception_pkg.pc'
[1.547s] Level 1:colcon.colcon_core.environment:checking '/home/bakerherrin/ROS2-Gesture-Detection/install/perception_pkg/lib/python3.10/site-packages'
[1.547s] Level 1:colcon.colcon_core.shell:create_environment_hook('perception_pkg', 'pythonpath')
[1.547s] INFO:colcon.colcon_core.shell:Creating environment hook '/home/bakerherrin/ROS2-Gesture-Detection/install/perception_pkg/share/perception_pkg/hook/pythonpath.ps1'
[1.548s] INFO:colcon.colcon_core.shell:Creating environment descriptor '/home/bakerherrin/ROS2-Gesture-Detection/install/perception_pkg/share/perception_pkg/hook/pythonpath.dsv'
[1.548s] INFO:colcon.colcon_core.shell:Creating environment hook '/home/bakerherrin/ROS2-Gesture-Detection/install/perception_pkg/share/perception_pkg/hook/pythonpath.sh'
[1.548s] Level 1:colcon.colcon_core.environment:checking '/home/bakerherrin/ROS2-Gesture-Detection/install/perception_pkg/bin'
[1.548s] Level 1:colcon.colcon_core.environment:create_environment_scripts_only(perception_pkg)
[1.549s] INFO:colcon.colcon_core.shell:Creating package script '/home/bakerherrin/ROS2-Gesture-Detection/install/perception_pkg/share/perception_pkg/package.ps1'
[1.549s] INFO:colcon.colcon_core.shell:Creating package descriptor '/home/bakerherrin/ROS2-Gesture-Detection/install/perception_pkg/share/perception_pkg/package.dsv'
[1.549s] INFO:colcon.colcon_core.shell:Creating package script '/home/bakerherrin/ROS2-Gesture-Detection/install/perception_pkg/share/perception_pkg/package.sh'
[1.549s] INFO:colcon.colcon_core.shell:Creating package script '/home/bakerherrin/ROS2-Gesture-Detection/install/perception_pkg/share/perception_pkg/package.bash'
[1.550s] INFO:colcon.colcon_core.shell:Creating package script '/home/bakerherrin/ROS2-Gesture-Detection/install/perception_pkg/share/perception_pkg/package.zsh'
[1.550s] Level 1:colcon.colcon_core.environment:create_file_with_runtime_dependencies(/home/bakerherrin/ROS2-Gesture-Detection/install/perception_pkg/share/colcon-core/packages/perception_pkg)
[1.550s] DEBUG:colcon.colcon_parallel_executor.executor.parallel:closing loop
[1.550s] DEBUG:colcon.colcon_parallel_executor.executor.parallel:loop closed
[1.550s] DEBUG:colcon.colcon_parallel_executor.executor.parallel:run_until_complete finished with '0'
[1.550s] DEBUG:colcon.colcon_core.event_reactor:joining thread
[1.553s] INFO:colcon.colcon_core.plugin_system:Skipping extension 'colcon_notification.desktop_notification.notify_send': Could not find 'notify-send'
[1.553s] INFO:colcon.colcon_core.plugin_system:Skipping extension 'colcon_notification.desktop_notification.terminal_notifier': Not used on non-Darwin systems
[1.553s] INFO:colcon.colcon_core.plugin_system:Skipping extension 'colcon_notification.desktop_notification.win32': Not used on non-Windows systems
[1.553s] INFO:colcon.colcon_notification.desktop_notification:Sending desktop notification using 'notify2'
[1.562s] DEBUG:colcon.colcon_core.event_reactor:joined thread
[1.562s] INFO:colcon.colcon_core.shell:Creating prefix script '/home/bakerherrin/ROS2-Gesture-Detection/install/local_setup.ps1'
[1.563s] INFO:colcon.colcon_core.shell:Creating prefix util module '/home/bakerherrin/ROS2-Gesture-Detection/install/_local_setup_util_ps1.py'
[1.564s] INFO:colcon.colcon_core.shell:Creating prefix chain script '/home/bakerherrin/ROS2-Gesture-Detection/install/setup.ps1'
[1.565s] INFO:colcon.colcon_core.shell:Creating prefix script '/home/bakerherrin/ROS2-Gesture-Detection/install/local_setup.sh'
[1.565s] INFO:colcon.colcon_core.shell:Creating prefix util module '/home/bakerherrin/ROS2-Gesture-Detection/install/_local_setup_util_sh.py'
[1.565s] INFO:colcon.colcon_core.shell:Creating prefix chain script '/home/bakerherrin/ROS2-Gesture-Detection/install/setup.sh'
[1.566s] INFO:colcon.colcon_core.shell:Creating prefix script '/home/bakerherrin/ROS2-Gesture-Detection/install/local_setup.bash'
[1.566s] INFO:colcon.colcon_core.shell:Creating prefix chain script '/home/bakerherrin/ROS2-Gesture-Detection/install/setup.bash'
[1.567s] INFO:colcon.colcon_core.shell:Creating prefix script '/home/bakerherrin/ROS2-Gesture-Detection/install/local_setup.zsh'
[1.567s] INFO:colcon.colcon_core.shell:Creating prefix chain script '/home/bakerherrin/ROS2-Gesture-Detection/install/setup.zsh'
