running develop
/usr/lib/python3/dist-packages/setuptools/command/easy_install.py:158: EasyInstallDeprecationWarning: easy_install command is deprecated. Use build and pip and other standards-based tools.
  warnings.warn(
/usr/lib/python3/dist-packages/setuptools/command/install.py:34: SetuptoolsDeprecationWarning: setup.py install is deprecated. Use build and pip and other standards-based tools.
  warnings.warn(
/usr/lib/python3/dist-packages/pkg_resources/__init__.py:116: PkgResourcesDeprecationWarning: 0.1.43ubuntu1 is an invalid version and will not be supported in a future release
  warnings.warn(
running egg_info
writing visualization_pkg.egg-info/PKG-INFO
writing dependency_links to visualization_pkg.egg-info/dependency_links.txt
writing entry points to visualization_pkg.egg-info/entry_points.txt
writing requirements to visualization_pkg.egg-info/requires.txt
writing top-level names to visualization_pkg.egg-info/top_level.txt
reading manifest file 'visualization_pkg.egg-info/SOURCES.txt'
writing manifest file 'visualization_pkg.egg-info/SOURCES.txt'
running build_ext
Creating /home/bakerherrin/ROS2-Gesture-Detection/install/visualization_pkg/lib/python3.10/site-packages/visualization-pkg.egg-link (link to .)
Installing visualization_node script to /home/bakerherrin/ROS2-Gesture-Detection/install/visualization_pkg/lib/visualization_pkg

Installed /home/bakerherrin/ROS2-Gesture-Detection/build/visualization_pkg
running install_data
