[0.719s] Invoking command in '/home/bakerherrin/ROS2-Gesture-Detection/build/visualization_pkg': CONDA_PROMPT_MODIFIER=(base) PYTHONPATH=/home/bakerherrin/ROS2-Gesture-Detection/build/visualization_pkg/prefix_override:/home/bakerherrin/ROS2-Gesture-Detection/install/visualization_pkg/lib/python3.10/site-packages:${PYTHONPATH} /usr/bin/python3 setup.py develop --editable --build-directory /home/bakerherrin/ROS2-Gesture-Detection/build/visualization_pkg/build --no-deps install_data
[0.864s] running develop
[0.864s] /usr/lib/python3/dist-packages/setuptools/command/easy_install.py:158: EasyInstallDeprecationWarning: easy_install command is deprecated. Use build and pip and other standards-based tools.
[0.864s]   warnings.warn(
[0.866s] /usr/lib/python3/dist-packages/setuptools/command/install.py:34: SetuptoolsDeprecationWarning: setup.py install is deprecated. Use build and pip and other standards-based tools.
[0.866s]   warnings.warn(
[0.900s] /usr/lib/python3/dist-packages/pkg_resources/__init__.py:116: PkgResourcesDeprecationWarning: 0.1.43ubuntu1 is an invalid version and will not be supported in a future release
[0.900s]   warnings.warn(
[0.968s] running egg_info
[0.968s] writing visualization_pkg.egg-info/PKG-INFO
[0.968s] writing dependency_links to visualization_pkg.egg-info/dependency_links.txt
[0.968s] writing entry points to visualization_pkg.egg-info/entry_points.txt
[0.968s] writing requirements to visualization_pkg.egg-info/requires.txt
[0.968s] writing top-level names to visualization_pkg.egg-info/top_level.txt
[0.969s] reading manifest file 'visualization_pkg.egg-info/SOURCES.txt'
[0.969s] writing manifest file 'visualization_pkg.egg-info/SOURCES.txt'
[0.970s] running build_ext
[0.970s] Creating /home/bakerherrin/ROS2-Gesture-Detection/install/visualization_pkg/lib/python3.10/site-packages/visualization-pkg.egg-link (link to .)
[0.970s] Installing visualization_node script to /home/bakerherrin/ROS2-Gesture-Detection/install/visualization_pkg/lib/visualization_pkg
[0.970s] 
[0.970s] Installed /home/bakerherrin/ROS2-Gesture-Detection/build/visualization_pkg
[0.970s] running install_data
[0.988s] Invoked command in '/home/bakerherrin/ROS2-Gesture-Detection/build/visualization_pkg' returned '0': CONDA_PROMPT_MODIFIER=(base) PYTHONPATH=/home/bakerherrin/ROS2-Gesture-Detection/build/visualization_pkg/prefix_override:/home/bakerherrin/ROS2-Gesture-Detection/install/visualization_pkg/lib/python3.10/site-packages:${PYTHONPATH} /usr/bin/python3 setup.py develop --editable --build-directory /home/bakerherrin/ROS2-Gesture-Detection/build/visualization_pkg/build --no-deps install_data
