/home/bakerherrin/ROS2-Gesture-Detection/src/install/perception_pkg/lib/python3.10/site-packages/perception_pkg/mediapipe_rov.py
/home/bakerherrin/ROS2-Gesture-Detection/src/install/perception_pkg/lib/python3.10/site-packages/perception_pkg/gesture_test.py
/home/bakerherrin/ROS2-Gesture-Detection/src/install/perception_pkg/lib/python3.10/site-packages/perception_pkg/__init__.py
/home/bakerherrin/ROS2-Gesture-Detection/src/install/perception_pkg/lib/python3.10/site-packages/perception_pkg/ros2node_collect.py
/home/bakerherrin/ROS2-Gesture-Detection/src/install/perception_pkg/lib/python3.10/site-packages/perception_pkg/Pytorch_Transformer.py
/home/bakerherrin/ROS2-Gesture-Detection/src/install/perception_pkg/lib/python3.10/site-packages/perception_pkg/perception_node.py
/home/bakerherrin/ROS2-Gesture-Detection/src/install/perception_pkg/lib/python3.10/site-packages/perception_pkg/__pycache__/mediapipe_rov.cpython-310.pyc
/home/bakerherrin/ROS2-Gesture-Detection/src/install/perception_pkg/lib/python3.10/site-packages/perception_pkg/__pycache__/gesture_test.cpython-310.pyc
/home/bakerherrin/ROS2-Gesture-Detection/src/install/perception_pkg/lib/python3.10/site-packages/perception_pkg/__pycache__/__init__.cpython-310.pyc
/home/bakerherrin/ROS2-Gesture-Detection/src/install/perception_pkg/lib/python3.10/site-packages/perception_pkg/__pycache__/ros2node_collect.cpython-310.pyc
/home/bakerherrin/ROS2-Gesture-Detection/src/install/perception_pkg/lib/python3.10/site-packages/perception_pkg/__pycache__/Pytorch_Transformer.cpython-310.pyc
/home/bakerherrin/ROS2-Gesture-Detection/src/install/perception_pkg/lib/python3.10/site-packages/perception_pkg/__pycache__/perception_node.cpython-310.pyc
/home/bakerherrin/ROS2-Gesture-Detection/src/install/perception_pkg/share/ament_index/resource_index/packages/perception_pkg
/home/bakerherrin/ROS2-Gesture-Detection/src/install/perception_pkg/share/perception_pkg/package.xml
/home/bakerherrin/ROS2-Gesture-Detection/src/install/perception_pkg/share/perception_pkg/launch/perception_pkg.launch.py
/home/bakerherrin/ROS2-Gesture-Detection/src/install/perception_pkg/lib/python3.10/site-packages/perception_pkg-0.1.0-py3.10.egg-info/requires.txt
/home/bakerherrin/ROS2-Gesture-Detection/src/install/perception_pkg/lib/python3.10/site-packages/perception_pkg-0.1.0-py3.10.egg-info/SOURCES.txt
/home/bakerherrin/ROS2-Gesture-Detection/src/install/perception_pkg/lib/python3.10/site-packages/perception_pkg-0.1.0-py3.10.egg-info/dependency_links.txt
/home/bakerherrin/ROS2-Gesture-Detection/src/install/perception_pkg/lib/python3.10/site-packages/perception_pkg-0.1.0-py3.10.egg-info/zip-safe
/home/bakerherrin/ROS2-Gesture-Detection/src/install/perception_pkg/lib/python3.10/site-packages/perception_pkg-0.1.0-py3.10.egg-info/PKG-INFO
/home/bakerherrin/ROS2-Gesture-Detection/src/install/perception_pkg/lib/python3.10/site-packages/perception_pkg-0.1.0-py3.10.egg-info/top_level.txt
/home/bakerherrin/ROS2-Gesture-Detection/src/install/perception_pkg/lib/python3.10/site-packages/perception_pkg-0.1.0-py3.10.egg-info/entry_points.txt
/home/bakerherrin/ROS2-Gesture-Detection/src/install/perception_pkg/lib/perception_pkg/hand_gesture_collector
/home/bakerherrin/ROS2-Gesture-Detection/src/install/perception_pkg/lib/perception_pkg/perception_node
