[0.174s] DEBUG:colcon:Command line arguments: ['/usr/bin/colcon', 'build', '--packages-select', 'perception_pkg', '--symlink-install']
[0.174s] DEBUG:colcon:Parsed command line arguments: Namespace(log_base=None, log_level=None, verb_name='build', build_base='build', install_base='install', merge_install=False, symlink_install=True, test_result_base=None, continue_on_error=False, executor='parallel', parallel_workers=20, event_handlers=None, ignore_user_meta=False, metas=['./colcon.meta'], base_paths=['.'], packages_ignore=None, packages_ignore_regex=None, paths=None, packages_up_to=None, packages_up_to_regex=None, packages_above=None, packages_above_and_dependencies=None, packages_above_depth=None, packages_select_by_dep=None, packages_skip_by_dep=None, packages_skip_up_to=None, packages_select_build_failed=False, packages_skip_build_finished=False, packages_select_test_failures=False, packages_skip_test_passed=False, packages_select=['perception_pkg'], packages_skip=None, packages_select_regex=None, packages_skip_regex=None, packages_start=None, packages_end=None, allow_overriding=[], cmake_args=None, cmake_target=None, cmake_target_skip_unavailable=False, cmake_clean_cache=False, cmake_clean_first=False, cmake_force_configure=False, ament_cmake_args=None, catkin_cmake_args=None, catkin_skip_building_tests=False, verb_parser=<colcon_defaults.argument_parser.defaults.DefaultArgumentsDecorator object at 0x7fbb20b2cfa0>, verb_extension=<colcon_core.verb.build.BuildVerb object at 0x7fbb2180ab30>, main=<bound method BuildVerb.main of <colcon_core.verb.build.BuildVerb object at 0x7fbb2180ab30>>)
[0.187s] Level 1:colcon.colcon_core.package_discovery:discover_packages(colcon_meta) check parameters
[0.187s] Level 1:colcon.colcon_core.package_discovery:discover_packages(recursive) check parameters
[0.187s] Level 1:colcon.colcon_core.package_discovery:discover_packages(ignore) check parameters
[0.187s] Level 1:colcon.colcon_core.package_discovery:discover_packages(path) check parameters
[0.187s] Level 1:colcon.colcon_core.package_discovery:discover_packages(colcon_meta) discover
[0.187s] Level 1:colcon.colcon_core.package_discovery:discover_packages(recursive) discover
[0.187s] INFO:colcon.colcon_core.package_discovery:Crawling recursively for packages in '/home/bakerherrin/ROS2-Gesture-Detection'
[0.187s] Level 1:colcon.colcon_core.package_identification:_identify(.) by extensions ['ignore', 'ignore_ament_install']
[0.188s] Level 1:colcon.colcon_core.package_identification:_identify(.) by extension 'ignore'
[0.188s] Level 1:colcon.colcon_core.package_identification:_identify(.) by extension 'ignore_ament_install'
[0.188s] Level 1:colcon.colcon_core.package_identification:_identify(.) by extensions ['colcon_pkg']
[0.188s] Level 1:colcon.colcon_core.package_identification:_identify(.) by extension 'colcon_pkg'
[0.188s] Level 1:colcon.colcon_core.package_identification:_identify(.) by extensions ['colcon_meta']
[0.188s] Level 1:colcon.colcon_core.package_identification:_identify(.) by extension 'colcon_meta'
[0.188s] Level 1:colcon.colcon_core.package_identification:_identify(.) by extensions ['ros']
[0.188s] Level 1:colcon.colcon_core.package_identification:_identify(.) by extension 'ros'
[0.200s] Level 1:colcon.colcon_core.package_identification:_identify(.) by extensions ['cmake', 'python']
[0.200s] Level 1:colcon.colcon_core.package_identification:_identify(.) by extension 'cmake'
[0.200s] Level 1:colcon.colcon_core.package_identification:_identify(.) by extension 'python'
[0.200s] Level 1:colcon.colcon_core.package_identification:_identify(.) by extensions ['python_setup_py']
[0.200s] Level 1:colcon.colcon_core.package_identification:_identify(.) by extension 'python_setup_py'
[0.200s] Level 1:colcon.colcon_core.package_identification:_identify(build) by extensions ['ignore', 'ignore_ament_install']
[0.200s] Level 1:colcon.colcon_core.package_identification:_identify(build) by extension 'ignore'
[0.200s] Level 1:colcon.colcon_core.package_identification:_identify(build) ignored
[0.200s] Level 1:colcon.colcon_core.package_identification:_identify(install) by extensions ['ignore', 'ignore_ament_install']
[0.200s] Level 1:colcon.colcon_core.package_identification:_identify(install) by extension 'ignore'
[0.200s] Level 1:colcon.colcon_core.package_identification:_identify(install) ignored
[0.200s] Level 1:colcon.colcon_core.package_identification:_identify(log) by extensions ['ignore', 'ignore_ament_install']
[0.200s] Level 1:colcon.colcon_core.package_identification:_identify(log) by extension 'ignore'
[0.200s] Level 1:colcon.colcon_core.package_identification:_identify(log) ignored
[0.200s] Level 1:colcon.colcon_core.package_identification:_identify(models) by extensions ['ignore', 'ignore_ament_install']
[0.200s] Level 1:colcon.colcon_core.package_identification:_identify(models) by extension 'ignore'
[0.200s] Level 1:colcon.colcon_core.package_identification:_identify(models) by extension 'ignore_ament_install'
[0.200s] Level 1:colcon.colcon_core.package_identification:_identify(models) by extensions ['colcon_pkg']
[0.200s] Level 1:colcon.colcon_core.package_identification:_identify(models) by extension 'colcon_pkg'
[0.200s] Level 1:colcon.colcon_core.package_identification:_identify(models) by extensions ['colcon_meta']
[0.200s] Level 1:colcon.colcon_core.package_identification:_identify(models) by extension 'colcon_meta'
[0.200s] Level 1:colcon.colcon_core.package_identification:_identify(models) by extensions ['ros']
[0.200s] Level 1:colcon.colcon_core.package_identification:_identify(models) by extension 'ros'
[0.200s] Level 1:colcon.colcon_core.package_identification:_identify(models) by extensions ['cmake', 'python']
[0.200s] Level 1:colcon.colcon_core.package_identification:_identify(models) by extension 'cmake'
[0.200s] Level 1:colcon.colcon_core.package_identification:_identify(models) by extension 'python'
[0.200s] Level 1:colcon.colcon_core.package_identification:_identify(models) by extensions ['python_setup_py']
[0.200s] Level 1:colcon.colcon_core.package_identification:_identify(models) by extension 'python_setup_py'
[0.200s] Level 1:colcon.colcon_core.package_identification:_identify(src) by extensions ['ignore', 'ignore_ament_install']
[0.200s] Level 1:colcon.colcon_core.package_identification:_identify(src) by extension 'ignore'
[0.201s] Level 1:colcon.colcon_core.package_identification:_identify(src) by extension 'ignore_ament_install'
[0.201s] Level 1:colcon.colcon_core.package_identification:_identify(src) by extensions ['colcon_pkg']
[0.201s] Level 1:colcon.colcon_core.package_identification:_identify(src) by extension 'colcon_pkg'
[0.201s] Level 1:colcon.colcon_core.package_identification:_identify(src) by extensions ['colcon_meta']
[0.201s] Level 1:colcon.colcon_core.package_identification:_identify(src) by extension 'colcon_meta'
[0.201s] Level 1:colcon.colcon_core.package_identification:_identify(src) by extensions ['ros']
[0.201s] Level 1:colcon.colcon_core.package_identification:_identify(src) by extension 'ros'
[0.201s] Level 1:colcon.colcon_core.package_identification:_identify(src) by extensions ['cmake', 'python']
[0.201s] Level 1:colcon.colcon_core.package_identification:_identify(src) by extension 'cmake'
[0.201s] Level 1:colcon.colcon_core.package_identification:_identify(src) by extension 'python'
[0.201s] Level 1:colcon.colcon_core.package_identification:_identify(src) by extensions ['python_setup_py']
[0.201s] Level 1:colcon.colcon_core.package_identification:_identify(src) by extension 'python_setup_py'
[0.201s] Level 1:colcon.colcon_core.package_identification:_identify(src/camera_pkg) by extensions ['ignore', 'ignore_ament_install']
[0.201s] Level 1:colcon.colcon_core.package_identification:_identify(src/camera_pkg) by extension 'ignore'
[0.201s] Level 1:colcon.colcon_core.package_identification:_identify(src/camera_pkg) by extension 'ignore_ament_install'
[0.201s] Level 1:colcon.colcon_core.package_identification:_identify(src/camera_pkg) by extensions ['colcon_pkg']
[0.201s] Level 1:colcon.colcon_core.package_identification:_identify(src/camera_pkg) by extension 'colcon_pkg'
[0.201s] Level 1:colcon.colcon_core.package_identification:_identify(src/camera_pkg) by extensions ['colcon_meta']
[0.201s] Level 1:colcon.colcon_core.package_identification:_identify(src/camera_pkg) by extension 'colcon_meta'
[0.201s] Level 1:colcon.colcon_core.package_identification:_identify(src/camera_pkg) by extensions ['ros']
[0.201s] Level 1:colcon.colcon_core.package_identification:_identify(src/camera_pkg) by extension 'ros'
[0.202s] DEBUG:colcon.colcon_core.package_identification:Failed to parse potential ROS package manifest in'src/camera_pkg': Error(s) in package 'src/camera_pkg/package.xml':
The manifest must not contain more than one "export" tags
[0.202s] Level 1:colcon.colcon_core.package_identification:_identify(src/camera_pkg) by extensions ['cmake', 'python']
[0.202s] Level 1:colcon.colcon_core.package_identification:_identify(src/camera_pkg) by extension 'cmake'
[0.202s] Level 1:colcon.colcon_core.package_identification:_identify(src/camera_pkg) by extension 'python'
[0.202s] DEBUG:colcon.colcon_core.package_identification:Python package in 'src/camera_pkg' passes arguments to the setup() function which requires a different identification extension than 'python'
[0.202s] Level 1:colcon.colcon_core.package_identification:_identify(src/camera_pkg) by extensions ['python_setup_py']
[0.202s] Level 1:colcon.colcon_core.package_identification:_identify(src/camera_pkg) by extension 'python_setup_py'
[0.340s] DEBUG:colcon.colcon_core.package_identification:Package 'src/camera_pkg' with type 'python' and name 'camera_pkg'
[0.341s] Level 1:colcon.colcon_core.package_identification:_identify(src/perception_pkg) by extensions ['ignore', 'ignore_ament_install']
[0.341s] Level 1:colcon.colcon_core.package_identification:_identify(src/perception_pkg) by extension 'ignore'
[0.341s] Level 1:colcon.colcon_core.package_identification:_identify(src/perception_pkg) by extension 'ignore_ament_install'
[0.341s] Level 1:colcon.colcon_core.package_identification:_identify(src/perception_pkg) by extensions ['colcon_pkg']
[0.341s] Level 1:colcon.colcon_core.package_identification:_identify(src/perception_pkg) by extension 'colcon_pkg'
[0.341s] Level 1:colcon.colcon_core.package_identification:_identify(src/perception_pkg) by extensions ['colcon_meta']
[0.341s] Level 1:colcon.colcon_core.package_identification:_identify(src/perception_pkg) by extension 'colcon_meta'
[0.341s] Level 1:colcon.colcon_core.package_identification:_identify(src/perception_pkg) by extensions ['ros']
[0.341s] Level 1:colcon.colcon_core.package_identification:_identify(src/perception_pkg) by extension 'ros'
[0.342s] DEBUG:colcon.colcon_core.package_identification:Package 'src/perception_pkg' with type 'ros.ament_python' and name 'perception_pkg'
[0.342s] Level 1:colcon.colcon_core.package_identification:_identify(src/visualization_pkg) by extensions ['ignore', 'ignore_ament_install']
[0.342s] Level 1:colcon.colcon_core.package_identification:_identify(src/visualization_pkg) by extension 'ignore'
[0.343s] Level 1:colcon.colcon_core.package_identification:_identify(src/visualization_pkg) by extension 'ignore_ament_install'
[0.343s] Level 1:colcon.colcon_core.package_identification:_identify(src/visualization_pkg) by extensions ['colcon_pkg']
[0.343s] Level 1:colcon.colcon_core.package_identification:_identify(src/visualization_pkg) by extension 'colcon_pkg'
[0.343s] Level 1:colcon.colcon_core.package_identification:_identify(src/visualization_pkg) by extensions ['colcon_meta']
[0.343s] Level 1:colcon.colcon_core.package_identification:_identify(src/visualization_pkg) by extension 'colcon_meta'
[0.343s] Level 1:colcon.colcon_core.package_identification:_identify(src/visualization_pkg) by extensions ['ros']
[0.343s] Level 1:colcon.colcon_core.package_identification:_identify(src/visualization_pkg) by extension 'ros'
[0.343s] DEBUG:colcon.colcon_core.package_identification:Package 'src/visualization_pkg' with type 'ros.ament_python' and name 'visualization_pkg'
[0.343s] Level 1:colcon.colcon_core.package_discovery:discover_packages(recursive) using defaults
[0.343s] Level 1:colcon.colcon_core.package_discovery:discover_packages(ignore) discover
[0.343s] Level 1:colcon.colcon_core.package_discovery:discover_packages(ignore) using defaults
[0.343s] Level 1:colcon.colcon_core.package_discovery:discover_packages(path) discover
[0.343s] Level 1:colcon.colcon_core.package_discovery:discover_packages(path) using defaults
[0.356s] INFO:colcon.colcon_core.package_selection:Skipping not selected package 'camera_pkg' in 'src/camera_pkg'
[0.356s] INFO:colcon.colcon_core.package_selection:Skipping not selected package 'visualization_pkg' in 'src/visualization_pkg'
[0.356s] Level 1:colcon.colcon_core.package_discovery:discover_packages(prefix_path) check parameters
[0.356s] Level 1:colcon.colcon_core.package_discovery:discover_packages(prefix_path) discover
[0.357s] DEBUG:colcon.colcon_installed_package_information.package_discovery:Found 3 installed packages in /home/bakerherrin/ROS2-Gesture-Detection/install
[0.358s] DEBUG:colcon.colcon_installed_package_information.package_discovery:Found 346 installed packages in /opt/ros/humble
[0.359s] Level 1:colcon.colcon_core.package_discovery:discover_packages(prefix_path) using defaults
[0.393s] Level 5:colcon.colcon_core.verb:set package 'perception_pkg' build argument 'cmake_args' from command line to 'None'
[0.393s] Level 5:colcon.colcon_core.verb:set package 'perception_pkg' build argument 'cmake_target' from command line to 'None'
[0.393s] Level 5:colcon.colcon_core.verb:set package 'perception_pkg' build argument 'cmake_target_skip_unavailable' from command line to 'False'
[0.393s] Level 5:colcon.colcon_core.verb:set package 'perception_pkg' build argument 'cmake_clean_cache' from command line to 'False'
[0.393s] Level 5:colcon.colcon_core.verb:set package 'perception_pkg' build argument 'cmake_clean_first' from command line to 'False'
[0.393s] Level 5:colcon.colcon_core.verb:set package 'perception_pkg' build argument 'cmake_force_configure' from command line to 'False'
[0.393s] Level 5:colcon.colcon_core.verb:set package 'perception_pkg' build argument 'ament_cmake_args' from command line to 'None'
[0.393s] Level 5:colcon.colcon_core.verb:set package 'perception_pkg' build argument 'catkin_cmake_args' from command line to 'None'
[0.393s] Level 5:colcon.colcon_core.verb:set package 'perception_pkg' build argument 'catkin_skip_building_tests' from command line to 'False'
[0.393s] DEBUG:colcon.colcon_core.verb:Building package 'perception_pkg' with the following arguments: {'ament_cmake_args': None, 'build_base': '/home/bakerherrin/ROS2-Gesture-Detection/build/perception_pkg', 'catkin_cmake_args': None, 'catkin_skip_building_tests': False, 'cmake_args': None, 'cmake_clean_cache': False, 'cmake_clean_first': False, 'cmake_force_configure': False, 'cmake_target': None, 'cmake_target_skip_unavailable': False, 'install_base': '/home/bakerherrin/ROS2-Gesture-Detection/install/perception_pkg', 'merge_install': False, 'path': '/home/bakerherrin/ROS2-Gesture-Detection/src/perception_pkg', 'symlink_install': True, 'test_result_base': None}
[0.394s] INFO:colcon.colcon_core.executor:Executing jobs using 'parallel' executor
[0.396s] DEBUG:colcon.colcon_parallel_executor.executor.parallel:run_until_complete
[0.396s] INFO:colcon.colcon_ros.task.ament_python.build:Building ROS package in '/home/bakerherrin/ROS2-Gesture-Detection/src/perception_pkg' with build type 'ament_python'
[0.396s] Level 1:colcon.colcon_core.shell:create_environment_hook('perception_pkg', 'ament_prefix_path')
[0.398s] INFO:colcon.colcon_core.plugin_system:Skipping extension 'colcon_core.shell.bat': Not used on non-Windows systems
[0.398s] INFO:colcon.colcon_core.shell:Creating environment hook '/home/bakerherrin/ROS2-Gesture-Detection/install/perception_pkg/share/perception_pkg/hook/ament_prefix_path.ps1'
[0.399s] INFO:colcon.colcon_core.shell:Creating environment descriptor '/home/bakerherrin/ROS2-Gesture-Detection/install/perception_pkg/share/perception_pkg/hook/ament_prefix_path.dsv'
[0.399s] INFO:colcon.colcon_core.shell:Creating environment hook '/home/bakerherrin/ROS2-Gesture-Detection/install/perception_pkg/share/perception_pkg/hook/ament_prefix_path.sh'
[0.400s] INFO:colcon.colcon_core.shell:Skip shell extension 'powershell' for command environment: Not usable outside of PowerShell
[0.400s] DEBUG:colcon.colcon_core.shell:Skip shell extension 'dsv' for command environment
[0.545s] INFO:colcon.colcon_core.task.python.build:Building Python package in '/home/bakerherrin/ROS2-Gesture-Detection/src/perception_pkg'
[0.545s] INFO:colcon.colcon_core.shell:Skip shell extension 'powershell' for command environment: Not usable outside of PowerShell
[0.545s] DEBUG:colcon.colcon_core.shell:Skip shell extension 'dsv' for command environment
[0.784s] DEBUG:colcon.colcon_core.event_handler.log_command:Invoking command in '/home/bakerherrin/ROS2-Gesture-Detection/build/perception_pkg': CONDA_PROMPT_MODIFIER=(base) PYTHONPATH=/home/bakerherrin/ROS2-Gesture-Detection/build/perception_pkg/prefix_override:/home/bakerherrin/ROS2-Gesture-Detection/install/perception_pkg/lib/python3.10/site-packages:${PYTHONPATH} /usr/bin/python3 setup.py develop --editable --build-directory /home/bakerherrin/ROS2-Gesture-Detection/build/perception_pkg/build --no-deps install_data
[1.039s] Level 1:colcon.colcon_core.shell:create_environment_hook('perception_pkg', 'pythonpath_develop')
[1.040s] INFO:colcon.colcon_core.shell:Creating environment hook '/home/bakerherrin/ROS2-Gesture-Detection/build/perception_pkg/share/perception_pkg/hook/pythonpath_develop.ps1'
[1.040s] DEBUG:colcon.colcon_core.event_handler.log_command:Invoked command in '/home/bakerherrin/ROS2-Gesture-Detection/build/perception_pkg' returned '0': CONDA_PROMPT_MODIFIER=(base) PYTHONPATH=/home/bakerherrin/ROS2-Gesture-Detection/build/perception_pkg/prefix_override:/home/bakerherrin/ROS2-Gesture-Detection/install/perception_pkg/lib/python3.10/site-packages:${PYTHONPATH} /usr/bin/python3 setup.py develop --editable --build-directory /home/bakerherrin/ROS2-Gesture-Detection/build/perception_pkg/build --no-deps install_data
[1.040s] INFO:colcon.colcon_core.shell:Creating environment descriptor '/home/bakerherrin/ROS2-Gesture-Detection/build/perception_pkg/share/perception_pkg/hook/pythonpath_develop.dsv'
[1.040s] INFO:colcon.colcon_core.shell:Creating environment hook '/home/bakerherrin/ROS2-Gesture-Detection/build/perception_pkg/share/perception_pkg/hook/pythonpath_develop.sh'
[1.043s] Level 1:colcon.colcon_core.environment:checking '/home/bakerherrin/ROS2-Gesture-Detection/install/perception_pkg' for CMake module files
[1.043s] Level 1:colcon.colcon_core.environment:checking '/home/bakerherrin/ROS2-Gesture-Detection/install/perception_pkg' for CMake config files
[1.043s] Level 1:colcon.colcon_core.environment:checking '/home/bakerherrin/ROS2-Gesture-Detection/install/perception_pkg/lib'
[1.044s] Level 1:colcon.colcon_core.environment:checking '/home/bakerherrin/ROS2-Gesture-Detection/install/perception_pkg/bin'
[1.044s] Level 1:colcon.colcon_core.environment:checking '/home/bakerherrin/ROS2-Gesture-Detection/install/perception_pkg/lib/pkgconfig/perception_pkg.pc'
[1.044s] Level 1:colcon.colcon_core.environment:checking '/home/bakerherrin/ROS2-Gesture-Detection/install/perception_pkg/lib/python3.10/site-packages'
[1.044s] Level 1:colcon.colcon_core.shell:create_environment_hook('perception_pkg', 'pythonpath')
[1.044s] INFO:colcon.colcon_core.shell:Creating environment hook '/home/bakerherrin/ROS2-Gesture-Detection/install/perception_pkg/share/perception_pkg/hook/pythonpath.ps1'
[1.045s] INFO:colcon.colcon_core.shell:Creating environment descriptor '/home/bakerherrin/ROS2-Gesture-Detection/install/perception_pkg/share/perception_pkg/hook/pythonpath.dsv'
[1.045s] INFO:colcon.colcon_core.shell:Creating environment hook '/home/bakerherrin/ROS2-Gesture-Detection/install/perception_pkg/share/perception_pkg/hook/pythonpath.sh'
[1.045s] Level 1:colcon.colcon_core.environment:checking '/home/bakerherrin/ROS2-Gesture-Detection/install/perception_pkg/bin'
[1.045s] Level 1:colcon.colcon_core.environment:create_environment_scripts_only(perception_pkg)
[1.046s] INFO:colcon.colcon_core.shell:Creating package script '/home/bakerherrin/ROS2-Gesture-Detection/install/perception_pkg/share/perception_pkg/package.ps1'
[1.046s] INFO:colcon.colcon_core.shell:Creating package descriptor '/home/bakerherrin/ROS2-Gesture-Detection/install/perception_pkg/share/perception_pkg/package.dsv'
[1.046s] INFO:colcon.colcon_core.shell:Creating package script '/home/bakerherrin/ROS2-Gesture-Detection/install/perception_pkg/share/perception_pkg/package.sh'
[1.047s] INFO:colcon.colcon_core.shell:Creating package script '/home/bakerherrin/ROS2-Gesture-Detection/install/perception_pkg/share/perception_pkg/package.bash'
[1.047s] INFO:colcon.colcon_core.shell:Creating package script '/home/bakerherrin/ROS2-Gesture-Detection/install/perception_pkg/share/perception_pkg/package.zsh'
[1.047s] Level 1:colcon.colcon_core.environment:create_file_with_runtime_dependencies(/home/bakerherrin/ROS2-Gesture-Detection/install/perception_pkg/share/colcon-core/packages/perception_pkg)
[1.047s] DEBUG:colcon.colcon_parallel_executor.executor.parallel:closing loop
[1.047s] DEBUG:colcon.colcon_parallel_executor.executor.parallel:loop closed
[1.047s] DEBUG:colcon.colcon_parallel_executor.executor.parallel:run_until_complete finished with '0'
[1.048s] DEBUG:colcon.colcon_core.event_reactor:joining thread
[1.051s] INFO:colcon.colcon_core.plugin_system:Skipping extension 'colcon_notification.desktop_notification.notify_send': Could not find 'notify-send'
[1.051s] INFO:colcon.colcon_core.plugin_system:Skipping extension 'colcon_notification.desktop_notification.terminal_notifier': Not used on non-Darwin systems
[1.051s] INFO:colcon.colcon_core.plugin_system:Skipping extension 'colcon_notification.desktop_notification.win32': Not used on non-Windows systems
[1.051s] INFO:colcon.colcon_notification.desktop_notification:Sending desktop notification using 'notify2'
[1.057s] DEBUG:colcon.colcon_core.event_reactor:joined thread
[1.058s] INFO:colcon.colcon_core.shell:Creating prefix script '/home/bakerherrin/ROS2-Gesture-Detection/install/local_setup.ps1'
[1.059s] INFO:colcon.colcon_core.shell:Creating prefix util module '/home/bakerherrin/ROS2-Gesture-Detection/install/_local_setup_util_ps1.py'
[1.059s] INFO:colcon.colcon_core.shell:Creating prefix chain script '/home/bakerherrin/ROS2-Gesture-Detection/install/setup.ps1'
[1.060s] INFO:colcon.colcon_core.shell:Creating prefix script '/home/bakerherrin/ROS2-Gesture-Detection/install/local_setup.sh'
[1.060s] INFO:colcon.colcon_core.shell:Creating prefix util module '/home/bakerherrin/ROS2-Gesture-Detection/install/_local_setup_util_sh.py'
[1.060s] INFO:colcon.colcon_core.shell:Creating prefix chain script '/home/bakerherrin/ROS2-Gesture-Detection/install/setup.sh'
[1.061s] INFO:colcon.colcon_core.shell:Creating prefix script '/home/bakerherrin/ROS2-Gesture-Detection/install/local_setup.bash'
[1.061s] INFO:colcon.colcon_core.shell:Creating prefix chain script '/home/bakerherrin/ROS2-Gesture-Detection/install/setup.bash'
[1.062s] INFO:colcon.colcon_core.shell:Creating prefix script '/home/bakerherrin/ROS2-Gesture-Detection/install/local_setup.zsh'
[1.062s] INFO:colcon.colcon_core.shell:Creating prefix chain script '/home/bakerherrin/ROS2-Gesture-Detection/install/setup.zsh'
