[0.175s] DEBUG:colcon:Command line arguments: ['/usr/bin/colcon', 'build']
[0.175s] DEBUG:colcon:Parsed command line arguments: Namespace(log_base=None, log_level=None, verb_name='build', build_base='build', install_base='install', merge_install=False, symlink_install=False, test_result_base=None, continue_on_error=False, executor='parallel', parallel_workers=20, event_handlers=None, ignore_user_meta=False, metas=['./colcon.meta'], base_paths=['.'], packages_ignore=None, packages_ignore_regex=None, paths=None, packages_up_to=None, packages_up_to_regex=None, packages_above=None, packages_above_and_dependencies=None, packages_above_depth=None, packages_select_by_dep=None, packages_skip_by_dep=None, packages_skip_up_to=None, packages_select_build_failed=False, packages_skip_build_finished=False, packages_select_test_failures=False, packages_skip_test_passed=False, packages_select=None, packages_skip=None, packages_select_regex=None, packages_skip_regex=None, packages_start=None, packages_end=None, allow_overriding=[], cmake_args=None, cmake_target=None, cmake_target_skip_unavailable=False, cmake_clean_cache=False, cmake_clean_first=False, cmake_force_configure=False, ament_cmake_args=None, catkin_cmake_args=None, catkin_skip_building_tests=False, verb_parser=<colcon_defaults.argument_parser.defaults.DefaultArgumentsDecorator object at 0x7f1e16f154b0>, verb_extension=<colcon_core.verb.build.BuildVerb object at 0x7f1e17ba8340>, main=<bound method BuildVerb.main of <colcon_core.verb.build.BuildVerb object at 0x7f1e17ba8340>>)
[0.188s] Level 1:colcon.colcon_core.package_discovery:discover_packages(colcon_meta) check parameters
[0.188s] Level 1:colcon.colcon_core.package_discovery:discover_packages(recursive) check parameters
[0.188s] Level 1:colcon.colcon_core.package_discovery:discover_packages(ignore) check parameters
[0.188s] Level 1:colcon.colcon_core.package_discovery:discover_packages(path) check parameters
[0.188s] Level 1:colcon.colcon_core.package_discovery:discover_packages(colcon_meta) discover
[0.188s] Level 1:colcon.colcon_core.package_discovery:discover_packages(recursive) discover
[0.188s] INFO:colcon.colcon_core.package_discovery:Crawling recursively for packages in '/home/bakerherrin/ROS2-Gesture-Detection'
[0.188s] Level 1:colcon.colcon_core.package_identification:_identify(.) by extensions ['ignore', 'ignore_ament_install']
[0.188s] Level 1:colcon.colcon_core.package_identification:_identify(.) by extension 'ignore'
[0.188s] Level 1:colcon.colcon_core.package_identification:_identify(.) by extension 'ignore_ament_install'
[0.188s] Level 1:colcon.colcon_core.package_identification:_identify(.) by extensions ['colcon_pkg']
[0.188s] Level 1:colcon.colcon_core.package_identification:_identify(.) by extension 'colcon_pkg'
[0.188s] Level 1:colcon.colcon_core.package_identification:_identify(.) by extensions ['colcon_meta']
[0.188s] Level 1:colcon.colcon_core.package_identification:_identify(.) by extension 'colcon_meta'
[0.188s] Level 1:colcon.colcon_core.package_identification:_identify(.) by extensions ['ros']
[0.188s] Level 1:colcon.colcon_core.package_identification:_identify(.) by extension 'ros'
[0.200s] Level 1:colcon.colcon_core.package_identification:_identify(.) by extensions ['cmake', 'python']
[0.200s] Level 1:colcon.colcon_core.package_identification:_identify(.) by extension 'cmake'
[0.200s] Level 1:colcon.colcon_core.package_identification:_identify(.) by extension 'python'
[0.200s] Level 1:colcon.colcon_core.package_identification:_identify(.) by extensions ['python_setup_py']
[0.200s] Level 1:colcon.colcon_core.package_identification:_identify(.) by extension 'python_setup_py'
[0.201s] Level 1:colcon.colcon_core.package_identification:_identify(build) by extensions ['ignore', 'ignore_ament_install']
[0.201s] Level 1:colcon.colcon_core.package_identification:_identify(build) by extension 'ignore'
[0.201s] Level 1:colcon.colcon_core.package_identification:_identify(build) ignored
[0.201s] Level 1:colcon.colcon_core.package_identification:_identify(install) by extensions ['ignore', 'ignore_ament_install']
[0.201s] Level 1:colcon.colcon_core.package_identification:_identify(install) by extension 'ignore'
[0.201s] Level 1:colcon.colcon_core.package_identification:_identify(install) ignored
[0.201s] Level 1:colcon.colcon_core.package_identification:_identify(log) by extensions ['ignore', 'ignore_ament_install']
[0.201s] Level 1:colcon.colcon_core.package_identification:_identify(log) by extension 'ignore'
[0.201s] Level 1:colcon.colcon_core.package_identification:_identify(log) ignored
[0.201s] Level 1:colcon.colcon_core.package_identification:_identify(models) by extensions ['ignore', 'ignore_ament_install']
[0.201s] Level 1:colcon.colcon_core.package_identification:_identify(models) by extension 'ignore'
[0.201s] Level 1:colcon.colcon_core.package_identification:_identify(models) by extension 'ignore_ament_install'
[0.201s] Level 1:colcon.colcon_core.package_identification:_identify(models) by extensions ['colcon_pkg']
[0.201s] Level 1:colcon.colcon_core.package_identification:_identify(models) by extension 'colcon_pkg'
[0.201s] Level 1:colcon.colcon_core.package_identification:_identify(models) by extensions ['colcon_meta']
[0.201s] Level 1:colcon.colcon_core.package_identification:_identify(models) by extension 'colcon_meta'
[0.201s] Level 1:colcon.colcon_core.package_identification:_identify(models) by extensions ['ros']
[0.201s] Level 1:colcon.colcon_core.package_identification:_identify(models) by extension 'ros'
[0.201s] Level 1:colcon.colcon_core.package_identification:_identify(models) by extensions ['cmake', 'python']
[0.201s] Level 1:colcon.colcon_core.package_identification:_identify(models) by extension 'cmake'
[0.201s] Level 1:colcon.colcon_core.package_identification:_identify(models) by extension 'python'
[0.201s] Level 1:colcon.colcon_core.package_identification:_identify(models) by extensions ['python_setup_py']
[0.201s] Level 1:colcon.colcon_core.package_identification:_identify(models) by extension 'python_setup_py'
[0.201s] Level 1:colcon.colcon_core.package_identification:_identify(src) by extensions ['ignore', 'ignore_ament_install']
[0.201s] Level 1:colcon.colcon_core.package_identification:_identify(src) by extension 'ignore'
[0.201s] Level 1:colcon.colcon_core.package_identification:_identify(src) by extension 'ignore_ament_install'
[0.201s] Level 1:colcon.colcon_core.package_identification:_identify(src) by extensions ['colcon_pkg']
[0.201s] Level 1:colcon.colcon_core.package_identification:_identify(src) by extension 'colcon_pkg'
[0.201s] Level 1:colcon.colcon_core.package_identification:_identify(src) by extensions ['colcon_meta']
[0.201s] Level 1:colcon.colcon_core.package_identification:_identify(src) by extension 'colcon_meta'
[0.201s] Level 1:colcon.colcon_core.package_identification:_identify(src) by extensions ['ros']
[0.201s] Level 1:colcon.colcon_core.package_identification:_identify(src) by extension 'ros'
[0.201s] Level 1:colcon.colcon_core.package_identification:_identify(src) by extensions ['cmake', 'python']
[0.201s] Level 1:colcon.colcon_core.package_identification:_identify(src) by extension 'cmake'
[0.201s] Level 1:colcon.colcon_core.package_identification:_identify(src) by extension 'python'
[0.201s] Level 1:colcon.colcon_core.package_identification:_identify(src) by extensions ['python_setup_py']
[0.201s] Level 1:colcon.colcon_core.package_identification:_identify(src) by extension 'python_setup_py'
[0.201s] Level 1:colcon.colcon_core.package_identification:_identify(src/camera_pkg) by extensions ['ignore', 'ignore_ament_install']
[0.201s] Level 1:colcon.colcon_core.package_identification:_identify(src/camera_pkg) by extension 'ignore'
[0.201s] Level 1:colcon.colcon_core.package_identification:_identify(src/camera_pkg) by extension 'ignore_ament_install'
[0.201s] Level 1:colcon.colcon_core.package_identification:_identify(src/camera_pkg) by extensions ['colcon_pkg']
[0.201s] Level 1:colcon.colcon_core.package_identification:_identify(src/camera_pkg) by extension 'colcon_pkg'
[0.202s] Level 1:colcon.colcon_core.package_identification:_identify(src/camera_pkg) by extensions ['colcon_meta']
[0.202s] Level 1:colcon.colcon_core.package_identification:_identify(src/camera_pkg) by extension 'colcon_meta'
[0.202s] Level 1:colcon.colcon_core.package_identification:_identify(src/camera_pkg) by extensions ['ros']
[0.202s] Level 1:colcon.colcon_core.package_identification:_identify(src/camera_pkg) by extension 'ros'
[0.202s] DEBUG:colcon.colcon_core.package_identification:Failed to parse potential ROS package manifest in'src/camera_pkg': Error(s) in package 'src/camera_pkg/package.xml':
The manifest must not contain more than one "export" tags
[0.203s] Level 1:colcon.colcon_core.package_identification:_identify(src/camera_pkg) by extensions ['cmake', 'python']
[0.203s] Level 1:colcon.colcon_core.package_identification:_identify(src/camera_pkg) by extension 'cmake'
[0.203s] Level 1:colcon.colcon_core.package_identification:_identify(src/camera_pkg) by extension 'python'
[0.203s] DEBUG:colcon.colcon_core.package_identification:Python package in 'src/camera_pkg' passes arguments to the setup() function which requires a different identification extension than 'python'
[0.203s] Level 1:colcon.colcon_core.package_identification:_identify(src/camera_pkg) by extensions ['python_setup_py']
[0.203s] Level 1:colcon.colcon_core.package_identification:_identify(src/camera_pkg) by extension 'python_setup_py'
[0.338s] DEBUG:colcon.colcon_core.package_identification:Package 'src/camera_pkg' with type 'python' and name 'camera_pkg'
[0.338s] Level 1:colcon.colcon_core.package_identification:_identify(src/perception_pkg) by extensions ['ignore', 'ignore_ament_install']
[0.338s] Level 1:colcon.colcon_core.package_identification:_identify(src/perception_pkg) by extension 'ignore'
[0.338s] Level 1:colcon.colcon_core.package_identification:_identify(src/perception_pkg) by extension 'ignore_ament_install'
[0.338s] Level 1:colcon.colcon_core.package_identification:_identify(src/perception_pkg) by extensions ['colcon_pkg']
[0.338s] Level 1:colcon.colcon_core.package_identification:_identify(src/perception_pkg) by extension 'colcon_pkg'
[0.338s] Level 1:colcon.colcon_core.package_identification:_identify(src/perception_pkg) by extensions ['colcon_meta']
[0.338s] Level 1:colcon.colcon_core.package_identification:_identify(src/perception_pkg) by extension 'colcon_meta'
[0.338s] Level 1:colcon.colcon_core.package_identification:_identify(src/perception_pkg) by extensions ['ros']
[0.338s] Level 1:colcon.colcon_core.package_identification:_identify(src/perception_pkg) by extension 'ros'
[0.339s] DEBUG:colcon.colcon_core.package_identification:Package 'src/perception_pkg' with type 'ros.ament_python' and name 'perception_pkg'
[0.339s] Level 1:colcon.colcon_core.package_identification:_identify(src/visualization_pkg) by extensions ['ignore', 'ignore_ament_install']
[0.339s] Level 1:colcon.colcon_core.package_identification:_identify(src/visualization_pkg) by extension 'ignore'
[0.339s] Level 1:colcon.colcon_core.package_identification:_identify(src/visualization_pkg) by extension 'ignore_ament_install'
[0.339s] Level 1:colcon.colcon_core.package_identification:_identify(src/visualization_pkg) by extensions ['colcon_pkg']
[0.339s] Level 1:colcon.colcon_core.package_identification:_identify(src/visualization_pkg) by extension 'colcon_pkg'
[0.339s] Level 1:colcon.colcon_core.package_identification:_identify(src/visualization_pkg) by extensions ['colcon_meta']
[0.339s] Level 1:colcon.colcon_core.package_identification:_identify(src/visualization_pkg) by extension 'colcon_meta'
[0.339s] Level 1:colcon.colcon_core.package_identification:_identify(src/visualization_pkg) by extensions ['ros']
[0.339s] Level 1:colcon.colcon_core.package_identification:_identify(src/visualization_pkg) by extension 'ros'
[0.340s] DEBUG:colcon.colcon_core.package_identification:Package 'src/visualization_pkg' with type 'ros.ament_python' and name 'visualization_pkg'
[0.340s] Level 1:colcon.colcon_core.package_discovery:discover_packages(recursive) using defaults
[0.340s] Level 1:colcon.colcon_core.package_discovery:discover_packages(ignore) discover
[0.340s] Level 1:colcon.colcon_core.package_discovery:discover_packages(ignore) using defaults
[0.340s] Level 1:colcon.colcon_core.package_discovery:discover_packages(path) discover
[0.340s] Level 1:colcon.colcon_core.package_discovery:discover_packages(path) using defaults
[0.352s] Level 1:colcon.colcon_core.package_discovery:discover_packages(prefix_path) check parameters
[0.352s] Level 1:colcon.colcon_core.package_discovery:discover_packages(prefix_path) discover
[0.354s] DEBUG:colcon.colcon_installed_package_information.package_discovery:Found 346 installed packages in /opt/ros/humble
[0.355s] Level 1:colcon.colcon_core.package_discovery:discover_packages(prefix_path) using defaults
[0.389s] Level 5:colcon.colcon_core.verb:set package 'camera_pkg' build argument 'cmake_args' from command line to 'None'
[0.389s] Level 5:colcon.colcon_core.verb:set package 'camera_pkg' build argument 'cmake_target' from command line to 'None'
[0.389s] Level 5:colcon.colcon_core.verb:set package 'camera_pkg' build argument 'cmake_target_skip_unavailable' from command line to 'False'
[0.389s] Level 5:colcon.colcon_core.verb:set package 'camera_pkg' build argument 'cmake_clean_cache' from command line to 'False'
[0.389s] Level 5:colcon.colcon_core.verb:set package 'camera_pkg' build argument 'cmake_clean_first' from command line to 'False'
[0.389s] Level 5:colcon.colcon_core.verb:set package 'camera_pkg' build argument 'cmake_force_configure' from command line to 'False'
[0.389s] Level 5:colcon.colcon_core.verb:set package 'camera_pkg' build argument 'ament_cmake_args' from command line to 'None'
[0.389s] Level 5:colcon.colcon_core.verb:set package 'camera_pkg' build argument 'catkin_cmake_args' from command line to 'None'
[0.389s] Level 5:colcon.colcon_core.verb:set package 'camera_pkg' build argument 'catkin_skip_building_tests' from command line to 'False'
[0.389s] DEBUG:colcon.colcon_core.verb:Building package 'camera_pkg' with the following arguments: {'ament_cmake_args': None, 'build_base': '/home/bakerherrin/ROS2-Gesture-Detection/build/camera_pkg', 'catkin_cmake_args': None, 'catkin_skip_building_tests': False, 'cmake_args': None, 'cmake_clean_cache': False, 'cmake_clean_first': False, 'cmake_force_configure': False, 'cmake_target': None, 'cmake_target_skip_unavailable': False, 'install_base': '/home/bakerherrin/ROS2-Gesture-Detection/install/camera_pkg', 'merge_install': False, 'path': '/home/bakerherrin/ROS2-Gesture-Detection/src/camera_pkg', 'symlink_install': False, 'test_result_base': None}
[0.390s] Level 5:colcon.colcon_core.verb:set package 'perception_pkg' build argument 'cmake_args' from command line to 'None'
[0.390s] Level 5:colcon.colcon_core.verb:set package 'perception_pkg' build argument 'cmake_target' from command line to 'None'
[0.390s] Level 5:colcon.colcon_core.verb:set package 'perception_pkg' build argument 'cmake_target_skip_unavailable' from command line to 'False'
[0.390s] Level 5:colcon.colcon_core.verb:set package 'perception_pkg' build argument 'cmake_clean_cache' from command line to 'False'
[0.390s] Level 5:colcon.colcon_core.verb:set package 'perception_pkg' build argument 'cmake_clean_first' from command line to 'False'
[0.390s] Level 5:colcon.colcon_core.verb:set package 'perception_pkg' build argument 'cmake_force_configure' from command line to 'False'
[0.390s] Level 5:colcon.colcon_core.verb:set package 'perception_pkg' build argument 'ament_cmake_args' from command line to 'None'
[0.390s] Level 5:colcon.colcon_core.verb:set package 'perception_pkg' build argument 'catkin_cmake_args' from command line to 'None'
[0.390s] Level 5:colcon.colcon_core.verb:set package 'perception_pkg' build argument 'catkin_skip_building_tests' from command line to 'False'
[0.390s] DEBUG:colcon.colcon_core.verb:Building package 'perception_pkg' with the following arguments: {'ament_cmake_args': None, 'build_base': '/home/bakerherrin/ROS2-Gesture-Detection/build/perception_pkg', 'catkin_cmake_args': None, 'catkin_skip_building_tests': False, 'cmake_args': None, 'cmake_clean_cache': False, 'cmake_clean_first': False, 'cmake_force_configure': False, 'cmake_target': None, 'cmake_target_skip_unavailable': False, 'install_base': '/home/bakerherrin/ROS2-Gesture-Detection/install/perception_pkg', 'merge_install': False, 'path': '/home/bakerherrin/ROS2-Gesture-Detection/src/perception_pkg', 'symlink_install': False, 'test_result_base': None}
[0.390s] Level 5:colcon.colcon_core.verb:set package 'visualization_pkg' build argument 'cmake_args' from command line to 'None'
[0.390s] Level 5:colcon.colcon_core.verb:set package 'visualization_pkg' build argument 'cmake_target' from command line to 'None'
[0.390s] Level 5:colcon.colcon_core.verb:set package 'visualization_pkg' build argument 'cmake_target_skip_unavailable' from command line to 'False'
[0.390s] Level 5:colcon.colcon_core.verb:set package 'visualization_pkg' build argument 'cmake_clean_cache' from command line to 'False'
[0.390s] Level 5:colcon.colcon_core.verb:set package 'visualization_pkg' build argument 'cmake_clean_first' from command line to 'False'
[0.391s] Level 5:colcon.colcon_core.verb:set package 'visualization_pkg' build argument 'cmake_force_configure' from command line to 'False'
[0.391s] Level 5:colcon.colcon_core.verb:set package 'visualization_pkg' build argument 'ament_cmake_args' from command line to 'None'
[0.391s] Level 5:colcon.colcon_core.verb:set package 'visualization_pkg' build argument 'catkin_cmake_args' from command line to 'None'
[0.391s] Level 5:colcon.colcon_core.verb:set package 'visualization_pkg' build argument 'catkin_skip_building_tests' from command line to 'False'
[0.391s] DEBUG:colcon.colcon_core.verb:Building package 'visualization_pkg' with the following arguments: {'ament_cmake_args': None, 'build_base': '/home/bakerherrin/ROS2-Gesture-Detection/build/visualization_pkg', 'catkin_cmake_args': None, 'catkin_skip_building_tests': False, 'cmake_args': None, 'cmake_clean_cache': False, 'cmake_clean_first': False, 'cmake_force_configure': False, 'cmake_target': None, 'cmake_target_skip_unavailable': False, 'install_base': '/home/bakerherrin/ROS2-Gesture-Detection/install/visualization_pkg', 'merge_install': False, 'path': '/home/bakerherrin/ROS2-Gesture-Detection/src/visualization_pkg', 'symlink_install': False, 'test_result_base': None}
[0.391s] INFO:colcon.colcon_core.executor:Executing jobs using 'parallel' executor
[0.393s] DEBUG:colcon.colcon_parallel_executor.executor.parallel:run_until_complete
[0.393s] INFO:colcon.colcon_core.task.python.build:Building Python package in '/home/bakerherrin/ROS2-Gesture-Detection/src/camera_pkg'
[0.395s] INFO:colcon.colcon_core.plugin_system:Skipping extension 'colcon_core.shell.bat': Not used on non-Windows systems
[0.395s] INFO:colcon.colcon_core.shell:Skip shell extension 'powershell' for command environment: Not usable outside of PowerShell
[0.395s] DEBUG:colcon.colcon_core.shell:Skip shell extension 'dsv' for command environment
[0.397s] INFO:colcon.colcon_ros.task.ament_python.build:Building ROS package in '/home/bakerherrin/ROS2-Gesture-Detection/src/perception_pkg' with build type 'ament_python'
[0.397s] Level 1:colcon.colcon_core.shell:create_environment_hook('perception_pkg', 'ament_prefix_path')
[0.398s] INFO:colcon.colcon_core.shell:Creating environment hook '/home/bakerherrin/ROS2-Gesture-Detection/install/perception_pkg/share/perception_pkg/hook/ament_prefix_path.ps1'
[0.399s] INFO:colcon.colcon_core.shell:Creating environment descriptor '/home/bakerherrin/ROS2-Gesture-Detection/install/perception_pkg/share/perception_pkg/hook/ament_prefix_path.dsv'
[0.399s] INFO:colcon.colcon_core.shell:Creating environment hook '/home/bakerherrin/ROS2-Gesture-Detection/install/perception_pkg/share/perception_pkg/hook/ament_prefix_path.sh'
[0.400s] INFO:colcon.colcon_core.shell:Skip shell extension 'powershell' for command environment: Not usable outside of PowerShell
[0.400s] DEBUG:colcon.colcon_core.shell:Skip shell extension 'dsv' for command environment
[0.402s] INFO:colcon.colcon_ros.task.ament_python.build:Building ROS package in '/home/bakerherrin/ROS2-Gesture-Detection/src/visualization_pkg' with build type 'ament_python'
[0.402s] Level 1:colcon.colcon_core.shell:create_environment_hook('visualization_pkg', 'ament_prefix_path')
[0.402s] INFO:colcon.colcon_core.shell:Creating environment hook '/home/bakerherrin/ROS2-Gesture-Detection/install/visualization_pkg/share/visualization_pkg/hook/ament_prefix_path.ps1'
[0.402s] INFO:colcon.colcon_core.shell:Creating environment descriptor '/home/bakerherrin/ROS2-Gesture-Detection/install/visualization_pkg/share/visualization_pkg/hook/ament_prefix_path.dsv'
[0.403s] INFO:colcon.colcon_core.shell:Creating environment hook '/home/bakerherrin/ROS2-Gesture-Detection/install/visualization_pkg/share/visualization_pkg/hook/ament_prefix_path.sh'
[0.403s] INFO:colcon.colcon_core.shell:Skip shell extension 'powershell' for command environment: Not usable outside of PowerShell
[0.403s] DEBUG:colcon.colcon_core.shell:Skip shell extension 'dsv' for command environment
[0.684s] INFO:colcon.colcon_core.task.python.build:Building Python package in '/home/bakerherrin/ROS2-Gesture-Detection/src/perception_pkg'
[0.685s] INFO:colcon.colcon_core.shell:Skip shell extension 'powershell' for command environment: Not usable outside of PowerShell
[0.685s] DEBUG:colcon.colcon_core.shell:Skip shell extension 'dsv' for command environment
[0.827s] INFO:colcon.colcon_core.task.python.build:Building Python package in '/home/bakerherrin/ROS2-Gesture-Detection/src/visualization_pkg'
[0.828s] INFO:colcon.colcon_core.shell:Skip shell extension 'powershell' for command environment: Not usable outside of PowerShell
[0.828s] DEBUG:colcon.colcon_core.shell:Skip shell extension 'dsv' for command environment
[0.834s] DEBUG:colcon.colcon_core.event_handler.log_command:Invoking command in '/home/bakerherrin/ROS2-Gesture-Detection/src/camera_pkg': CONDA_PROMPT_MODIFIER=(base) PYTHONPATH=/home/bakerherrin/ROS2-Gesture-Detection/build/camera_pkg/prefix_override:/home/bakerherrin/ROS2-Gesture-Detection/install/camera_pkg/lib/python3.10/site-packages:${PYTHONPATH} /usr/bin/python3 setup.py egg_info --egg-base ../../build/camera_pkg build --build-base /home/bakerherrin/ROS2-Gesture-Detection/build/camera_pkg/build install --record /home/bakerherrin/ROS2-Gesture-Detection/build/camera_pkg/install.log --single-version-externally-managed
[1.004s] DEBUG:colcon.colcon_core.event_handler.log_command:Invoked command in '/home/bakerherrin/ROS2-Gesture-Detection/src/camera_pkg' returned '0': CONDA_PROMPT_MODIFIER=(base) PYTHONPATH=/home/bakerherrin/ROS2-Gesture-Detection/build/camera_pkg/prefix_override:/home/bakerherrin/ROS2-Gesture-Detection/install/camera_pkg/lib/python3.10/site-packages:${PYTHONPATH} /usr/bin/python3 setup.py egg_info --egg-base ../../build/camera_pkg build --build-base /home/bakerherrin/ROS2-Gesture-Detection/build/camera_pkg/build install --record /home/bakerherrin/ROS2-Gesture-Detection/build/camera_pkg/install.log --single-version-externally-managed
[1.006s] Level 1:colcon.colcon_core.environment:checking '/home/bakerherrin/ROS2-Gesture-Detection/install/camera_pkg' for CMake module files
[1.007s] Level 1:colcon.colcon_core.environment:checking '/home/bakerherrin/ROS2-Gesture-Detection/install/camera_pkg' for CMake config files
[1.007s] Level 1:colcon.colcon_core.environment:checking '/home/bakerherrin/ROS2-Gesture-Detection/install/camera_pkg/lib'
[1.007s] Level 1:colcon.colcon_core.environment:checking '/home/bakerherrin/ROS2-Gesture-Detection/install/camera_pkg/bin'
[1.007s] Level 1:colcon.colcon_core.environment:checking '/home/bakerherrin/ROS2-Gesture-Detection/install/camera_pkg/lib/pkgconfig/camera_pkg.pc'
[1.007s] Level 1:colcon.colcon_core.environment:checking '/home/bakerherrin/ROS2-Gesture-Detection/install/camera_pkg/lib/python3.10/site-packages'
[1.007s] Level 1:colcon.colcon_core.shell:create_environment_hook('camera_pkg', 'pythonpath')
[1.008s] INFO:colcon.colcon_core.shell:Creating environment hook '/home/bakerherrin/ROS2-Gesture-Detection/install/camera_pkg/share/camera_pkg/hook/pythonpath.ps1'
[1.008s] INFO:colcon.colcon_core.shell:Creating environment descriptor '/home/bakerherrin/ROS2-Gesture-Detection/install/camera_pkg/share/camera_pkg/hook/pythonpath.dsv'
[1.009s] INFO:colcon.colcon_core.shell:Creating environment hook '/home/bakerherrin/ROS2-Gesture-Detection/install/camera_pkg/share/camera_pkg/hook/pythonpath.sh'
[1.009s] Level 1:colcon.colcon_core.environment:checking '/home/bakerherrin/ROS2-Gesture-Detection/install/camera_pkg/bin'
[1.009s] Level 1:colcon.colcon_core.environment:create_environment_scripts_only(camera_pkg)
[1.010s] INFO:colcon.colcon_core.shell:Creating package script '/home/bakerherrin/ROS2-Gesture-Detection/install/camera_pkg/share/camera_pkg/package.ps1'
[1.010s] INFO:colcon.colcon_core.shell:Creating package descriptor '/home/bakerherrin/ROS2-Gesture-Detection/install/camera_pkg/share/camera_pkg/package.dsv'
[1.010s] INFO:colcon.colcon_core.shell:Creating package script '/home/bakerherrin/ROS2-Gesture-Detection/install/camera_pkg/share/camera_pkg/package.sh'
[1.011s] INFO:colcon.colcon_core.shell:Creating package script '/home/bakerherrin/ROS2-Gesture-Detection/install/camera_pkg/share/camera_pkg/package.bash'
[1.011s] INFO:colcon.colcon_core.shell:Creating package script '/home/bakerherrin/ROS2-Gesture-Detection/install/camera_pkg/share/camera_pkg/package.zsh'
[1.011s] Level 1:colcon.colcon_core.environment:create_file_with_runtime_dependencies(/home/bakerherrin/ROS2-Gesture-Detection/install/camera_pkg/share/colcon-core/packages/camera_pkg)
[1.087s] DEBUG:colcon.colcon_core.event_handler.log_command:Invoking command in '/home/bakerherrin/ROS2-Gesture-Detection/build/perception_pkg': CONDA_PROMPT_MODIFIER=(base) PYTHONPATH=/home/bakerherrin/ROS2-Gesture-Detection/build/perception_pkg/prefix_override:/home/bakerherrin/ROS2-Gesture-Detection/install/perception_pkg/lib/python3.10/site-packages:${PYTHONPATH} /usr/bin/python3 setup.py develop --uninstall --editable --build-directory /home/bakerherrin/ROS2-Gesture-Detection/build/perception_pkg/build
[1.089s] DEBUG:colcon.colcon_core.event_handler.log_command:Invoking command in '/home/bakerherrin/ROS2-Gesture-Detection/src/visualization_pkg': CONDA_PROMPT_MODIFIER=(base) PYTHONPATH=/home/bakerherrin/ROS2-Gesture-Detection/build/visualization_pkg/prefix_override:/home/bakerherrin/ROS2-Gesture-Detection/install/visualization_pkg/lib/python3.10/site-packages:${PYTHONPATH} /usr/bin/python3 setup.py egg_info --egg-base ../../build/visualization_pkg build --build-base /home/bakerherrin/ROS2-Gesture-Detection/build/visualization_pkg/build install --record /home/bakerherrin/ROS2-Gesture-Detection/build/visualization_pkg/install.log --single-version-externally-managed
[1.251s] Level 1:colcon.colcon_core.environment:checking '/home/bakerherrin/ROS2-Gesture-Detection/install/visualization_pkg' for CMake module files
[1.251s] DEBUG:colcon.colcon_core.event_handler.log_command:Invoked command in '/home/bakerherrin/ROS2-Gesture-Detection/src/visualization_pkg' returned '0': CONDA_PROMPT_MODIFIER=(base) PYTHONPATH=/home/bakerherrin/ROS2-Gesture-Detection/build/visualization_pkg/prefix_override:/home/bakerherrin/ROS2-Gesture-Detection/install/visualization_pkg/lib/python3.10/site-packages:${PYTHONPATH} /usr/bin/python3 setup.py egg_info --egg-base ../../build/visualization_pkg build --build-base /home/bakerherrin/ROS2-Gesture-Detection/build/visualization_pkg/build install --record /home/bakerherrin/ROS2-Gesture-Detection/build/visualization_pkg/install.log --single-version-externally-managed
[1.251s] Level 1:colcon.colcon_core.environment:checking '/home/bakerherrin/ROS2-Gesture-Detection/install/visualization_pkg' for CMake config files
[1.252s] Level 1:colcon.colcon_core.environment:checking '/home/bakerherrin/ROS2-Gesture-Detection/install/visualization_pkg/lib'
[1.252s] Level 1:colcon.colcon_core.environment:checking '/home/bakerherrin/ROS2-Gesture-Detection/install/visualization_pkg/bin'
[1.252s] Level 1:colcon.colcon_core.environment:checking '/home/bakerherrin/ROS2-Gesture-Detection/install/visualization_pkg/lib/pkgconfig/visualization_pkg.pc'
[1.252s] Level 1:colcon.colcon_core.environment:checking '/home/bakerherrin/ROS2-Gesture-Detection/install/visualization_pkg/lib/python3.10/site-packages'
[1.252s] Level 1:colcon.colcon_core.shell:create_environment_hook('visualization_pkg', 'pythonpath')
[1.253s] INFO:colcon.colcon_core.shell:Creating environment hook '/home/bakerherrin/ROS2-Gesture-Detection/install/visualization_pkg/share/visualization_pkg/hook/pythonpath.ps1'
[1.253s] INFO:colcon.colcon_core.shell:Creating environment descriptor '/home/bakerherrin/ROS2-Gesture-Detection/install/visualization_pkg/share/visualization_pkg/hook/pythonpath.dsv'
[1.254s] INFO:colcon.colcon_core.shell:Creating environment hook '/home/bakerherrin/ROS2-Gesture-Detection/install/visualization_pkg/share/visualization_pkg/hook/pythonpath.sh'
[1.254s] Level 1:colcon.colcon_core.environment:checking '/home/bakerherrin/ROS2-Gesture-Detection/install/visualization_pkg/bin'
[1.254s] Level 1:colcon.colcon_core.environment:create_environment_scripts_only(visualization_pkg)
[1.255s] INFO:colcon.colcon_core.shell:Creating package script '/home/bakerherrin/ROS2-Gesture-Detection/install/visualization_pkg/share/visualization_pkg/package.ps1'
[1.255s] INFO:colcon.colcon_core.shell:Creating package descriptor '/home/bakerherrin/ROS2-Gesture-Detection/install/visualization_pkg/share/visualization_pkg/package.dsv'
[1.255s] INFO:colcon.colcon_core.shell:Creating package script '/home/bakerherrin/ROS2-Gesture-Detection/install/visualization_pkg/share/visualization_pkg/package.sh'
[1.255s] INFO:colcon.colcon_core.shell:Creating package script '/home/bakerherrin/ROS2-Gesture-Detection/install/visualization_pkg/share/visualization_pkg/package.bash'
[1.255s] INFO:colcon.colcon_core.shell:Creating package script '/home/bakerherrin/ROS2-Gesture-Detection/install/visualization_pkg/share/visualization_pkg/package.zsh'
[1.255s] Level 1:colcon.colcon_core.environment:create_file_with_runtime_dependencies(/home/bakerherrin/ROS2-Gesture-Detection/install/visualization_pkg/share/colcon-core/packages/visualization_pkg)
[1.344s] DEBUG:colcon.colcon_core.event_handler.log_command:Invoked command in '/home/bakerherrin/ROS2-Gesture-Detection/build/perception_pkg' returned '0': CONDA_PROMPT_MODIFIER=(base) PYTHONPATH=/home/bakerherrin/ROS2-Gesture-Detection/build/perception_pkg/prefix_override:/home/bakerherrin/ROS2-Gesture-Detection/install/perception_pkg/lib/python3.10/site-packages:${PYTHONPATH} /usr/bin/python3 setup.py develop --uninstall --editable --build-directory /home/bakerherrin/ROS2-Gesture-Detection/build/perception_pkg/build
[1.344s] DEBUG:colcon.colcon_core.event_handler.log_command:Invoking command in '/home/bakerherrin/ROS2-Gesture-Detection/src/perception_pkg': CONDA_PROMPT_MODIFIER=(base) PYTHONPATH=/home/bakerherrin/ROS2-Gesture-Detection/build/perception_pkg/prefix_override:/home/bakerherrin/ROS2-Gesture-Detection/install/perception_pkg/lib/python3.10/site-packages:${PYTHONPATH} /usr/bin/python3 setup.py egg_info --egg-base ../../build/perception_pkg build --build-base /home/bakerherrin/ROS2-Gesture-Detection/build/perception_pkg/build install --record /home/bakerherrin/ROS2-Gesture-Detection/build/perception_pkg/install.log --single-version-externally-managed
[1.498s] Level 1:colcon.colcon_core.environment:checking '/home/bakerherrin/ROS2-Gesture-Detection/install/perception_pkg' for CMake module files
[1.499s] DEBUG:colcon.colcon_core.event_handler.log_command:Invoked command in '/home/bakerherrin/ROS2-Gesture-Detection/src/perception_pkg' returned '0': CONDA_PROMPT_MODIFIER=(base) PYTHONPATH=/home/bakerherrin/ROS2-Gesture-Detection/build/perception_pkg/prefix_override:/home/bakerherrin/ROS2-Gesture-Detection/install/perception_pkg/lib/python3.10/site-packages:${PYTHONPATH} /usr/bin/python3 setup.py egg_info --egg-base ../../build/perception_pkg build --build-base /home/bakerherrin/ROS2-Gesture-Detection/build/perception_pkg/build install --record /home/bakerherrin/ROS2-Gesture-Detection/build/perception_pkg/install.log --single-version-externally-managed
[1.499s] Level 1:colcon.colcon_core.environment:checking '/home/bakerherrin/ROS2-Gesture-Detection/install/perception_pkg' for CMake config files
[1.499s] Level 1:colcon.colcon_core.environment:checking '/home/bakerherrin/ROS2-Gesture-Detection/install/perception_pkg/lib'
[1.499s] Level 1:colcon.colcon_core.environment:checking '/home/bakerherrin/ROS2-Gesture-Detection/install/perception_pkg/bin'
[1.499s] Level 1:colcon.colcon_core.environment:checking '/home/bakerherrin/ROS2-Gesture-Detection/install/perception_pkg/lib/pkgconfig/perception_pkg.pc'
[1.499s] Level 1:colcon.colcon_core.environment:checking '/home/bakerherrin/ROS2-Gesture-Detection/install/perception_pkg/lib/python3.10/site-packages'
[1.499s] Level 1:colcon.colcon_core.shell:create_environment_hook('perception_pkg', 'pythonpath')
[1.500s] INFO:colcon.colcon_core.shell:Creating environment hook '/home/bakerherrin/ROS2-Gesture-Detection/install/perception_pkg/share/perception_pkg/hook/pythonpath.ps1'
[1.500s] INFO:colcon.colcon_core.shell:Creating environment descriptor '/home/bakerherrin/ROS2-Gesture-Detection/install/perception_pkg/share/perception_pkg/hook/pythonpath.dsv'
[1.500s] INFO:colcon.colcon_core.shell:Creating environment hook '/home/bakerherrin/ROS2-Gesture-Detection/install/perception_pkg/share/perception_pkg/hook/pythonpath.sh'
[1.501s] Level 1:colcon.colcon_core.environment:checking '/home/bakerherrin/ROS2-Gesture-Detection/install/perception_pkg/bin'
[1.501s] Level 1:colcon.colcon_core.environment:create_environment_scripts_only(perception_pkg)
[1.501s] INFO:colcon.colcon_core.shell:Creating package script '/home/bakerherrin/ROS2-Gesture-Detection/install/perception_pkg/share/perception_pkg/package.ps1'
[1.502s] INFO:colcon.colcon_core.shell:Creating package descriptor '/home/bakerherrin/ROS2-Gesture-Detection/install/perception_pkg/share/perception_pkg/package.dsv'
[1.502s] INFO:colcon.colcon_core.shell:Creating package script '/home/bakerherrin/ROS2-Gesture-Detection/install/perception_pkg/share/perception_pkg/package.sh'
[1.502s] INFO:colcon.colcon_core.shell:Creating package script '/home/bakerherrin/ROS2-Gesture-Detection/install/perception_pkg/share/perception_pkg/package.bash'
[1.502s] INFO:colcon.colcon_core.shell:Creating package script '/home/bakerherrin/ROS2-Gesture-Detection/install/perception_pkg/share/perception_pkg/package.zsh'
[1.502s] Level 1:colcon.colcon_core.environment:create_file_with_runtime_dependencies(/home/bakerherrin/ROS2-Gesture-Detection/install/perception_pkg/share/colcon-core/packages/perception_pkg)
[1.502s] DEBUG:colcon.colcon_parallel_executor.executor.parallel:closing loop
[1.503s] DEBUG:colcon.colcon_parallel_executor.executor.parallel:loop closed
[1.503s] DEBUG:colcon.colcon_parallel_executor.executor.parallel:run_until_complete finished with '0'
[1.503s] DEBUG:colcon.colcon_core.event_reactor:joining thread
[1.507s] INFO:colcon.colcon_core.plugin_system:Skipping extension 'colcon_notification.desktop_notification.notify_send': Could not find 'notify-send'
[1.507s] INFO:colcon.colcon_core.plugin_system:Skipping extension 'colcon_notification.desktop_notification.terminal_notifier': Not used on non-Darwin systems
[1.507s] INFO:colcon.colcon_core.plugin_system:Skipping extension 'colcon_notification.desktop_notification.win32': Not used on non-Windows systems
[1.507s] INFO:colcon.colcon_notification.desktop_notification:Sending desktop notification using 'notify2'
[1.515s] DEBUG:colcon.colcon_core.event_reactor:joined thread
[1.516s] INFO:colcon.colcon_core.shell:Creating prefix script '/home/bakerherrin/ROS2-Gesture-Detection/install/local_setup.ps1'
[1.516s] INFO:colcon.colcon_core.shell:Creating prefix util module '/home/bakerherrin/ROS2-Gesture-Detection/install/_local_setup_util_ps1.py'
[1.517s] INFO:colcon.colcon_core.shell:Creating prefix chain script '/home/bakerherrin/ROS2-Gesture-Detection/install/setup.ps1'
[1.518s] INFO:colcon.colcon_core.shell:Creating prefix script '/home/bakerherrin/ROS2-Gesture-Detection/install/local_setup.sh'
[1.518s] INFO:colcon.colcon_core.shell:Creating prefix util module '/home/bakerherrin/ROS2-Gesture-Detection/install/_local_setup_util_sh.py'
[1.518s] INFO:colcon.colcon_core.shell:Creating prefix chain script '/home/bakerherrin/ROS2-Gesture-Detection/install/setup.sh'
[1.519s] INFO:colcon.colcon_core.shell:Creating prefix script '/home/bakerherrin/ROS2-Gesture-Detection/install/local_setup.bash'
[1.519s] INFO:colcon.colcon_core.shell:Creating prefix chain script '/home/bakerherrin/ROS2-Gesture-Detection/install/setup.bash'
[1.520s] INFO:colcon.colcon_core.shell:Creating prefix script '/home/bakerherrin/ROS2-Gesture-Detection/install/local_setup.zsh'
[1.520s] INFO:colcon.colcon_core.shell:Creating prefix chain script '/home/bakerherrin/ROS2-Gesture-Detection/install/setup.zsh'
