[0.698s] Invoking command in '/home/bakerherrin/ROS2-Gesture-Detection/build/perception_pkg': CONDA_PROMPT_MODIFIER=(base) PYTHONPATH=/home/bakerherrin/ROS2-Gesture-Detection/build/perception_pkg/prefix_override:/home/bakerherrin/ROS2-Gesture-Detection/install/perception_pkg/lib/python3.10/site-packages:${PYTHONPATH} /usr/bin/python3 setup.py develop --uninstall --editable --build-directory /home/bakerherrin/ROS2-Gesture-Detection/build/perception_pkg/build
[0.839s] running develop
[0.840s] /usr/lib/python3/dist-packages/setuptools/command/easy_install.py:158: EasyInstallDeprecationWarning: easy_install command is deprecated. Use build and pip and other standards-based tools.
[0.840s]   warnings.warn(
[0.840s] /usr/lib/python3/dist-packages/setuptools/command/install.py:34: SetuptoolsDeprecationWarning: setup.py install is deprecated. Use build and pip and other standards-based tools.
[0.840s]   warnings.warn(
[0.874s] /usr/lib/python3/dist-packages/pkg_resources/__init__.py:116: PkgResourcesDeprecationWarning: 0.1.43ubuntu1 is an invalid version and will not be supported in a future release
[0.874s]   warnings.warn(
[0.939s] Removing /home/bakerherrin/ROS2-Gesture-Detection/install/perception_pkg/lib/python3.10/site-packages/perception-pkg.egg-link (link to .)
[0.953s] Invoked command in '/home/bakerherrin/ROS2-Gesture-Detection/build/perception_pkg' returned '0': CONDA_PROMPT_MODIFIER=(base) PYTHONPATH=/home/bakerherrin/ROS2-Gesture-Detection/build/perception_pkg/prefix_override:/home/bakerherrin/ROS2-Gesture-Detection/install/perception_pkg/lib/python3.10/site-packages:${PYTHONPATH} /usr/bin/python3 setup.py develop --uninstall --editable --build-directory /home/bakerherrin/ROS2-Gesture-Detection/build/perception_pkg/build
[0.953s] Invoking command in '/home/bakerherrin/ROS2-Gesture-Detection/src/perception_pkg': CONDA_PROMPT_MODIFIER=(base) PYTHONPATH=/home/bakerherrin/ROS2-Gesture-Detection/build/perception_pkg/prefix_override:/home/bakerherrin/ROS2-Gesture-Detection/install/perception_pkg/lib/python3.10/site-packages:${PYTHONPATH} /usr/bin/python3 setup.py egg_info --egg-base ../../build/perception_pkg build --build-base /home/bakerherrin/ROS2-Gesture-Detection/build/perception_pkg/build install --record /home/bakerherrin/ROS2-Gesture-Detection/build/perception_pkg/install.log --single-version-externally-managed
[1.081s] running egg_info
[1.081s] writing ../../build/perception_pkg/perception_pkg.egg-info/PKG-INFO
[1.081s] writing dependency_links to ../../build/perception_pkg/perception_pkg.egg-info/dependency_links.txt
[1.082s] writing entry points to ../../build/perception_pkg/perception_pkg.egg-info/entry_points.txt
[1.082s] writing requirements to ../../build/perception_pkg/perception_pkg.egg-info/requires.txt
[1.082s] writing top-level names to ../../build/perception_pkg/perception_pkg.egg-info/top_level.txt
[1.083s] reading manifest file '../../build/perception_pkg/perception_pkg.egg-info/SOURCES.txt'
[1.083s] writing manifest file '../../build/perception_pkg/perception_pkg.egg-info/SOURCES.txt'
[1.083s] running build
[1.083s] running build_py
[1.083s] copying perception_pkg/gesture_test.py -> /home/bakerherrin/ROS2-Gesture-Detection/build/perception_pkg/build/lib/perception_pkg
[1.084s] copying perception_pkg/ros2node_collect.py -> /home/bakerherrin/ROS2-Gesture-Detection/build/perception_pkg/build/lib/perception_pkg
[1.084s] copying perception_pkg/perception_node.py -> /home/bakerherrin/ROS2-Gesture-Detection/build/perception_pkg/build/lib/perception_pkg
[1.084s] running install
[1.084s] running install_lib
[1.084s] /usr/lib/python3/dist-packages/setuptools/command/install.py:34: SetuptoolsDeprecationWarning: setup.py install is deprecated. Use build and pip and other standards-based tools.
[1.084s]   warnings.warn(
[1.084s] creating /home/bakerherrin/ROS2-Gesture-Detection/install/perception_pkg/lib/python3.10/site-packages/perception_pkg
[1.084s] copying /home/bakerherrin/ROS2-Gesture-Detection/build/perception_pkg/build/lib/perception_pkg/mediapipe_rov.py -> /home/bakerherrin/ROS2-Gesture-Detection/install/perception_pkg/lib/python3.10/site-packages/perception_pkg
[1.084s] copying /home/bakerherrin/ROS2-Gesture-Detection/build/perception_pkg/build/lib/perception_pkg/gesture_test.py -> /home/bakerherrin/ROS2-Gesture-Detection/install/perception_pkg/lib/python3.10/site-packages/perception_pkg
[1.084s] copying /home/bakerherrin/ROS2-Gesture-Detection/build/perception_pkg/build/lib/perception_pkg/__init__.py -> /home/bakerherrin/ROS2-Gesture-Detection/install/perception_pkg/lib/python3.10/site-packages/perception_pkg
[1.084s] copying /home/bakerherrin/ROS2-Gesture-Detection/build/perception_pkg/build/lib/perception_pkg/ros2node_collect.py -> /home/bakerherrin/ROS2-Gesture-Detection/install/perception_pkg/lib/python3.10/site-packages/perception_pkg
[1.084s] copying /home/bakerherrin/ROS2-Gesture-Detection/build/perception_pkg/build/lib/perception_pkg/perception_node.py -> /home/bakerherrin/ROS2-Gesture-Detection/install/perception_pkg/lib/python3.10/site-packages/perception_pkg
[1.085s] byte-compiling /home/bakerherrin/ROS2-Gesture-Detection/install/perception_pkg/lib/python3.10/site-packages/perception_pkg/mediapipe_rov.py to mediapipe_rov.cpython-310.pyc
[1.086s] byte-compiling /home/bakerherrin/ROS2-Gesture-Detection/install/perception_pkg/lib/python3.10/site-packages/perception_pkg/gesture_test.py to gesture_test.cpython-310.pyc
[1.087s] byte-compiling /home/bakerherrin/ROS2-Gesture-Detection/install/perception_pkg/lib/python3.10/site-packages/perception_pkg/__init__.py to __init__.cpython-310.pyc
[1.087s] byte-compiling /home/bakerherrin/ROS2-Gesture-Detection/install/perception_pkg/lib/python3.10/site-packages/perception_pkg/ros2node_collect.py to ros2node_collect.cpython-310.pyc
[1.088s] byte-compiling /home/bakerherrin/ROS2-Gesture-Detection/install/perception_pkg/lib/python3.10/site-packages/perception_pkg/perception_node.py to perception_node.cpython-310.pyc
[1.088s] running install_data
[1.088s] running install_egg_info
[1.089s] Copying ../../build/perception_pkg/perception_pkg.egg-info to /home/bakerherrin/ROS2-Gesture-Detection/install/perception_pkg/lib/python3.10/site-packages/perception_pkg-0.1.0-py3.10.egg-info
[1.089s] running install_scripts
[1.100s] Installing perception_node script to /home/bakerherrin/ROS2-Gesture-Detection/install/perception_pkg/lib/perception_pkg
[1.100s] writing list of installed files to '/home/bakerherrin/ROS2-Gesture-Detection/build/perception_pkg/install.log'
[1.115s] Invoked command in '/home/bakerherrin/ROS2-Gesture-Detection/src/perception_pkg' returned '0': CONDA_PROMPT_MODIFIER=(base) PYTHONPATH=/home/bakerherrin/ROS2-Gesture-Detection/build/perception_pkg/prefix_override:/home/bakerherrin/ROS2-Gesture-Detection/install/perception_pkg/lib/python3.10/site-packages:${PYTHONPATH} /usr/bin/python3 setup.py egg_info --egg-base ../../build/perception_pkg build --build-base /home/bakerherrin/ROS2-Gesture-Detection/build/perception_pkg/build install --record /home/bakerherrin/ROS2-Gesture-Detection/build/perception_pkg/install.log --single-version-externally-managed
