[0.697s] Invoking command in '/home/bakerherrin/ROS2-Gesture-Detection/src/perception_pkg': CONDA_PROMPT_MODIFIER=(base) PYTHONPATH=/home/bakerherrin/ROS2-Gesture-Detection/build/perception_pkg/prefix_override:/home/bakerherrin/ROS2-Gesture-Detection/install/perception_pkg/lib/python3.10/site-packages:${PYTHONPATH} /usr/bin/python3 setup.py egg_info --egg-base ../../build/perception_pkg build --build-base /home/bakerherrin/ROS2-Gesture-Detection/build/perception_pkg/build install --record /home/bakerherrin/ROS2-Gesture-Detection/build/perception_pkg/install.log --single-version-externally-managed
[0.826s] running egg_info
[0.826s] writing ../../build/perception_pkg/perception_pkg.egg-info/PKG-INFO
[0.826s] writing dependency_links to ../../build/perception_pkg/perception_pkg.egg-info/dependency_links.txt
[0.826s] writing entry points to ../../build/perception_pkg/perception_pkg.egg-info/entry_points.txt
[0.826s] writing requirements to ../../build/perception_pkg/perception_pkg.egg-info/requires.txt
[0.826s] writing top-level names to ../../build/perception_pkg/perception_pkg.egg-info/top_level.txt
[0.827s] reading manifest file '../../build/perception_pkg/perception_pkg.egg-info/SOURCES.txt'
[0.828s] writing manifest file '../../build/perception_pkg/perception_pkg.egg-info/SOURCES.txt'
[0.828s] running build
[0.828s] running build_py
[0.828s] running install
[0.828s] /usr/lib/python3/dist-packages/setuptools/command/install.py:34: SetuptoolsDeprecationWarning: setup.py install is deprecated. Use build and pip and other standards-based tools.
[0.828s]   warnings.warn(
[0.828s] running install_lib
[0.829s] running install_data
[0.829s] running install_egg_info
[0.830s] removing '/home/bakerherrin/ROS2-Gesture-Detection/install/perception_pkg/lib/python3.10/site-packages/perception_pkg-0.1.0-py3.10.egg-info' (and everything under it)
[0.830s] Copying ../../build/perception_pkg/perception_pkg.egg-info to /home/bakerherrin/ROS2-Gesture-Detection/install/perception_pkg/lib/python3.10/site-packages/perception_pkg-0.1.0-py3.10.egg-info
[0.830s] running install_scripts
[0.843s] Installing perception_node script to /home/bakerherrin/ROS2-Gesture-Detection/install/perception_pkg/lib/perception_pkg
[0.843s] writing list of installed files to '/home/bakerherrin/ROS2-Gesture-Detection/build/perception_pkg/install.log'
[0.859s] Invoked command in '/home/bakerherrin/ROS2-Gesture-Detection/src/perception_pkg' returned '0': CONDA_PROMPT_MODIFIER=(base) PYTHONPATH=/home/bakerherrin/ROS2-Gesture-Detection/build/perception_pkg/prefix_override:/home/bakerherrin/ROS2-Gesture-Detection/install/perception_pkg/lib/python3.10/site-packages:${PYTHONPATH} /usr/bin/python3 setup.py egg_info --egg-base ../../build/perception_pkg build --build-base /home/bakerherrin/ROS2-Gesture-Detection/build/perception_pkg/build install --record /home/bakerherrin/ROS2-Gesture-Detection/build/perception_pkg/install.log --single-version-externally-managed
