[0.702s] Invoking command in '/home/bakerherrin/ROS2-Gesture-Detection/src/visualization_pkg': CONDA_PROMPT_MODIFIER=(base) PYTHONPATH=/home/bakerherrin/ROS2-Gesture-Detection/src/build/visualization_pkg/prefix_override:/home/bakerherrin/ROS2-Gesture-Detection/src/install/visualization_pkg/lib/python3.10/site-packages:${PYTHONPATH} /usr/bin/python3 setup.py egg_info --egg-base ../build/visualization_pkg build --build-base /home/bakerherrin/ROS2-Gesture-Detection/src/build/visualization_pkg/build install --record /home/bakerherrin/ROS2-Gesture-Detection/src/build/visualization_pkg/install.log --single-version-externally-managed
[0.834s] running egg_info
[0.834s] creating ../build/visualization_pkg/visualization_pkg.egg-info
[0.835s] writing ../build/visualization_pkg/visualization_pkg.egg-info/PKG-INFO
[0.835s] writing dependency_links to ../build/visualization_pkg/visualization_pkg.egg-info/dependency_links.txt
[0.835s] writing entry points to ../build/visualization_pkg/visualization_pkg.egg-info/entry_points.txt
[0.835s] writing requirements to ../build/visualization_pkg/visualization_pkg.egg-info/requires.txt
[0.835s] writing top-level names to ../build/visualization_pkg/visualization_pkg.egg-info/top_level.txt
[0.835s] writing manifest file '../build/visualization_pkg/visualization_pkg.egg-info/SOURCES.txt'
[0.836s] reading manifest file '../build/visualization_pkg/visualization_pkg.egg-info/SOURCES.txt'
[0.836s] writing manifest file '../build/visualization_pkg/visualization_pkg.egg-info/SOURCES.txt'
[0.837s] running build
[0.837s] running build_py
[0.837s] creating /home/bakerherrin/ROS2-Gesture-Detection/src/build/visualization_pkg/build
[0.837s] creating /home/bakerherrin/ROS2-Gesture-Detection/src/build/visualization_pkg/build/lib
[0.837s] creating /home/bakerherrin/ROS2-Gesture-Detection/src/build/visualization_pkg/build/lib/visualization_pkg
[0.837s] copying visualization_pkg/__init__.py -> /home/bakerherrin/ROS2-Gesture-Detection/src/build/visualization_pkg/build/lib/visualization_pkg
[0.837s] copying visualization_pkg/visualization_node.py -> /home/bakerherrin/ROS2-Gesture-Detection/src/build/visualization_pkg/build/lib/visualization_pkg
[0.837s] running install
[0.838s] /usr/lib/python3/dist-packages/setuptools/command/install.py:34: SetuptoolsDeprecationWarning: setup.py install is deprecated. Use build and pip and other standards-based tools.
[0.838s]   warnings.warn(
[0.838s] running install_lib
[0.838s] creating /home/bakerherrin/ROS2-Gesture-Detection/src/install/visualization_pkg/lib/python3.10/site-packages/visualization_pkg
[0.838s] copying /home/bakerherrin/ROS2-Gesture-Detection/src/build/visualization_pkg/build/lib/visualization_pkg/__init__.py -> /home/bakerherrin/ROS2-Gesture-Detection/src/install/visualization_pkg/lib/python3.10/site-packages/visualization_pkg
[0.838s] copying /home/bakerherrin/ROS2-Gesture-Detection/src/build/visualization_pkg/build/lib/visualization_pkg/visualization_node.py -> /home/bakerherrin/ROS2-Gesture-Detection/src/install/visualization_pkg/lib/python3.10/site-packages/visualization_pkg
[0.838s] byte-compiling /home/bakerherrin/ROS2-Gesture-Detection/src/install/visualization_pkg/lib/python3.10/site-packages/visualization_pkg/__init__.py to __init__.cpython-310.pyc
[0.838s] byte-compiling /home/bakerherrin/ROS2-Gesture-Detection/src/install/visualization_pkg/lib/python3.10/site-packages/visualization_pkg/visualization_node.py to visualization_node.cpython-310.pyc
[0.839s] running install_data
[0.839s] creating /home/bakerherrin/ROS2-Gesture-Detection/src/install/visualization_pkg/share/ament_index
[0.839s] creating /home/bakerherrin/ROS2-Gesture-Detection/src/install/visualization_pkg/share/ament_index/resource_index
[0.839s] creating /home/bakerherrin/ROS2-Gesture-Detection/src/install/visualization_pkg/share/ament_index/resource_index/packages
[0.839s] copying resource/visualization_pkg -> /home/bakerherrin/ROS2-Gesture-Detection/src/install/visualization_pkg/share/ament_index/resource_index/packages
[0.839s] copying package.xml -> /home/bakerherrin/ROS2-Gesture-Detection/src/install/visualization_pkg/share/visualization_pkg
[0.839s] running install_egg_info
[0.839s] Copying ../build/visualization_pkg/visualization_pkg.egg-info to /home/bakerherrin/ROS2-Gesture-Detection/src/install/visualization_pkg/lib/python3.10/site-packages/visualization_pkg-0.1.0-py3.10.egg-info
[0.839s] running install_scripts
[0.851s] Installing visualization_node script to /home/bakerherrin/ROS2-Gesture-Detection/src/install/visualization_pkg/lib/visualization_pkg
[0.852s] writing list of installed files to '/home/bakerherrin/ROS2-Gesture-Detection/src/build/visualization_pkg/install.log'
[0.867s] Invoked command in '/home/bakerherrin/ROS2-Gesture-Detection/src/visualization_pkg' returned '0': CONDA_PROMPT_MODIFIER=(base) PYTHONPATH=/home/bakerherrin/ROS2-Gesture-Detection/src/build/visualization_pkg/prefix_override:/home/bakerherrin/ROS2-Gesture-Detection/src/install/visualization_pkg/lib/python3.10/site-packages:${PYTHONPATH} /usr/bin/python3 setup.py egg_info --egg-base ../build/visualization_pkg build --build-base /home/bakerherrin/ROS2-Gesture-Detection/src/build/visualization_pkg/build install --record /home/bakerherrin/ROS2-Gesture-Detection/src/build/visualization_pkg/install.log --single-version-externally-managed
