[0.452s] Invoking command in '/home/bakerherrin/ROS2-Gesture-Detection/src/camera_pkg': CONDA_PROMPT_MODIFIER=(base) PYTHONPATH=/home/bakerherrin/ROS2-Gesture-Detection/src/build/camera_pkg/prefix_override:/home/bakerherrin/ROS2-Gesture-Detection/src/install/camera_pkg/lib/python3.10/site-packages:${PYTHONPATH} /usr/bin/python3 setup.py egg_info --egg-base ../build/camera_pkg build --build-base /home/bakerherrin/ROS2-Gesture-Detection/src/build/camera_pkg/build install --record /home/bakerherrin/ROS2-Gesture-Detection/src/build/camera_pkg/install.log --single-version-externally-managed
[0.587s] running egg_info
[0.588s] creating ../build/camera_pkg/camera_pkg.egg-info
[0.588s] writing ../build/camera_pkg/camera_pkg.egg-info/PKG-INFO
[0.588s] writing dependency_links to ../build/camera_pkg/camera_pkg.egg-info/dependency_links.txt
[0.588s] writing entry points to ../build/camera_pkg/camera_pkg.egg-info/entry_points.txt
[0.588s] writing requirements to ../build/camera_pkg/camera_pkg.egg-info/requires.txt
[0.588s] writing top-level names to ../build/camera_pkg/camera_pkg.egg-info/top_level.txt
[0.588s] writing manifest file '../build/camera_pkg/camera_pkg.egg-info/SOURCES.txt'
[0.589s] reading manifest file '../build/camera_pkg/camera_pkg.egg-info/SOURCES.txt'
[0.589s] writing manifest file '../build/camera_pkg/camera_pkg.egg-info/SOURCES.txt'
[0.589s] running build
[0.589s] running build_py
[0.590s] creating /home/bakerherrin/ROS2-Gesture-Detection/src/build/camera_pkg/build
[0.590s] creating /home/bakerherrin/ROS2-Gesture-Detection/src/build/camera_pkg/build/lib
[0.590s] creating /home/bakerherrin/ROS2-Gesture-Detection/src/build/camera_pkg/build/lib/camera_pkg
[0.590s] copying camera_pkg/__init__.py -> /home/bakerherrin/ROS2-Gesture-Detection/src/build/camera_pkg/build/lib/camera_pkg
[0.590s] copying camera_pkg/camera_node.py -> /home/bakerherrin/ROS2-Gesture-Detection/src/build/camera_pkg/build/lib/camera_pkg
[0.590s] running install
[0.590s] /usr/lib/python3/dist-packages/setuptools/command/install.py:34: SetuptoolsDeprecationWarning: setup.py install is deprecated. Use build and pip and other standards-based tools.
[0.590s]   warnings.warn(
[0.590s] running install_lib
[0.590s] creating /home/bakerherrin/ROS2-Gesture-Detection/src/install/camera_pkg/lib/python3.10/site-packages/camera_pkg
[0.590s] copying /home/bakerherrin/ROS2-Gesture-Detection/src/build/camera_pkg/build/lib/camera_pkg/__init__.py -> /home/bakerherrin/ROS2-Gesture-Detection/src/install/camera_pkg/lib/python3.10/site-packages/camera_pkg
[0.590s] copying /home/bakerherrin/ROS2-Gesture-Detection/src/build/camera_pkg/build/lib/camera_pkg/camera_node.py -> /home/bakerherrin/ROS2-Gesture-Detection/src/install/camera_pkg/lib/python3.10/site-packages/camera_pkg
[0.591s] byte-compiling /home/bakerherrin/ROS2-Gesture-Detection/src/install/camera_pkg/lib/python3.10/site-packages/camera_pkg/__init__.py to __init__.cpython-310.pyc
[0.591s] byte-compiling /home/bakerherrin/ROS2-Gesture-Detection/src/install/camera_pkg/lib/python3.10/site-packages/camera_pkg/camera_node.py to camera_node.cpython-310.pyc
[0.591s] running install_data
[0.591s] creating /home/bakerherrin/ROS2-Gesture-Detection/src/install/camera_pkg/share
[0.592s] creating /home/bakerherrin/ROS2-Gesture-Detection/src/install/camera_pkg/share/ament_index
[0.592s] creating /home/bakerherrin/ROS2-Gesture-Detection/src/install/camera_pkg/share/ament_index/resource_index
[0.592s] creating /home/bakerherrin/ROS2-Gesture-Detection/src/install/camera_pkg/share/ament_index/resource_index/packages
[0.592s] copying resource/camera_pkg -> /home/bakerherrin/ROS2-Gesture-Detection/src/install/camera_pkg/share/ament_index/resource_index/packages
[0.592s] creating /home/bakerherrin/ROS2-Gesture-Detection/src/install/camera_pkg/share/camera_pkg
[0.592s] copying package.xml -> /home/bakerherrin/ROS2-Gesture-Detection/src/install/camera_pkg/share/camera_pkg
[0.592s] creating /home/bakerherrin/ROS2-Gesture-Detection/src/install/camera_pkg/share/camera_pkg/launch
[0.592s] copying launch/camera_perception_viz.launch.py -> /home/bakerherrin/ROS2-Gesture-Detection/src/install/camera_pkg/share/camera_pkg/launch
[0.592s] running install_egg_info
[0.593s] Copying ../build/camera_pkg/camera_pkg.egg-info to /home/bakerherrin/ROS2-Gesture-Detection/src/install/camera_pkg/lib/python3.10/site-packages/camera_pkg-0.1.0-py3.10.egg-info
[0.593s] running install_scripts
[0.605s] Installing camera_node script to /home/bakerherrin/ROS2-Gesture-Detection/src/install/camera_pkg/lib/camera_pkg
[0.605s] writing list of installed files to '/home/bakerherrin/ROS2-Gesture-Detection/src/build/camera_pkg/install.log'
[0.623s] Invoked command in '/home/bakerherrin/ROS2-Gesture-Detection/src/camera_pkg' returned '0': CONDA_PROMPT_MODIFIER=(base) PYTHONPATH=/home/bakerherrin/ROS2-Gesture-Detection/src/build/camera_pkg/prefix_override:/home/bakerherrin/ROS2-Gesture-Detection/src/install/camera_pkg/lib/python3.10/site-packages:${PYTHONPATH} /usr/bin/python3 setup.py egg_info --egg-base ../build/camera_pkg build --build-base /home/bakerherrin/ROS2-Gesture-Detection/src/build/camera_pkg/build install --record /home/bakerherrin/ROS2-Gesture-Detection/src/build/camera_pkg/install.log --single-version-externally-managed
