running egg_info
writing ../../build/perception_pkg/perception_pkg.egg-info/PKG-INFO
writing dependency_links to ../../build/perception_pkg/perception_pkg.egg-info/dependency_links.txt
writing entry points to ../../build/perception_pkg/perception_pkg.egg-info/entry_points.txt
writing requirements to ../../build/perception_pkg/perception_pkg.egg-info/requires.txt
writing top-level names to ../../build/perception_pkg/perception_pkg.egg-info/top_level.txt
reading manifest file '../../build/perception_pkg/perception_pkg.egg-info/SOURCES.txt'
writing manifest file '../../build/perception_pkg/perception_pkg.egg-info/SOURCES.txt'
running build
running build_py
/usr/lib/python3/dist-packages/setuptools/command/install.py:34: SetuptoolsDeprecationWarning: setup.py install is deprecated. Use build and pip and other standards-based tools.
  warnings.warn(
running install
running install_lib
running install_data
running install_egg_info
removing '/home/bakerherrin/ROS2-Gesture-Detection/install/perception_pkg/lib/python3.10/site-packages/perception_pkg-0.1.0-py3.10.egg-info' (and everything under it)
Copying ../../build/perception_pkg/perception_pkg.egg-info to /home/bakerherrin/ROS2-Gesture-Detection/install/perception_pkg/lib/python3.10/site-packages/perception_pkg-0.1.0-py3.10.egg-info
running install_scripts
Installing perception_node script to /home/bakerherrin/ROS2-Gesture-Detection/install/perception_pkg/lib/perception_pkg
writing list of installed files to '/home/bakerherrin/ROS2-Gesture-Detection/build/perception_pkg/install.log'
